---
source: tests/cfg.rs
expression: grafs.dotgraph()
---
digraph {
    0 [ label = "crate a 0.1.0 (path+file:///home/jake/code/krates/tests/ws/a)" ]
    1 [ label = "crate b 0.1.0 (path+file:///home/jake/code/krates/tests/ws/b)" ]
    2 [ label = "crate bitflags 1.3.2 (registry+https://github.com/rust-lang/crates.io-index)" ]
    3 [ label = "crate c 0.1.0 (path+file:///home/jake/code/krates/tests/ws/c)" ]
    4 [ label = "crate cc 1.0.73 (git+https://github.com/alexcrichton/cc-rs#53fb72c87e5769a299f1886ead831901b9c775d6)" ]
    5 [ label = "crate cc 1.0.73 (registry+https://github.com/rust-lang/crates.io-index)" ]
    6 [ label = "crate cfg-if 0.1.10 (registry+https://github.com/rust-lang/crates.io-index)" ]
    7 [ label = "crate difference 2.0.0 (registry+https://github.com/rust-lang/crates.io-index)" ]
    8 [ label = "crate lazy_static 1.4.0 (registry+https://github.com/rust-lang/crates.io-index)" ]
    9 [ label = "crate leftpad 0.2.0 (registry+https://github.com/rust-lang/crates.io-index)" ]
    10 [ label = "crate libc 0.2.133 (registry+https://github.com/rust-lang/crates.io-index)" ]
    11 [ label = "crate nix 0.16.1 (registry+https://github.com/rust-lang/crates.io-index)" ]
    12 [ label = "crate once_cell 1.15.0 (registry+https://github.com/rust-lang/crates.io-index)" ]
    13 [ label = "crate ring 0.16.20 (registry+https://github.com/rust-lang/crates.io-index)" ]
    14 [ label = "crate spin 0.5.2 (registry+https://github.com/rust-lang/crates.io-index)" ]
    15 [ label = "crate untrusted 0.7.1 (registry+https://github.com/rust-lang/crates.io-index)" ]
    16 [ label = "crate void 1.0.2 (registry+https://github.com/rust-lang/crates.io-index)" ]
    17 [ label = "feature default" ]
    18 [ label = "feature default" ]
    19 [ label = "feature default" ]
    20 [ label = "feature default" ]
    21 [ label = "feature extra_traits" ]
    22 [ label = "feature default" ]
    23 [ label = "feature default" ]
    24 [ label = "feature std" ]
    25 [ label = "feature leftpad" ]
    26 [ label = "feature leftier-strings" ]
    27 [ label = "feature lazy_static" ]
    28 [ label = "feature std" ]
    29 [ label = "feature alloc" ]
    30 [ label = "feature race" ]
    31 [ label = "feature once_cell" ]
    32 [ label = "feature dev_urandom_fallback" ]
    33 [ label = "feature alloc" ]
    34 [ label = "feature std" ]
    0 -> 1 [ label = "" ]
    0 -> 17 [ label = "(dev)" ]
    0 -> 17 [ label = "(build) 'cfg(target_os = \"linux\")'" ]
    1 -> 17 [ label = "" ]
    1 -> 18 [ label = "(dev) 'cfg(target_arch = \"x86_64\")'" ]
    3 -> 4 [ label = "(build)" ]
    3 -> 19 [ label = "(dev)" ]
    3 -> 8 [ label = " 'cfg(any(target_os = \"android\", target_os = \"freebsd\", target_os = \"linux\", target_os = \"netbsd\", target_os = \"openbsd\", target_os = \"solaris\"))'" ]
    3 -> 9 [ label = "" ]
    3 -> 10 [ label = " 'cfg(any(target_os = \"android\", target_os = \"linux\"))'" ]
    3 -> 11 [ label = " 'x86_64-unknown-linux-gnu'" ]
    3 -> 14 [ label = " 'cfg(all(any(target_arch = \"aarch64\", target_arch = \"arm\", target_arch = \"x86\", target_arch = \"x86_64\"), not(target_os = \"ios\")))'" ]
    11 -> 20 [ label = "" ]
    11 -> 6 [ label = "" ]
    11 -> 21 [ label = "" ]
    11 -> 22 [ label = "" ]
    11 -> 23 [ label = "" ]
    13 -> 5 [ label = "(build)" ]
    13 -> 10 [ label = " 'cfg(any(target_os = \"android\", target_os = \"linux\"))'" ]
    13 -> 24 [ label = " 'cfg(any(target_os = \"android\", target_os = \"linux\"))'" ]
    13 -> 14 [ label = " 'cfg(any(target_arch = \"x86\", target_arch = \"x86_64\", all(any(target_arch = \"aarch64\", target_arch = \"arm\"), any(target_os = \"android\", target_os = \"fuchsia\", target_os = \"linux\"))))'" ]
    13 -> 15 [ label = "" ]
    20 -> 2 [ label = "" ]
    25 -> 3 [ label = "" ]
    25 -> 9 [ label = "" ]
    26 -> 3 [ label = "" ]
    26 -> 25 [ label = "" ]
    27 -> 3 [ label = "" ]
    27 -> 8 [ label = "" ]
    17 -> 3 [ label = "" ]
    17 -> 25 [ label = "" ]
    19 -> 7 [ label = "" ]
    28 -> 10 [ label = "" ]
    21 -> 10 [ label = "" ]
    22 -> 10 [ label = "" ]
    22 -> 28 [ label = "" ]
    24 -> 12 [ label = "" ]
    24 -> 29 [ label = "" ]
    30 -> 12 [ label = "" ]
    29 -> 12 [ label = "" ]
    29 -> 30 [ label = "" ]
    31 -> 13 [ label = "" ]
    31 -> 12 [ label = "" ]
    32 -> 13 [ label = "" ]
    32 -> 31 [ label = "" ]
    18 -> 13 [ label = "" ]
    18 -> 33 [ label = "" ]
    18 -> 32 [ label = "" ]
    33 -> 13 [ label = "" ]
    34 -> 16 [ label = "" ]
    23 -> 16 [ label = "" ]
    23 -> 34 [ label = "" ]
}

