---
source: tests/cfg.rs
expression: grafs.dotgraph()
---
digraph {
    0 [ label = "crate a 0.1.0 path+file:///krates/tests/ws/a" ]
    1 [ label = "crate aho-corasick 0.7.6" ]
    2 [ label = "crate b 0.1.0 path+file:///krates/tests/ws/b" ]
    3 [ label = "crate bindgen 0.51.1" ]
    4 [ label = "crate bitflags 1.2.1" ]
    5 [ label = "crate byteorder 1.3.2" ]
    6 [ label = "crate c 0.1.0 path+file:///krates/tests/ws/c" ]
    7 [ label = "crate cc 1.0.50" ]
    8 [ label = "crate cc 1.0.84 git+https://github.com/alexcrichton/cc-rs?branch=main" ]
    9 [ label = "crate cc 1.0.84 git+https://github.com/alexcrichton/cc-rs?rev=34d4ce4" ]
    10 [ label = "crate cexpr 0.3.6" ]
    11 [ label = "crate cfg-if 0.1.10" ]
    12 [ label = "crate clang-sys 0.28.1" ]
    13 [ label = "crate coreaudio-rs 0.9.1" ]
    14 [ label = "crate coreaudio-sys 0.2.3" ]
    15 [ label = "crate difference 2.0.0" ]
    16 [ label = "crate glob 0.3.0" ]
    17 [ label = "crate lazy_static 1.4.0" ]
    18 [ label = "crate leftpad 0.2.0" ]
    19 [ label = "crate libc 0.2.66" ]
    20 [ label = "crate libloading 0.5.2" ]
    21 [ label = "crate memchr 2.2.1" ]
    22 [ label = "crate nix 0.16.1" ]
    23 [ label = "crate nom 4.2.3" ]
    24 [ label = "crate peeking_take_while 0.1.2" ]
    25 [ label = "crate proc-macro2 1.0.7" ]
    26 [ label = "crate quote 1.0.2" ]
    27 [ label = "crate regex 1.3.3" ]
    28 [ label = "crate regex-syntax 0.6.13" ]
    29 [ label = "crate ring 0.16.9" ]
    30 [ label = "crate rustc-hash 1.0.1" ]
    31 [ label = "crate shlex 0.1.1" ]
    32 [ label = "crate spin 0.5.2" ]
    33 [ label = "crate thread_local 1.0.0" ]
    34 [ label = "crate unicode-xid 0.2.0" ]
    35 [ label = "crate untrusted 0.7.0" ]
    36 [ label = "crate version_check 0.1.5" ]
    37 [ label = "crate void 1.0.2" ]
    38 [ label = "crate winapi 0.2.8" ]
    39 [ label = "crate winapi 0.3.8" ]
    40 [ label = "crate winapi-i686-pc-windows-gnu 0.4.0" ]
    41 [ label = "crate winapi-x86_64-pc-windows-gnu 0.4.0" ]
    42 [ label = "feature default" ]
    43 [ label = "feature use_std" ]
    44 [ label = "feature default" ]
    45 [ label = "feature default" ]
    46 [ label = "feature runtime" ]
    47 [ label = "feature clang_6_0" ]
    48 [ label = "feature default" ]
    49 [ label = "feature default" ]
    50 [ label = "feature default" ]
    51 [ label = "feature verbose-errors" ]
    52 [ label = "feature default" ]
    53 [ label = "feature audio_toolbox" ]
    54 [ label = "feature audio_unit" ]
    55 [ label = "feature core_audio" ]
    56 [ label = "feature core_midi" ]
    57 [ label = "feature open_al" ]
    58 [ label = "feature winerror" ]
    59 [ label = "feature errhandlingapi" ]
    60 [ label = "feature libloaderapi" ]
    61 [ label = "feature extra_traits" ]
    62 [ label = "feature default" ]
    63 [ label = "feature default" ]
    64 [ label = "feature default" ]
    65 [ label = "feature default" ]
    66 [ label = "feature default" ]
    67 [ label = "feature unicode-age" ]
    68 [ label = "feature unicode-bool" ]
    69 [ label = "feature unicode-case" ]
    70 [ label = "feature unicode-gencat" ]
    71 [ label = "feature unicode-perl" ]
    72 [ label = "feature unicode-script" ]
    73 [ label = "feature unicode-segment" ]
    74 [ label = "feature ntsecapi" ]
    75 [ label = "feature wtypesbase" ]
    76 [ label = "feature default" ]
    77 [ label = "feature std" ]
    78 [ label = "feature std" ]
    79 [ label = "feature leftpad" ]
    80 [ label = "feature leftier-strings" ]
    81 [ label = "feature lazy_static" ]
    82 [ label = "feature libloading" ]
    83 [ label = "feature gte_clang_6_0" ]
    84 [ label = "feature gte_clang_5_0" ]
    85 [ label = "feature gte_clang_4_0" ]
    86 [ label = "feature gte_clang_3_9" ]
    87 [ label = "feature gte_clang_3_8" ]
    88 [ label = "feature gte_clang_3_7" ]
    89 [ label = "feature gte_clang_3_6" ]
    90 [ label = "feature open_al" ]
    91 [ label = "feature audio_toolbox" ]
    92 [ label = "feature audio_unit" ]
    93 [ label = "feature core_audio" ]
    94 [ label = "feature core_midi" ]
    95 [ label = "feature std" ]
    96 [ label = "feature alloc" ]
    97 [ label = "feature std" ]
    98 [ label = "feature unicode-segment" ]
    99 [ label = "feature unicode-script" ]
    100 [ label = "feature unicode-perl" ]
    101 [ label = "feature unicode-gencat" ]
    102 [ label = "feature unicode-case" ]
    103 [ label = "feature unicode-bool" ]
    104 [ label = "feature unicode-age" ]
    105 [ label = "feature unicode" ]
    106 [ label = "feature thread_local" ]
    107 [ label = "feature std" ]
    108 [ label = "feature perf-literal" ]
    109 [ label = "feature aho-corasick" ]
    110 [ label = "feature memchr" ]
    111 [ label = "feature perf-inline" ]
    112 [ label = "feature perf-dfa" ]
    113 [ label = "feature perf-cache" ]
    114 [ label = "feature perf" ]
    115 [ label = "feature lazy_static" ]
    116 [ label = "feature dev_urandom_fallback" ]
    117 [ label = "feature alloc" ]
    118 [ label = "feature std" ]
    0 -> 2 [ label = "" ]
    0 -> 42 [ label = "(dev)" ]
    0 -> 42 [ label = "(build) 'cfg(target_os = \"linux\")'" ]
    1 -> 21 [ label = "" ]
    1 -> 43 [ label = "" ]
    2 -> 42 [ label = "" ]
    2 -> 9 [ label = "(build)" ]
    2 -> 44 [ label = "(dev) 'cfg(target_arch = \"x86_64\")'" ]
    3 -> 45 [ label = "" ]
    3 -> 10 [ label = "" ]
    3 -> 11 [ label = "" ]
    3 -> 46 [ label = "" ]
    3 -> 47 [ label = "" ]
    3 -> 17 [ label = "" ]
    3 -> 24 [ label = "" ]
    3 -> 25 [ label = "" ]
    3 -> 26 [ label = "" ]
    3 -> 48 [ label = "" ]
    3 -> 30 [ label = "" ]
    3 -> 31 [ label = "" ]
    6 -> 8 [ label = "(build)" ]
    6 -> 49 [ label = " 'x86_64-apple-darwin'" ]
    6 -> 50 [ label = "(dev)" ]
    6 -> 17 [ label = " 'cfg(any(target_os = \"android\", target_os = \"freebsd\", target_os = \"linux\", target_os = \"netbsd\", target_os = \"openbsd\", target_os = \"solaris\"))'" ]
    6 -> 18 [ label = "" ]
    6 -> 19 [ label = " 'cfg(any(target_os = \"android\", target_os = \"linux\"))'" ]
    6 -> 22 [ label = " 'x86_64-unknown-linux-gnu'" ]
    6 -> 32 [ label = " 'cfg(all(any(target_arch = \"aarch64\", target_arch = \"arm\", target_arch = \"x86\", target_arch = \"x86_64\"), not(target_os = \"ios\")))'" ]
    6 -> 38 [ label = " 'cfg(target_os = \"windows\")'" ]
    8 -> 19 [ label = " 'cfg(unix)'" ]
    9 -> 19 [ label = " 'cfg(unix)'" ]
    10 -> 51 [ label = "" ]
    10 -> 52 [ label = "" ]
    12 -> 16 [ label = "" ]
    12 -> 16 [ label = "(build)" ]
    12 -> 19 [ label = "" ]
    12 -> 20 [ label = "" ]
    13 -> 45 [ label = "" ]
    13 -> 14 [ label = "" ]
    13 -> 53 [ label = "" ]
    13 -> 54 [ label = "" ]
    13 -> 55 [ label = "" ]
    13 -> 56 [ label = "" ]
    13 -> 57 [ label = "" ]
    14 -> 3 [ label = "(build)" ]
    20 -> 7 [ label = "(build)" ]
    20 -> 58 [ label = " 'cfg(windows)'" ]
    20 -> 59 [ label = " 'cfg(windows)'" ]
    20 -> 60 [ label = " 'cfg(windows)'" ]
    22 -> 45 [ label = "" ]
    22 -> 11 [ label = "" ]
    22 -> 61 [ label = "" ]
    22 -> 62 [ label = "" ]
    22 -> 63 [ label = "" ]
    23 -> 21 [ label = "" ]
    23 -> 43 [ label = "" ]
    23 -> 36 [ label = "(build)" ]
    25 -> 64 [ label = "" ]
    26 -> 25 [ label = "" ]
    27 -> 65 [ label = "" ]
    27 -> 66 [ label = "" ]
    27 -> 28 [ label = "" ]
    27 -> 67 [ label = "" ]
    27 -> 68 [ label = "" ]
    27 -> 69 [ label = "" ]
    27 -> 70 [ label = "" ]
    27 -> 71 [ label = "" ]
    27 -> 72 [ label = "" ]
    27 -> 73 [ label = "" ]
    27 -> 33 [ label = "" ]
    29 -> 7 [ label = "(build)" ]
    29 -> 17 [ label = " 'cfg(any(target_os = \"android\", target_os = \"freebsd\", target_os = \"linux\", target_os = \"netbsd\", target_os = \"openbsd\", target_os = \"solaris\"))'" ]
    29 -> 19 [ label = " 'cfg(any(target_os = \"android\", target_os = \"linux\"))'" ]
    29 -> 32 [ label = " 'cfg(all(any(target_arch = \"aarch64\", target_arch = \"arm\", target_arch = \"x86\", target_arch = \"x86_64\"), not(target_os = \"ios\")))'" ]
    29 -> 35 [ label = "" ]
    29 -> 74 [ label = " 'cfg(target_os = \"windows\")'" ]
    29 -> 75 [ label = " 'cfg(target_os = \"windows\")'" ]
    30 -> 76 [ label = "" ]
    33 -> 17 [ label = "" ]
    39 -> 40 [ label = " 'i686-pc-windows-gnu'" ]
    39 -> 41 [ label = " 'x86_64-pc-windows-gnu'" ]
    77 -> 1 [ label = "" ]
    77 -> 43 [ label = "" ]
    65 -> 1 [ label = "" ]
    65 -> 77 [ label = "" ]
    45 -> 4 [ label = "" ]
    78 -> 5 [ label = "" ]
    76 -> 5 [ label = "" ]
    76 -> 78 [ label = "" ]
    79 -> 6 [ label = "" ]
    79 -> 18 [ label = "" ]
    80 -> 6 [ label = "" ]
    80 -> 79 [ label = "" ]
    81 -> 6 [ label = "" ]
    81 -> 17 [ label = "" ]
    42 -> 6 [ label = "" ]
    42 -> 79 [ label = "" ]
    46 -> 12 [ label = "" ]
    46 -> 82 [ label = "" ]
    82 -> 12 [ label = "" ]
    82 -> 20 [ label = "" ]
    83 -> 12 [ label = "" ]
    84 -> 12 [ label = "" ]
    85 -> 12 [ label = "" ]
    86 -> 12 [ label = "" ]
    87 -> 12 [ label = "" ]
    88 -> 12 [ label = "" ]
    89 -> 12 [ label = "" ]
    47 -> 12 [ label = "" ]
    47 -> 89 [ label = "" ]
    47 -> 88 [ label = "" ]
    47 -> 87 [ label = "" ]
    47 -> 86 [ label = "" ]
    47 -> 85 [ label = "" ]
    47 -> 84 [ label = "" ]
    47 -> 83 [ label = "" ]
    90 -> 13 [ label = "" ]
    90 -> 57 [ label = "" ]
    49 -> 13 [ label = "" ]
    49 -> 91 [ label = "" ]
    49 -> 92 [ label = "" ]
    49 -> 93 [ label = "" ]
    49 -> 90 [ label = "" ]
    49 -> 94 [ label = "" ]
    94 -> 13 [ label = "" ]
    94 -> 56 [ label = "" ]
    93 -> 13 [ label = "" ]
    93 -> 55 [ label = "" ]
    92 -> 13 [ label = "" ]
    92 -> 54 [ label = "" ]
    91 -> 13 [ label = "" ]
    91 -> 53 [ label = "" ]
    57 -> 14 [ label = "" ]
    56 -> 14 [ label = "" ]
    55 -> 14 [ label = "" ]
    54 -> 14 [ label = "" ]
    53 -> 14 [ label = "" ]
    50 -> 15 [ label = "" ]
    95 -> 19 [ label = "" ]
    61 -> 19 [ label = "" ]
    62 -> 19 [ label = "" ]
    62 -> 95 [ label = "" ]
    43 -> 21 [ label = "" ]
    66 -> 21 [ label = "" ]
    66 -> 43 [ label = "" ]
    51 -> 23 [ label = "" ]
    51 -> 96 [ label = "" ]
    97 -> 23 [ label = "" ]
    97 -> 96 [ label = "" ]
    97 -> 43 [ label = "" ]
    52 -> 23 [ label = "" ]
    52 -> 97 [ label = "" ]
    96 -> 23 [ label = "" ]
    98 -> 27 [ label = "" ]
    98 -> 73 [ label = "" ]
    99 -> 27 [ label = "" ]
    99 -> 72 [ label = "" ]
    100 -> 27 [ label = "" ]
    100 -> 71 [ label = "" ]
    101 -> 27 [ label = "" ]
    101 -> 70 [ label = "" ]
    102 -> 27 [ label = "" ]
    102 -> 69 [ label = "" ]
    103 -> 27 [ label = "" ]
    103 -> 68 [ label = "" ]
    104 -> 27 [ label = "" ]
    104 -> 67 [ label = "" ]
    105 -> 27 [ label = "" ]
    105 -> 104 [ label = "" ]
    105 -> 103 [ label = "" ]
    105 -> 102 [ label = "" ]
    105 -> 101 [ label = "" ]
    105 -> 100 [ label = "" ]
    105 -> 99 [ label = "" ]
    105 -> 98 [ label = "" ]
    106 -> 27 [ label = "" ]
    106 -> 33 [ label = "" ]
    107 -> 27 [ label = "" ]
    108 -> 27 [ label = "" ]
    108 -> 109 [ label = "" ]
    108 -> 110 [ label = "" ]
    111 -> 27 [ label = "" ]
    112 -> 27 [ label = "" ]
    113 -> 27 [ label = "" ]
    113 -> 106 [ label = "" ]
    114 -> 27 [ label = "" ]
    114 -> 113 [ label = "" ]
    114 -> 112 [ label = "" ]
    114 -> 111 [ label = "" ]
    114 -> 108 [ label = "" ]
    110 -> 27 [ label = "" ]
    110 -> 21 [ label = "" ]
    48 -> 27 [ label = "" ]
    48 -> 107 [ label = "" ]
    48 -> 114 [ label = "" ]
    48 -> 105 [ label = "" ]
    109 -> 27 [ label = "" ]
    109 -> 1 [ label = "" ]
    73 -> 28 [ label = "" ]
    72 -> 28 [ label = "" ]
    71 -> 28 [ label = "" ]
    70 -> 28 [ label = "" ]
    69 -> 28 [ label = "" ]
    68 -> 28 [ label = "" ]
    67 -> 28 [ label = "" ]
    115 -> 29 [ label = "" ]
    115 -> 17 [ label = "" ]
    116 -> 29 [ label = "" ]
    116 -> 115 [ label = "" ]
    44 -> 29 [ label = "" ]
    44 -> 117 [ label = "" ]
    44 -> 116 [ label = "" ]
    117 -> 29 [ label = "" ]
    64 -> 34 [ label = "" ]
    118 -> 37 [ label = "" ]
    63 -> 37 [ label = "" ]
    63 -> 118 [ label = "" ]
    75 -> 39 [ label = "" ]
    58 -> 39 [ label = "" ]
    74 -> 39 [ label = "" ]
    60 -> 39 [ label = "" ]
    59 -> 39 [ label = "" ]
}

