---
source: tests/cfg.rs
expression: grafs.dotgraph()
---
digraph {
    0 [ label = "crate a 0.1.0 path+file:///krates/tests/ws/a" ]
    1 [ label = "crate anyhow 1.0.26" ]
    2 [ label = "crate b 0.1.0 path+file:///krates/tests/ws/b" ]
    3 [ label = "crate bumpalo 3.1.2" ]
    4 [ label = "crate c 0.1.0 path+file:///krates/tests/ws/c" ]
    5 [ label = "crate cc 1.0.84 git+https://github.com/alexcrichton/cc-rs?branch=main" ]
    6 [ label = "crate cc 1.0.84 git+https://github.com/alexcrichton/cc-rs?rev=34d4ce4" ]
    7 [ label = "crate cfg-if 0.1.10" ]
    8 [ label = "crate difference 2.0.0" ]
    9 [ label = "crate heck 0.3.1" ]
    10 [ label = "crate js-sys 0.3.35" ]
    11 [ label = "crate lazy_static 1.4.0" ]
    12 [ label = "crate leftpad 0.2.0" ]
    13 [ label = "crate log 0.4.8" ]
    14 [ label = "crate memchr 2.2.1" ]
    15 [ label = "crate nom 4.2.3" ]
    16 [ label = "crate proc-macro2 1.0.7" ]
    17 [ label = "crate quote 1.0.2" ]
    18 [ label = "crate sourcefile 0.1.4" ]
    19 [ label = "crate syn 1.0.13" ]
    20 [ label = "crate unicode-segmentation 1.6.0" ]
    21 [ label = "crate unicode-xid 0.2.0" ]
    22 [ label = "crate version_check 0.1.5" ]
    23 [ label = "crate wasm-bindgen 0.2.58" ]
    24 [ label = "crate wasm-bindgen-backend 0.2.58" ]
    25 [ label = "crate wasm-bindgen-macro 0.2.58" ]
    26 [ label = "crate wasm-bindgen-macro-support 0.2.58" ]
    27 [ label = "crate wasm-bindgen-shared 0.2.58" ]
    28 [ label = "crate wasm-bindgen-webidl 0.2.58" ]
    29 [ label = "crate web-sys 0.3.35" ]
    30 [ label = "crate weedle 0.10.0" ]
    31 [ label = "feature default" ]
    32 [ label = "feature default" ]
    33 [ label = "feature Crypto" ]
    34 [ label = "feature Window" ]
    35 [ label = "feature default" ]
    36 [ label = "feature use_std" ]
    37 [ label = "feature default" ]
    38 [ label = "feature proc-macro" ]
    39 [ label = "feature proc-macro" ]
    40 [ label = "feature spans" ]
    41 [ label = "feature default" ]
    42 [ label = "feature default" ]
    43 [ label = "feature default" ]
    44 [ label = "feature full" ]
    45 [ label = "feature default" ]
    46 [ label = "feature spans" ]
    47 [ label = "feature visit" ]
    48 [ label = "feature spans" ]
    49 [ label = "feature default" ]
    50 [ label = "feature default" ]
    51 [ label = "feature std" ]
    52 [ label = "feature leftpad" ]
    53 [ label = "feature leftier-strings" ]
    54 [ label = "feature lazy_static" ]
    55 [ label = "feature std" ]
    56 [ label = "feature alloc" ]
    57 [ label = "feature quote" ]
    58 [ label = "feature proc-macro" ]
    59 [ label = "feature printing" ]
    60 [ label = "feature parsing" ]
    61 [ label = "feature derive" ]
    62 [ label = "feature clone-impls" ]
    63 [ label = "feature std" ]
    64 [ label = "feature spans" ]
    0 -> 2 [ label = "" ]
    0 -> 31 [ label = "(dev)" ]
    2 -> 31 [ label = "" ]
    2 -> 6 [ label = "(build)" ]
    4 -> 5 [ label = "(build)" ]
    4 -> 32 [ label = "(dev)" ]
    4 -> 12 [ label = "" ]
    4 -> 33 [ label = " 'cfg(all(target_arch = \"wasm32\", target_vendor = \"unknown\", target_os = \"unknown\", target_env = \"\"))'" ]
    4 -> 34 [ label = " 'cfg(all(target_arch = \"wasm32\", target_vendor = \"unknown\", target_os = \"unknown\", target_env = \"\"))'" ]
    9 -> 20 [ label = "" ]
    10 -> 35 [ label = "" ]
    13 -> 7 [ label = "" ]
    15 -> 14 [ label = "" ]
    15 -> 36 [ label = "" ]
    15 -> 22 [ label = "(build)" ]
    16 -> 37 [ label = "" ]
    17 -> 16 [ label = "" ]
    17 -> 38 [ label = "" ]
    19 -> 16 [ label = "" ]
    19 -> 38 [ label = "" ]
    19 -> 17 [ label = "" ]
    19 -> 39 [ label = "" ]
    19 -> 37 [ label = "" ]
    23 -> 7 [ label = "" ]
    23 -> 25 [ label = "" ]
    23 -> 40 [ label = "" ]
    24 -> 41 [ label = "" ]
    24 -> 11 [ label = "" ]
    24 -> 13 [ label = "" ]
    24 -> 42 [ label = "" ]
    24 -> 43 [ label = "" ]
    24 -> 44 [ label = "" ]
    24 -> 45 [ label = "" ]
    24 -> 27 [ label = "" ]
    25 -> 43 [ label = "" ]
    25 -> 26 [ label = "" ]
    25 -> 46 [ label = "" ]
    26 -> 42 [ label = "" ]
    26 -> 43 [ label = "" ]
    26 -> 47 [ label = "" ]
    26 -> 45 [ label = "" ]
    26 -> 24 [ label = "" ]
    26 -> 48 [ label = "" ]
    26 -> 27 [ label = "" ]
    28 -> 49 [ label = "" ]
    28 -> 9 [ label = "" ]
    28 -> 13 [ label = "" ]
    28 -> 42 [ label = "" ]
    28 -> 43 [ label = "" ]
    28 -> 44 [ label = "" ]
    28 -> 45 [ label = "" ]
    28 -> 24 [ label = "" ]
    28 -> 30 [ label = "" ]
    29 -> 49 [ label = "(build)" ]
    29 -> 10 [ label = "" ]
    29 -> 18 [ label = "(build)" ]
    29 -> 35 [ label = "" ]
    29 -> 28 [ label = "(build)" ]
    30 -> 50 [ label = "" ]
    51 -> 1 [ label = "" ]
    49 -> 1 [ label = "" ]
    49 -> 51 [ label = "" ]
    41 -> 3 [ label = "" ]
    52 -> 4 [ label = "" ]
    52 -> 12 [ label = "" ]
    53 -> 4 [ label = "" ]
    53 -> 52 [ label = "" ]
    54 -> 4 [ label = "" ]
    54 -> 11 [ label = "" ]
    31 -> 4 [ label = "" ]
    31 -> 52 [ label = "" ]
    32 -> 8 [ label = "" ]
    36 -> 14 [ label = "" ]
    55 -> 15 [ label = "" ]
    55 -> 56 [ label = "" ]
    55 -> 36 [ label = "" ]
    50 -> 15 [ label = "" ]
    50 -> 55 [ label = "" ]
    56 -> 15 [ label = "" ]
    38 -> 16 [ label = "" ]
    42 -> 16 [ label = "" ]
    42 -> 38 [ label = "" ]
    39 -> 17 [ label = "" ]
    39 -> 38 [ label = "" ]
    43 -> 17 [ label = "" ]
    43 -> 39 [ label = "" ]
    47 -> 19 [ label = "" ]
    57 -> 19 [ label = "" ]
    57 -> 17 [ label = "" ]
    58 -> 19 [ label = "" ]
    58 -> 38 [ label = "" ]
    58 -> 39 [ label = "" ]
    59 -> 19 [ label = "" ]
    59 -> 57 [ label = "" ]
    60 -> 19 [ label = "" ]
    44 -> 19 [ label = "" ]
    61 -> 19 [ label = "" ]
    45 -> 19 [ label = "" ]
    45 -> 61 [ label = "" ]
    45 -> 60 [ label = "" ]
    45 -> 59 [ label = "" ]
    45 -> 62 [ label = "" ]
    45 -> 58 [ label = "" ]
    62 -> 19 [ label = "" ]
    37 -> 21 [ label = "" ]
    63 -> 23 [ label = "" ]
    64 -> 23 [ label = "" ]
    64 -> 40 [ label = "" ]
    35 -> 23 [ label = "" ]
    35 -> 64 [ label = "" ]
    35 -> 63 [ label = "" ]
    48 -> 24 [ label = "" ]
    40 -> 25 [ label = "" ]
    40 -> 46 [ label = "" ]
    46 -> 26 [ label = "" ]
    46 -> 48 [ label = "" ]
    34 -> 29 [ label = "" ]
    33 -> 29 [ label = "" ]
}

