---
source: tests/features.rs
expression: dotgraph
---
digraph {
    0 [ label = "crate addr2line 0.21.0" ]
    1 [ label = "crate adler 1.0.2" ]
    2 [ label = "crate ahash 0.3.8" ]
    3 [ label = "crate ahash 0.7.7" ]
    4 [ label = "crate aho-corasick 1.1.2" ]
    5 [ label = "crate alga 0.9.3" ]
    6 [ label = "crate alga_derive 0.9.2" ]
    7 [ label = "crate amethyst_core 0.10.1 git+https://gitlab.com/amethyst-engine/amethyst?rev=0c2da617" ]
    8 [ label = "crate amethyst_error 0.5.1 git+https://gitlab.com/amethyst-engine/amethyst?rev=0c2da617" ]
    9 [ label = "crate approx 0.3.2" ]
    10 [ label = "crate approx 0.4.0" ]
    11 [ label = "crate arrayref 0.3.7" ]
    12 [ label = "crate arrayvec 0.5.2" ]
    13 [ label = "crate async-trait 0.1.77" ]
    14 [ label = "crate autocfg 1.1.0" ]
    15 [ label = "crate backtrace 0.3.69" ]
    16 [ label = "crate base64 0.13.1" ]
    17 [ label = "crate bitflags 1.3.2" ]
    18 [ label = "crate block-buffer 0.10.4" ]
    19 [ label = "crate block-buffer 0.3.3" ]
    20 [ label = "crate byte-tools 0.2.0" ]
    21 [ label = "crate bytes 1.6.0" ]
    22 [ label = "crate camino 1.1.6" ]
    23 [ label = "crate cargo-platform 0.1.8" ]
    24 [ label = "crate cargo_metadata 0.15.4" ]
    25 [ label = "crate cargo_metadata 0.17.0" ]
    26 [ label = "crate cauchy 0.4.0" ]
    27 [ label = "crate cblas-sys 0.1.4" ]
    28 [ label = "crate cc 1.0.83" ]
    29 [ label = "crate cfg-expr 0.11.0" ]
    30 [ label = "crate cfg-expr 0.15.7" ]
    31 [ label = "crate cfg-if 0.1.10" ]
    32 [ label = "crate cfg-if 1.0.0" ]
    33 [ label = "crate cmake 0.1.50" ]
    34 [ label = "crate config 0.13.4" ]
    35 [ label = "crate cpufeatures 0.2.12" ]
    36 [ label = "crate crossbeam-deque 0.8.5" ]
    37 [ label = "crate crossbeam-epoch 0.9.18" ]
    38 [ label = "crate crossbeam-queue 0.2.3" ]
    39 [ label = "crate crossbeam-utils 0.7.2" ]
    40 [ label = "crate crossbeam-utils 0.8.19" ]
    41 [ label = "crate crypto-common 0.1.6" ]
    42 [ label = "crate derivative 2.2.0" ]
    43 [ label = "crate derive-new 0.5.9" ]
    44 [ label = "crate digest 0.10.7" ]
    45 [ label = "crate digest 0.7.6" ]
    46 [ label = "crate dlv-list 0.3.0" ]
    47 [ label = "crate edit-distance 2.1.0" ]
    48 [ label = "crate either 1.10.0" ]
    49 [ label = "crate env_logger 0.7.1" ]
    50 [ label = "crate equivalent 1.0.1" ]
    51 [ label = "crate feature-bug 0.1.0 path+file:///krates/tests/feature-bug" ]
    52 [ label = "crate fixedbitset 0.4.2" ]
    53 [ label = "crate fnv 1.0.7" ]
    54 [ label = "crate generic-array 0.13.3" ]
    55 [ label = "crate generic-array 0.14.7" ]
    56 [ label = "crate generic-array 0.9.1" ]
    57 [ label = "crate getrandom 0.1.16" ]
    58 [ label = "crate getrandom 0.2.12" ]
    59 [ label = "crate getset 0.0.9" ]
    60 [ label = "crate gimli 0.28.1" ]
    61 [ label = "crate hashbrown 0.12.3" ]
    62 [ label = "crate hashbrown 0.14.3" ]
    63 [ label = "crate hashbrown 0.7.2" ]
    64 [ label = "crate hibitset 0.6.4" ]
    65 [ label = "crate home 0.5.9" ]
    66 [ label = "crate http 0.2.12" ]
    67 [ label = "crate indexmap 2.2.6" ]
    68 [ label = "crate itoa 1.0.10" ]
    69 [ label = "crate json5 0.4.1" ]
    70 [ label = "crate katexit 0.1.4" ]
    71 [ label = "crate krates 0.12.2 git+https://github.com/EmbarkStudios/krates?tag=0.12.2" ]
    72 [ label = "crate krates 0.14.1 git+https://github.com/EmbarkStudios/krates?tag=0.14.1" ]
    73 [ label = "crate lapack-sys 0.14.0" ]
    74 [ label = "crate lax 0.16.0" ]
    75 [ label = "crate lazy_static 1.4.0" ]
    76 [ label = "crate libc 0.2.152" ]
    77 [ label = "crate libm 0.2.8" ]
    78 [ label = "crate linked-hash-map 0.5.6" ]
    79 [ label = "crate log 0.4.20" ]
    80 [ label = "crate matrixmultiply 0.2.4" ]
    81 [ label = "crate matrixmultiply 0.3.8" ]
    82 [ label = "crate maybe-uninit 2.0.0" ]
    83 [ label = "crate md-5 0.7.0" ]
    84 [ label = "crate md5 0.7.0" ]
    85 [ label = "crate memchr 2.7.1" ]
    86 [ label = "crate minimal-lexical 0.2.1" ]
    87 [ label = "crate miniz_oxide 0.7.1" ]
    88 [ label = "crate mint 0.5.9" ]
    89 [ label = "crate mopa 0.2.2" ]
    90 [ label = "crate nalgebra 0.19.0" ]
    91 [ label = "crate ndarray 0.15.6" ]
    92 [ label = "crate ndarray-linalg 0.16.0" ]
    93 [ label = "crate netlib-src 0.8.0" ]
    94 [ label = "crate nom 7.1.3" ]
    95 [ label = "crate num-complex 0.2.4" ]
    96 [ label = "crate num-complex 0.4.4" ]
    97 [ label = "crate num-integer 0.1.45" ]
    98 [ label = "crate num-rational 0.2.4" ]
    99 [ label = "crate num-traits 0.2.17" ]
    100 [ label = "crate object 0.32.2" ]
    101 [ label = "crate once_cell 1.19.0" ]
    102 [ label = "crate ordered-multimap 0.4.3" ]
    103 [ label = "crate pathdiff 0.2.1" ]
    104 [ label = "crate pest 2.7.6" ]
    105 [ label = "crate pest_derive 2.7.6" ]
    106 [ label = "crate pest_generator 2.7.6" ]
    107 [ label = "crate pest_meta 2.7.6" ]
    108 [ label = "crate petgraph 0.6.4" ]
    109 [ label = "crate ppv-lite86 0.2.17" ]
    110 [ label = "crate proc-macro2 1.0.76" ]
    111 [ label = "crate quickcheck 0.9.2" ]
    112 [ label = "crate quote 1.0.35" ]
    113 [ label = "crate rand 0.7.3" ]
    114 [ label = "crate rand 0.8.5" ]
    115 [ label = "crate rand_chacha 0.2.2" ]
    116 [ label = "crate rand_chacha 0.3.1" ]
    117 [ label = "crate rand_core 0.5.1" ]
    118 [ label = "crate rand_core 0.6.4" ]
    119 [ label = "crate rand_distr 0.2.2" ]
    120 [ label = "crate rand_hc 0.2.0" ]
    121 [ label = "crate rawpointer 0.2.1" ]
    122 [ label = "crate rayon 1.10.0" ]
    123 [ label = "crate rayon-core 1.12.1" ]
    124 [ label = "crate regex 1.10.2" ]
    125 [ label = "crate regex-automata 0.4.3" ]
    126 [ label = "crate regex-syntax 0.8.2" ]
    127 [ label = "crate ron 0.7.1" ]
    128 [ label = "crate rust-ini 0.18.0" ]
    129 [ label = "crate rustc-demangle 0.1.23" ]
    130 [ label = "crate ryu 1.0.16" ]
    131 [ label = "crate semver 1.0.22" ]
    132 [ label = "crate serde 1.0.195" ]
    133 [ label = "crate serde_derive 1.0.195" ]
    134 [ label = "crate serde_json 1.0.111" ]
    135 [ label = "crate serde_spanned 0.6.5" ]
    136 [ label = "crate sha2 0.10.8" ]
    137 [ label = "crate shred 0.10.2" ]
    138 [ label = "crate shred-derive 0.6.3" ]
    139 [ label = "crate shrev 1.1.3" ]
    140 [ label = "crate smallvec 1.13.2" ]
    141 [ label = "crate smol_str 0.2.1" ]
    142 [ label = "crate specs 0.16.1" ]
    143 [ label = "crate specs-derive 0.4.1" ]
    144 [ label = "crate specs-hierarchy 0.6.0" ]
    145 [ label = "crate static_assertions 1.1.0" ]
    146 [ label = "crate sub-crate 0.1.0 path+file:///krates/tests/feature-bug/sub-crate" ]
    147 [ label = "crate syn 1.0.109" ]
    148 [ label = "crate syn 2.0.48" ]
    149 [ label = "crate tame-index 0.4.1" ]
    150 [ label = "crate thiserror 1.0.56" ]
    151 [ label = "crate thiserror-impl 1.0.56" ]
    152 [ label = "crate toml 0.5.11" ]
    153 [ label = "crate toml 0.7.8" ]
    154 [ label = "crate toml_datetime 0.6.5" ]
    155 [ label = "crate toml_edit 0.19.15" ]
    156 [ label = "crate tuple_utils 0.3.0" ]
    157 [ label = "crate twox-hash 1.6.3" ]
    158 [ label = "crate tynm 0.1.10" ]
    159 [ label = "crate typenum 1.17.0" ]
    160 [ label = "crate ucd-trie 0.1.6" ]
    161 [ label = "crate unicode-ident 1.0.12" ]
    162 [ label = "crate version_check 0.9.4" ]
    163 [ label = "crate wasi 0.11.0+wasi-snapshot-preview1" ]
    164 [ label = "crate wasi 0.9.0+wasi-snapshot-preview1" ]
    165 [ label = "crate windows-sys 0.52.0" ]
    166 [ label = "crate windows-targets 0.52.0" ]
    167 [ label = "crate windows_aarch64_gnullvm 0.52.0" ]
    168 [ label = "crate windows_aarch64_msvc 0.52.0" ]
    169 [ label = "crate windows_i686_gnu 0.52.0" ]
    170 [ label = "crate windows_i686_msvc 0.52.0" ]
    171 [ label = "crate windows_x86_64_gnu 0.52.0" ]
    172 [ label = "crate windows_x86_64_gnullvm 0.52.0" ]
    173 [ label = "crate windows_x86_64_msvc 0.52.0" ]
    174 [ label = "crate winnow 0.5.40" ]
    175 [ label = "crate yaml-rust 0.4.5" ]
    176 [ label = "feature read" ]
    177 [ label = "feature alloc" ]
    178 [ label = "feature std" ]
    179 [ label = "feature libm" ]
    180 [ label = "feature default" ]
    181 [ label = "feature default" ]
    182 [ label = "feature default" ]
    183 [ label = "feature default" ]
    184 [ label = "feature default" ]
    185 [ label = "feature default" ]
    186 [ label = "feature default" ]
    187 [ label = "feature serde-serialize" ]
    188 [ label = "feature mint" ]
    189 [ label = "feature default" ]
    190 [ label = "feature default" ]
    191 [ label = "feature derive" ]
    192 [ label = "feature default" ]
    193 [ label = "feature shred-derive" ]
    194 [ label = "feature specs-derive" ]
    195 [ label = "feature parallel" ]
    196 [ label = "feature parallel" ]
    197 [ label = "feature default" ]
    198 [ label = "feature full" ]
    199 [ label = "feature visit-mut" ]
    200 [ label = "feature default" ]
    201 [ label = "feature read_core" ]
    202 [ label = "feature elf" ]
    203 [ label = "feature macho" ]
    204 [ label = "feature pe" ]
    205 [ label = "feature unaligned" ]
    206 [ label = "feature archive" ]
    207 [ label = "feature serde1" ]
    208 [ label = "feature serde" ]
    209 [ label = "feature default" ]
    210 [ label = "feature unbounded_depth" ]
    211 [ label = "feature default" ]
    212 [ label = "feature serde" ]
    213 [ label = "feature rand" ]
    214 [ label = "feature default" ]
    215 [ label = "feature default" ]
    216 [ label = "feature default" ]
    217 [ label = "feature default" ]
    218 [ label = "feature default" ]
    219 [ label = "feature default" ]
    220 [ label = "feature std" ]
    221 [ label = "feature std" ]
    222 [ label = "feature std" ]
    223 [ label = "feature more_lengths" ]
    224 [ label = "feature visit" ]
    225 [ label = "feature extra-traits" ]
    226 [ label = "feature std" ]
    227 [ label = "feature default" ]
    228 [ label = "feature default" ]
    229 [ label = "feature prefer-index" ]
    230 [ label = "feature default" ]
    231 [ label = "feature simple" ]
    232 [ label = "feature default" ]
    233 [ label = "feature Win32_Foundation" ]
    234 [ label = "feature Win32_UI_Shell" ]
    235 [ label = "feature Win32_System_Com" ]
    236 [ label = "feature default" ]
    237 [ label = "feature default" ]
    238 [ label = "feature raw" ]
    239 [ label = "feature default" ]
    240 [ label = "feature default" ]
    241 [ label = "feature full" ]
    242 [ label = "feature default" ]
    243 [ label = "feature default" ]
    244 [ label = "feature default" ]
    245 [ label = "feature default" ]
    246 [ label = "feature default" ]
    247 [ label = "feature cblas" ]
    248 [ label = "feature static" ]
    249 [ label = "feature std" ]
    250 [ label = "feature default" ]
    251 [ label = "feature serde" ]
    252 [ label = "feature std" ]
    253 [ label = "feature default" ]
    254 [ label = "feature cgemm" ]
    255 [ label = "feature std" ]
    256 [ label = "feature std" ]
    257 [ label = "feature netlib" ]
    258 [ label = "feature blas" ]
    259 [ label = "feature approx" ]
    260 [ label = "feature std" ]
    261 [ label = "feature std" ]
    262 [ label = "feature i128" ]
    263 [ label = "feature default" ]
    264 [ label = "feature default" ]
    265 [ label = "feature default" ]
    266 [ label = "feature std" ]
    267 [ label = "feature std" ]
    268 [ label = "feature std" ]
    269 [ label = "feature default" ]
    270 [ label = "feature default" ]
    271 [ label = "feature default" ]
    272 [ label = "feature regex" ]
    273 [ label = "feature default" ]
    274 [ label = "feature proc-macro" ]
    275 [ label = "feature std" ]
    276 [ label = "feature alloc" ]
    277 [ label = "feature getrandom" ]
    278 [ label = "feature std" ]
    279 [ label = "feature std" ]
    280 [ label = "feature alloc" ]
    281 [ label = "feature getrandom" ]
    282 [ label = "feature std" ]
    283 [ label = "feature simd" ]
    284 [ label = "feature std" ]
    285 [ label = "feature std" ]
    286 [ label = "feature std" ]
    287 [ label = "feature default" ]
    288 [ label = "feature default" ]
    289 [ label = "feature default" ]
    290 [ label = "feature std" ]
    291 [ label = "feature alloc" ]
    292 [ label = "feature syntax" ]
    293 [ label = "feature meta" ]
    294 [ label = "feature nfa-pikevm" ]
    295 [ label = "feature dfa-onepass" ]
    296 [ label = "feature hybrid" ]
    297 [ label = "feature nfa-backtrack" ]
    298 [ label = "feature perf-inline" ]
    299 [ label = "feature perf-literal" ]
    300 [ label = "feature std" ]
    301 [ label = "feature unicode" ]
    302 [ label = "feature unicode-age" ]
    303 [ label = "feature unicode-bool" ]
    304 [ label = "feature unicode-case" ]
    305 [ label = "feature unicode-gencat" ]
    306 [ label = "feature unicode-perl" ]
    307 [ label = "feature unicode-script" ]
    308 [ label = "feature unicode-segment" ]
    309 [ label = "feature unicode-word-boundary" ]
    310 [ label = "feature default" ]
    311 [ label = "feature std" ]
    312 [ label = "feature unicode" ]
    313 [ label = "feature unicode-age" ]
    314 [ label = "feature unicode-bool" ]
    315 [ label = "feature unicode-case" ]
    316 [ label = "feature unicode-gencat" ]
    317 [ label = "feature unicode-perl" ]
    318 [ label = "feature unicode-script" ]
    319 [ label = "feature unicode-segment" ]
    320 [ label = "feature perf-literal" ]
    321 [ label = "feature default" ]
    322 [ label = "feature default" ]
    323 [ label = "feature serde_derive" ]
    324 [ label = "feature std" ]
    325 [ label = "feature default" ]
    326 [ label = "feature default" ]
    327 [ label = "feature default" ]
    328 [ label = "feature default" ]
    329 [ label = "feature default" ]
    330 [ label = "feature parallel" ]
    331 [ label = "feature parallel" ]
    332 [ label = "feature shred-derive" ]
    333 [ label = "feature default" ]
    334 [ label = "feature netlib" ]
    335 [ label = "feature default" ]
    336 [ label = "feature proc-macro" ]
    337 [ label = "feature rc" ]
    338 [ label = "feature serde" ]
    339 [ label = "feature default" ]
    340 [ label = "feature default" ]
    341 [ label = "feature serde" ]
    342 [ label = "feature serde" ]
    343 [ label = "feature serde" ]
    344 [ label = "feature default" ]
    345 [ label = "feature std" ]
    346 [ label = "feature default" ]
    347 [ label = "feature alloc" ]
    348 [ label = "feature std" ]
    349 [ label = "feature std" ]
    350 [ label = "feature std" ]
    351 [ label = "feature std" ]
    352 [ label = "feature std" ]
    353 [ label = "feature serde" ]
    354 [ label = "feature yaml-rust" ]
    355 [ label = "feature yaml" ]
    356 [ label = "feature toml" ]
    357 [ label = "feature serde_json" ]
    358 [ label = "feature rust-ini" ]
    359 [ label = "feature ron" ]
    360 [ label = "feature json5_rs" ]
    361 [ label = "feature json5_rs" ]
    362 [ label = "feature json5" ]
    363 [ label = "feature json" ]
    364 [ label = "feature ini" ]
    365 [ label = "feature std" ]
    366 [ label = "feature alloc" ]
    367 [ label = "feature std" ]
    368 [ label = "feature lazy_static" ]
    369 [ label = "feature std" ]
    370 [ label = "feature core-api" ]
    371 [ label = "feature block-buffer" ]
    372 [ label = "feature std" ]
    373 [ label = "feature read-core" ]
    374 [ label = "feature inline-more" ]
    375 [ label = "feature ahash" ]
    376 [ label = "feature inline-more" ]
    377 [ label = "feature ahash" ]
    378 [ label = "feature rayon" ]
    379 [ label = "feature netlib-static" ]
    380 [ label = "feature std" ]
    381 [ label = "feature std" ]
    382 [ label = "feature std" ]
    383 [ label = "feature alloc" ]
    384 [ label = "feature std" ]
    385 [ label = "feature matrixmultiply" ]
    386 [ label = "feature rand_distr" ]
    387 [ label = "feature serde_derive" ]
    388 [ label = "feature serde" ]
    389 [ label = "feature libc" ]
    390 [ label = "feature cblas-sys" ]
    391 [ label = "feature std" ]
    392 [ label = "feature std" ]
    393 [ label = "feature coff" ]
    394 [ label = "feature std" ]
    395 [ label = "feature race" ]
    396 [ label = "feature memchr" ]
    397 [ label = "feature std" ]
    398 [ label = "feature stable_graph" ]
    399 [ label = "feature matrix_graph" ]
    400 [ label = "feature graphmap" ]
    401 [ label = "feature use_logging" ]
    402 [ label = "feature log" ]
    403 [ label = "feature env_logger" ]
    404 [ label = "feature regex" ]
    405 [ label = "feature alloc" ]
    406 [ label = "feature getrandom" ]
    407 [ label = "feature libc" ]
    408 [ label = "feature getrandom_package" ]
    409 [ label = "feature getrandom_package" ]
    410 [ label = "feature std_rng" ]
    411 [ label = "feature rand_chacha" ]
    412 [ label = "feature std" ]
    413 [ label = "feature alloc" ]
    414 [ label = "feature getrandom" ]
    415 [ label = "feature libc" ]
    416 [ label = "feature unicode-segment" ]
    417 [ label = "feature unicode-script" ]
    418 [ label = "feature unicode-perl" ]
    419 [ label = "feature unicode-gencat" ]
    420 [ label = "feature unicode-case" ]
    421 [ label = "feature unicode-bool" ]
    422 [ label = "feature unicode-age" ]
    423 [ label = "feature unicode" ]
    424 [ label = "feature std" ]
    425 [ label = "feature perf-onepass" ]
    426 [ label = "feature perf-literal" ]
    427 [ label = "feature perf-inline" ]
    428 [ label = "feature perf-dfa" ]
    429 [ label = "feature perf-cache" ]
    430 [ label = "feature perf-backtrack" ]
    431 [ label = "feature perf" ]
    432 [ label = "feature perf-literal-substring" ]
    433 [ label = "feature perf-literal-multisubstring" ]
    434 [ label = "feature nfa-thompson" ]
    435 [ label = "feature std" ]
    436 [ label = "feature std" ]
    437 [ label = "feature rayon" ]
    438 [ label = "feature std" ]
    439 [ label = "feature rayon" ]
    440 [ label = "feature quote" ]
    441 [ label = "feature proc-macro" ]
    442 [ label = "feature printing" ]
    443 [ label = "feature parsing" ]
    444 [ label = "feature derive" ]
    445 [ label = "feature clone-impls" ]
    446 [ label = "feature quote" ]
    447 [ label = "feature proc-macro" ]
    448 [ label = "feature printing" ]
    449 [ label = "feature parsing" ]
    450 [ label = "feature derive" ]
    451 [ label = "feature clone-impls" ]
    452 [ label = "feature parse" ]
    453 [ label = "feature display" ]
    454 [ label = "feature std" ]
    455 [ label = "feature Win32_UI" ]
    456 [ label = "feature Win32" ]
    457 [ label = "feature Win32_System" ]
    458 [ label = "feature std" ]
    459 [ label = "feature alloc" ]
    0 -> 176 [ label = "" ]
    3 -> 58 [ label = " 'cfg(any(target_os = \"linux\", target_os = \"android\", target_os = \"windows\", target_os = \"macos\", target_os = \"ios\", target_os = \"freebsd\", target_os = \"openbsd\", target_os = \"netbsd\", target_os = \"dragonfly\", target_os = \"solaris\", target_os = \"illumos\", target_os = \"fuchsia\", target_os = \"redox\", target_os = \"cloudabi\", target_os = \"haiku\", target_os = \"vxworks\", target_os = \"emscripten\", target_os = \"wasi\"))'" ]
    3 -> 177 [ label = " 'cfg(not(all(target_arch = \"arm\", target_os = \"none\")))'" ]
    3 -> 162 [ label = "(build)" ]
    4 -> 85 [ label = "" ]
    4 -> 178 [ label = "" ]
    5 -> 9 [ label = "" ]
    5 -> 95 [ label = "" ]
    5 -> 179 [ label = "" ]
    6 -> 47 [ label = "" ]
    6 -> 180 [ label = "" ]
    6 -> 181 [ label = "" ]
    6 -> 182 [ label = "" ]
    6 -> 183 [ label = "" ]
    7 -> 5 [ label = "" ]
    7 -> 6 [ label = "" ]
    7 -> 8 [ label = "" ]
    7 -> 184 [ label = "" ]
    7 -> 42 [ label = "" ]
    7 -> 185 [ label = "" ]
    7 -> 186 [ label = "" ]
    7 -> 59 [ label = "" ]
    7 -> 79 [ label = "" ]
    7 -> 187 [ label = "" ]
    7 -> 188 [ label = "" ]
    7 -> 189 [ label = "" ]
    7 -> 190 [ label = "" ]
    7 -> 122 [ label = "" ]
    7 -> 191 [ label = "" ]
    7 -> 192 [ label = "" ]
    7 -> 193 [ label = "" ]
    7 -> 194 [ label = "" ]
    7 -> 195 [ label = "" ]
    7 -> 144 [ label = "" ]
    7 -> 196 [ label = "" ]
    8 -> 197 [ label = "" ]
    9 -> 99 [ label = "" ]
    10 -> 99 [ label = "" ]
    13 -> 180 [ label = "" ]
    13 -> 182 [ label = "" ]
    13 -> 198 [ label = "" ]
    13 -> 199 [ label = "" ]
    13 -> 200 [ label = "" ]
    15 -> 0 [ label = " 'cfg(not(all(windows, target_env = \"msvc\", not(target_vendor = \"uwp\"))))'" ]
    15 -> 28 [ label = "(build)" ]
    15 -> 32 [ label = "" ]
    15 -> 76 [ label = " 'cfg(not(all(windows, target_env = \"msvc\", not(target_vendor = \"uwp\"))))'" ]
    15 -> 87 [ label = " 'cfg(not(all(windows, target_env = \"msvc\", not(target_vendor = \"uwp\"))))'" ]
    15 -> 201 [ label = " 'cfg(not(all(windows, target_env = \"msvc\", not(target_vendor = \"uwp\"))))'" ]
    15 -> 202 [ label = " 'cfg(not(all(windows, target_env = \"msvc\", not(target_vendor = \"uwp\"))))'" ]
    15 -> 203 [ label = " 'cfg(not(all(windows, target_env = \"msvc\", not(target_vendor = \"uwp\"))))'" ]
    15 -> 204 [ label = " 'cfg(not(all(windows, target_env = \"msvc\", not(target_vendor = \"uwp\"))))'" ]
    15 -> 205 [ label = " 'cfg(not(all(windows, target_env = \"msvc\", not(target_vendor = \"uwp\"))))'" ]
    15 -> 206 [ label = " 'cfg(not(all(windows, target_env = \"msvc\", not(target_vendor = \"uwp\"))))'" ]
    15 -> 129 [ label = "" ]
    18 -> 55 [ label = "" ]
    19 -> 11 [ label = "" ]
    19 -> 20 [ label = "" ]
    22 -> 191 [ label = "" ]
    22 -> 192 [ label = "" ]
    23 -> 192 [ label = "" ]
    24 -> 207 [ label = "" ]
    24 -> 23 [ label = "" ]
    24 -> 208 [ label = "" ]
    24 -> 209 [ label = "" ]
    24 -> 191 [ label = "" ]
    24 -> 192 [ label = "" ]
    24 -> 210 [ label = "" ]
    24 -> 211 [ label = "" ]
    24 -> 150 [ label = "" ]
    25 -> 207 [ label = "" ]
    25 -> 23 [ label = "" ]
    25 -> 208 [ label = "" ]
    25 -> 209 [ label = "" ]
    25 -> 191 [ label = "" ]
    25 -> 192 [ label = "" ]
    25 -> 210 [ label = "" ]
    25 -> 211 [ label = "" ]
    25 -> 150 [ label = "" ]
    26 -> 212 [ label = "" ]
    26 -> 213 [ label = "" ]
    26 -> 214 [ label = "" ]
    26 -> 190 [ label = "" ]
    26 -> 215 [ label = "" ]
    26 -> 192 [ label = "" ]
    27 -> 216 [ label = "" ]
    28 -> 76 [ label = " 'cfg(unix)'" ]
    29 -> 140 [ label = "" ]
    30 -> 140 [ label = "" ]
    33 -> 28 [ label = "" ]
    34 -> 13 [ label = "" ]
    34 -> 69 [ label = "" ]
    34 -> 75 [ label = "" ]
    34 -> 217 [ label = "" ]
    34 -> 103 [ label = "" ]
    34 -> 127 [ label = "" ]
    34 -> 218 [ label = "" ]
    34 -> 192 [ label = "" ]
    34 -> 211 [ label = "" ]
    34 -> 219 [ label = "" ]
    34 -> 175 [ label = "" ]
    35 -> 216 [ label = " 'aarch64-linux-android'" ]
    35 -> 216 [ label = " 'cfg(all(target_arch = \"aarch64\", target_os = \"linux\"))'" ]
    35 -> 216 [ label = " 'cfg(all(target_arch = \"aarch64\", target_vendor = \"apple\"))'" ]
    35 -> 216 [ label = " 'cfg(all(target_arch = \"loongarch64\", target_os = \"linux\"))'" ]
    36 -> 37 [ label = "" ]
    36 -> 220 [ label = "" ]
    36 -> 40 [ label = "" ]
    36 -> 221 [ label = "" ]
    37 -> 40 [ label = "" ]
    37 -> 221 [ label = "" ]
    38 -> 31 [ label = "" ]
    38 -> 39 [ label = "" ]
    38 -> 222 [ label = "" ]
    38 -> 82 [ label = "" ]
    39 -> 14 [ label = "(build)" ]
    39 -> 31 [ label = "" ]
    39 -> 75 [ label = "" ]
    41 -> 223 [ label = "" ]
    41 -> 159 [ label = "" ]
    42 -> 180 [ label = "" ]
    42 -> 182 [ label = "" ]
    42 -> 224 [ label = "" ]
    42 -> 225 [ label = "" ]
    42 -> 183 [ label = "" ]
    43 -> 180 [ label = "" ]
    43 -> 182 [ label = "" ]
    43 -> 183 [ label = "" ]
    44 -> 18 [ label = "" ]
    44 -> 41 [ label = "" ]
    45 -> 56 [ label = "" ]
    49 -> 226 [ label = "" ]
    49 -> 227 [ label = "" ]
    51 -> 228 [ label = "" ]
    51 -> 71 [ label = "" ]
    51 -> 229 [ label = "" ]
    51 -> 83 [ label = "" ]
    51 -> 230 [ label = "" ]
    51 -> 231 [ label = "" ]
    54 -> 159 [ label = "" ]
    55 -> 159 [ label = "" ]
    55 -> 162 [ label = "(build)" ]
    56 -> 159 [ label = "" ]
    57 -> 32 [ label = "" ]
    57 -> 76 [ label = " 'cfg(unix)'" ]
    57 -> 232 [ label = " 'cfg(target_os = \"wasi\")'" ]
    58 -> 32 [ label = "" ]
    58 -> 76 [ label = " 'cfg(unix)'" ]
    58 -> 163 [ label = " 'cfg(target_os = \"wasi\")'" ]
    59 -> 110 [ label = "" ]
    59 -> 182 [ label = "" ]
    59 -> 183 [ label = "" ]
    61 -> 3 [ label = "" ]
    63 -> 2 [ label = "" ]
    63 -> 14 [ label = "(build)" ]
    64 -> 122 [ label = "" ]
    65 -> 233 [ label = " 'cfg(windows)'" ]
    65 -> 234 [ label = " 'cfg(windows)'" ]
    65 -> 235 [ label = " 'cfg(windows)'" ]
    65 -> 236 [ label = " 'cfg(windows)'" ]
    66 -> 237 [ label = "" ]
    66 -> 186 [ label = "" ]
    66 -> 68 [ label = "" ]
    67 -> 50 [ label = "" ]
    67 -> 238 [ label = "" ]
    69 -> 239 [ label = "" ]
    69 -> 240 [ label = "" ]
    69 -> 192 [ label = "" ]
    70 -> 180 [ label = "" ]
    70 -> 182 [ label = "" ]
    70 -> 241 [ label = "" ]
    70 -> 225 [ label = "" ]
    70 -> 183 [ label = "" ]
    71 -> 242 [ label = "" ]
    71 -> 243 [ label = "" ]
    71 -> 244 [ label = "" ]
    71 -> 209 [ label = "" ]
    72 -> 245 [ label = "" ]
    72 -> 246 [ label = "" ]
    72 -> 244 [ label = "" ]
    72 -> 209 [ label = "" ]
    72 -> 149 [ label = "" ]
    73 -> 216 [ label = "" ]
    74 -> 26 [ label = "" ]
    74 -> 70 [ label = "" ]
    74 -> 73 [ label = "" ]
    74 -> 247 [ label = "" ]
    74 -> 248 [ label = "" ]
    74 -> 190 [ label = "" ]
    74 -> 150 [ label = "" ]
    80 -> 121 [ label = "" ]
    81 -> 14 [ label = "(build)" ]
    81 -> 121 [ label = "" ]
    83 -> 19 [ label = "" ]
    83 -> 20 [ label = "" ]
    83 -> 45 [ label = "" ]
    87 -> 1 [ label = "" ]
    90 -> 5 [ label = "" ]
    90 -> 249 [ label = "" ]
    90 -> 9 [ label = "" ]
    90 -> 54 [ label = "" ]
    90 -> 250 [ label = "" ]
    90 -> 88 [ label = "" ]
    90 -> 95 [ label = "" ]
    90 -> 251 [ label = "" ]
    90 -> 98 [ label = "" ]
    90 -> 99 [ label = "" ]
    90 -> 113 [ label = "" ]
    90 -> 252 [ label = "" ]
    90 -> 119 [ label = "" ]
    90 -> 192 [ label = "" ]
    90 -> 253 [ label = "" ]
    90 -> 159 [ label = "" ]
    91 -> 10 [ label = "" ]
    91 -> 27 [ label = "" ]
    91 -> 216 [ label = "" ]
    91 -> 254 [ label = "" ]
    91 -> 255 [ label = "" ]
    91 -> 96 [ label = "" ]
    91 -> 97 [ label = "" ]
    91 -> 99 [ label = "" ]
    91 -> 256 [ label = "" ]
    91 -> 121 [ label = "" ]
    92 -> 26 [ label = "" ]
    92 -> 70 [ label = "" ]
    92 -> 74 [ label = "" ]
    92 -> 257 [ label = "" ]
    92 -> 258 [ label = "" ]
    92 -> 259 [ label = "" ]
    92 -> 260 [ label = "" ]
    92 -> 214 [ label = "" ]
    92 -> 190 [ label = "" ]
    92 -> 215 [ label = "" ]
    92 -> 150 [ label = "" ]
    93 -> 33 [ label = "(build)" ]
    94 -> 85 [ label = "" ]
    94 -> 178 [ label = "" ]
    94 -> 86 [ label = "" ]
    94 -> 261 [ label = "" ]
    95 -> 14 [ label = "(build)" ]
    95 -> 99 [ label = "" ]
    95 -> 132 [ label = "" ]
    96 -> 262 [ label = "" ]
    96 -> 256 [ label = "" ]
    96 -> 114 [ label = "" ]
    96 -> 132 [ label = "" ]
    97 -> 14 [ label = "(build)" ]
    97 -> 99 [ label = "" ]
    98 -> 14 [ label = "(build)" ]
    98 -> 97 [ label = "" ]
    98 -> 99 [ label = "" ]
    99 -> 14 [ label = "(build)" ]
    99 -> 263 [ label = "" ]
    100 -> 85 [ label = "" ]
    102 -> 46 [ label = "" ]
    102 -> 264 [ label = "" ]
    104 -> 265 [ label = "" ]
    104 -> 150 [ label = "" ]
    104 -> 160 [ label = "" ]
    104 -> 266 [ label = "" ]
    105 -> 104 [ label = "" ]
    105 -> 267 [ label = "" ]
    105 -> 106 [ label = "" ]
    105 -> 268 [ label = "" ]
    106 -> 104 [ label = "" ]
    106 -> 267 [ label = "" ]
    106 -> 269 [ label = "" ]
    106 -> 180 [ label = "" ]
    106 -> 182 [ label = "" ]
    106 -> 200 [ label = "" ]
    107 -> 270 [ label = "" ]
    107 -> 239 [ label = "" ]
    107 -> 136 [ label = "(build)" ]
    108 -> 52 [ label = "" ]
    108 -> 271 [ label = "" ]
    110 -> 161 [ label = "" ]
    111 -> 49 [ label = "" ]
    111 -> 272 [ label = "" ]
    111 -> 79 [ label = "" ]
    111 -> 273 [ label = "" ]
    111 -> 117 [ label = "" ]
    112 -> 110 [ label = "" ]
    112 -> 274 [ label = "" ]
    113 -> 57 [ label = "" ]
    113 -> 76 [ label = " 'cfg(unix)'" ]
    113 -> 115 [ label = " 'cfg(not(target_os = \"emscripten\"))'" ]
    113 -> 275 [ label = "" ]
    113 -> 117 [ label = "" ]
    113 -> 276 [ label = "" ]
    113 -> 277 [ label = "" ]
    113 -> 278 [ label = "" ]
    113 -> 120 [ label = " 'cfg(target_os = \"emscripten\")'" ]
    114 -> 76 [ label = " 'cfg(unix)'" ]
    114 -> 116 [ label = "" ]
    114 -> 279 [ label = "" ]
    114 -> 118 [ label = "" ]
    114 -> 280 [ label = "" ]
    114 -> 281 [ label = "" ]
    114 -> 282 [ label = "" ]
    115 -> 283 [ label = "" ]
    115 -> 284 [ label = "" ]
    115 -> 117 [ label = "" ]
    116 -> 283 [ label = "" ]
    116 -> 284 [ label = "" ]
    116 -> 118 [ label = "" ]
    117 -> 57 [ label = "" ]
    117 -> 285 [ label = "" ]
    118 -> 58 [ label = "" ]
    118 -> 286 [ label = "" ]
    119 -> 273 [ label = "" ]
    120 -> 117 [ label = "" ]
    122 -> 48 [ label = "" ]
    122 -> 123 [ label = "" ]
    123 -> 287 [ label = "" ]
    123 -> 288 [ label = "" ]
    124 -> 289 [ label = "" ]
    124 -> 290 [ label = "" ]
    124 -> 265 [ label = "" ]
    124 -> 178 [ label = "" ]
    124 -> 291 [ label = "" ]
    124 -> 292 [ label = "" ]
    124 -> 293 [ label = "" ]
    124 -> 294 [ label = "" ]
    124 -> 295 [ label = "" ]
    124 -> 296 [ label = "" ]
    124 -> 297 [ label = "" ]
    124 -> 298 [ label = "" ]
    124 -> 299 [ label = "" ]
    124 -> 300 [ label = "" ]
    124 -> 301 [ label = "" ]
    124 -> 302 [ label = "" ]
    124 -> 303 [ label = "" ]
    124 -> 304 [ label = "" ]
    124 -> 305 [ label = "" ]
    124 -> 306 [ label = "" ]
    124 -> 307 [ label = "" ]
    124 -> 308 [ label = "" ]
    124 -> 309 [ label = "" ]
    124 -> 126 [ label = "" ]
    124 -> 310 [ label = "" ]
    124 -> 311 [ label = "" ]
    124 -> 312 [ label = "" ]
    124 -> 313 [ label = "" ]
    124 -> 314 [ label = "" ]
    124 -> 315 [ label = "" ]
    124 -> 316 [ label = "" ]
    124 -> 317 [ label = "" ]
    124 -> 318 [ label = "" ]
    124 -> 319 [ label = "" ]
    125 -> 4 [ label = "" ]
    125 -> 320 [ label = "" ]
    125 -> 290 [ label = "" ]
    125 -> 85 [ label = "" ]
    125 -> 178 [ label = "" ]
    125 -> 126 [ label = "" ]
    125 -> 311 [ label = "" ]
    125 -> 312 [ label = "" ]
    125 -> 313 [ label = "" ]
    125 -> 314 [ label = "" ]
    125 -> 315 [ label = "" ]
    125 -> 316 [ label = "" ]
    125 -> 317 [ label = "" ]
    125 -> 318 [ label = "" ]
    125 -> 319 [ label = "" ]
    127 -> 321 [ label = "" ]
    127 -> 322 [ label = "" ]
    127 -> 323 [ label = "" ]
    127 -> 192 [ label = "" ]
    128 -> 32 [ label = "" ]
    128 -> 102 [ label = "" ]
    131 -> 132 [ label = "" ]
    132 -> 253 [ label = " 'cfg(any())'" ]
    132 -> 253 [ label = "" ]
    133 -> 180 [ label = "" ]
    133 -> 182 [ label = "" ]
    133 -> 200 [ label = "" ]
    134 -> 68 [ label = "" ]
    134 -> 130 [ label = "" ]
    134 -> 132 [ label = "" ]
    134 -> 324 [ label = "" ]
    135 -> 192 [ label = "" ]
    136 -> 32 [ label = "" ]
    136 -> 35 [ label = " 'cfg(any(target_arch = \"aarch64\", target_arch = \"x86_64\", target_arch = \"x86\"))'" ]
    136 -> 325 [ label = "" ]
    137 -> 326 [ label = "" ]
    137 -> 327 [ label = "" ]
    137 -> 89 [ label = "" ]
    137 -> 122 [ label = "" ]
    137 -> 138 [ label = "" ]
    137 -> 140 [ label = "" ]
    137 -> 328 [ label = "" ]
    138 -> 180 [ label = "" ]
    138 -> 182 [ label = "" ]
    138 -> 183 [ label = "" ]
    141 -> 132 [ label = "" ]
    141 -> 324 [ label = "" ]
    142 -> 329 [ label = "" ]
    142 -> 327 [ label = "" ]
    142 -> 64 [ label = "" ]
    142 -> 330 [ label = "" ]
    142 -> 79 [ label = "" ]
    142 -> 122 [ label = "" ]
    142 -> 137 [ label = "" ]
    142 -> 331 [ label = "" ]
    142 -> 332 [ label = "" ]
    142 -> 139 [ label = "" ]
    142 -> 143 [ label = "" ]
    142 -> 156 [ label = "" ]
    143 -> 180 [ label = "" ]
    143 -> 182 [ label = "" ]
    143 -> 183 [ label = "" ]
    144 -> 64 [ label = "" ]
    144 -> 330 [ label = "" ]
    144 -> 139 [ label = "" ]
    144 -> 193 [ label = "" ]
    144 -> 195 [ label = "" ]
    146 -> 333 [ label = "" ]
    146 -> 334 [ label = " 'cfg(target_os = \"linux\")'" ]
    146 -> 335 [ label = " 'cfg(target_os = \"linux\")'" ]
    146 -> 335 [ label = " 'cfg(target_os = \"windows\")'" ]
    147 -> 110 [ label = "" ]
    147 -> 274 [ label = "" ]
    147 -> 112 [ label = "" ]
    147 -> 336 [ label = "" ]
    147 -> 161 [ label = "" ]
    148 -> 110 [ label = "" ]
    148 -> 274 [ label = "" ]
    148 -> 112 [ label = "" ]
    148 -> 336 [ label = "" ]
    148 -> 161 [ label = "" ]
    149 -> 22 [ label = "" ]
    149 -> 65 [ label = "" ]
    149 -> 66 [ label = "" ]
    149 -> 265 [ label = "" ]
    149 -> 208 [ label = "" ]
    149 -> 209 [ label = "" ]
    149 -> 191 [ label = "" ]
    149 -> 337 [ label = "" ]
    149 -> 192 [ label = "" ]
    149 -> 211 [ label = "" ]
    149 -> 338 [ label = "" ]
    149 -> 339 [ label = "" ]
    149 -> 150 [ label = "" ]
    149 -> 340 [ label = "" ]
    149 -> 157 [ label = "" ]
    150 -> 151 [ label = "" ]
    151 -> 180 [ label = "" ]
    151 -> 182 [ label = "" ]
    151 -> 200 [ label = "" ]
    152 -> 192 [ label = "" ]
    153 -> 192 [ label = "" ]
    153 -> 341 [ label = "" ]
    153 -> 342 [ label = "" ]
    153 -> 343 [ label = "" ]
    153 -> 344 [ label = "" ]
    154 -> 192 [ label = "" ]
    155 -> 345 [ label = "" ]
    155 -> 271 [ label = "" ]
    155 -> 192 [ label = "" ]
    155 -> 341 [ label = "" ]
    155 -> 154 [ label = "" ]
    155 -> 342 [ label = "" ]
    155 -> 346 [ label = "" ]
    157 -> 32 [ label = "" ]
    157 -> 145 [ label = "" ]
    158 -> 347 [ label = "" ]
    165 -> 166 [ label = "" ]
    166 -> 167 [ label = " 'aarch64-pc-windows-gnullvm'" ]
    166 -> 168 [ label = " 'cfg(all(target_arch = \"aarch64\", target_env = \"msvc\", not(windows_raw_dylib)))'" ]
    166 -> 169 [ label = " 'cfg(all(target_arch = \"x86\", target_env = \"gnu\", not(windows_raw_dylib)))'" ]
    166 -> 170 [ label = " 'cfg(all(target_arch = \"x86\", target_env = \"msvc\", not(windows_raw_dylib)))'" ]
    166 -> 171 [ label = " 'cfg(all(target_arch = \"x86_64\", target_env = \"gnu\", not(target_abi = \"llvm\"), not(windows_raw_dylib)))'" ]
    166 -> 172 [ label = " 'x86_64-pc-windows-gnullvm'" ]
    166 -> 173 [ label = " 'cfg(all(target_arch = \"x86_64\", target_env = \"msvc\", not(windows_raw_dylib)))'" ]
    175 -> 78 [ label = "" ]
    290 -> 4 [ label = "" ]
    320 -> 4 [ label = "" ]
    320 -> 85 [ label = "" ]
    289 -> 4 [ label = "" ]
    289 -> 290 [ label = "" ]
    289 -> 320 [ label = "" ]
    249 -> 5 [ label = "" ]
    228 -> 7 [ label = "" ]
    228 -> 195 [ label = "" ]
    228 -> 196 [ label = "" ]
    348 -> 9 [ label = "" ]
    184 -> 9 [ label = "" ]
    184 -> 348 [ label = "" ]
    349 -> 12 [ label = "" ]
    326 -> 12 [ label = "" ]
    326 -> 349 [ label = "" ]
    350 -> 15 [ label = "" ]
    197 -> 15 [ label = "" ]
    197 -> 350 [ label = "" ]
    351 -> 16 [ label = "" ]
    321 -> 16 [ label = "" ]
    321 -> 351 [ label = "" ]
    322 -> 17 [ label = "" ]
    352 -> 21 [ label = "" ]
    237 -> 21 [ label = "" ]
    237 -> 352 [ label = "" ]
    207 -> 22 [ label = "" ]
    207 -> 353 [ label = "" ]
    353 -> 22 [ label = "" ]
    353 -> 132 [ label = "" ]
    242 -> 24 [ label = "" ]
    245 -> 25 [ label = "" ]
    243 -> 29 [ label = "" ]
    246 -> 30 [ label = "" ]
    354 -> 34 [ label = "" ]
    354 -> 175 [ label = "" ]
    355 -> 34 [ label = "" ]
    355 -> 354 [ label = "" ]
    356 -> 34 [ label = "" ]
    356 -> 152 [ label = "" ]
    357 -> 34 [ label = "" ]
    357 -> 134 [ label = "" ]
    358 -> 34 [ label = "" ]
    358 -> 128 [ label = "" ]
    359 -> 34 [ label = "" ]
    359 -> 127 [ label = "" ]
    360 -> 34 [ label = "" ]
    360 -> 361 [ label = "" ]
    362 -> 34 [ label = "" ]
    362 -> 360 [ label = "" ]
    363 -> 34 [ label = "" ]
    363 -> 357 [ label = "" ]
    364 -> 34 [ label = "" ]
    364 -> 358 [ label = "" ]
    333 -> 34 [ label = "" ]
    333 -> 356 [ label = "" ]
    333 -> 363 [ label = "" ]
    333 -> 355 [ label = "" ]
    333 -> 364 [ label = "" ]
    333 -> 359 [ label = "" ]
    333 -> 362 [ label = "" ]
    365 -> 36 [ label = "" ]
    365 -> 220 [ label = "" ]
    365 -> 221 [ label = "" ]
    287 -> 36 [ label = "" ]
    287 -> 365 [ label = "" ]
    220 -> 37 [ label = "" ]
    220 -> 366 [ label = "" ]
    220 -> 221 [ label = "" ]
    366 -> 37 [ label = "" ]
    367 -> 38 [ label = "" ]
    367 -> 222 [ label = "" ]
    329 -> 38 [ label = "" ]
    329 -> 367 [ label = "" ]
    222 -> 39 [ label = "" ]
    222 -> 368 [ label = "" ]
    368 -> 39 [ label = "" ]
    368 -> 75 [ label = "" ]
    221 -> 40 [ label = "" ]
    288 -> 40 [ label = "" ]
    288 -> 221 [ label = "" ]
    369 -> 43 [ label = "" ]
    185 -> 43 [ label = "" ]
    185 -> 369 [ label = "" ]
    325 -> 44 [ label = "" ]
    325 -> 370 [ label = "" ]
    370 -> 44 [ label = "" ]
    370 -> 371 [ label = "" ]
    371 -> 44 [ label = "" ]
    371 -> 18 [ label = "" ]
    272 -> 49 [ label = "" ]
    272 -> 124 [ label = "" ]
    372 -> 53 [ label = "" ]
    186 -> 53 [ label = "" ]
    186 -> 372 [ label = "" ]
    223 -> 55 [ label = "" ]
    285 -> 57 [ label = "" ]
    286 -> 58 [ label = "" ]
    373 -> 60 [ label = "" ]
    176 -> 60 [ label = "" ]
    176 -> 373 [ label = "" ]
    374 -> 61 [ label = "" ]
    264 -> 61 [ label = "" ]
    264 -> 375 [ label = "" ]
    264 -> 374 [ label = "" ]
    375 -> 61 [ label = "" ]
    375 -> 3 [ label = "" ]
    238 -> 62 [ label = "" ]
    376 -> 63 [ label = "" ]
    327 -> 63 [ label = "" ]
    327 -> 377 [ label = "" ]
    327 -> 376 [ label = "" ]
    377 -> 63 [ label = "" ]
    377 -> 2 [ label = "" ]
    378 -> 64 [ label = "" ]
    378 -> 122 [ label = "" ]
    330 -> 64 [ label = "" ]
    330 -> 378 [ label = "" ]
    345 -> 67 [ label = "" ]
    271 -> 67 [ label = "" ]
    271 -> 345 [ label = "" ]
    229 -> 72 [ label = "" ]
    229 -> 149 [ label = "" ]
    379 -> 74 [ label = "" ]
    379 -> 248 [ label = "" ]
    257 -> 74 [ label = "" ]
    257 -> 379 [ label = "" ]
    380 -> 76 [ label = "" ]
    216 -> 76 [ label = "" ]
    216 -> 380 [ label = "" ]
    263 -> 77 [ label = "" ]
    226 -> 79 [ label = "" ]
    381 -> 80 [ label = "" ]
    250 -> 80 [ label = "" ]
    250 -> 381 [ label = "" ]
    255 -> 81 [ label = "" ]
    254 -> 81 [ label = "" ]
    382 -> 84 [ label = "" ]
    230 -> 84 [ label = "" ]
    230 -> 382 [ label = "" ]
    178 -> 85 [ label = "" ]
    178 -> 383 [ label = "" ]
    265 -> 85 [ label = "" ]
    265 -> 178 [ label = "" ]
    383 -> 85 [ label = "" ]
    261 -> 86 [ label = "" ]
    384 -> 90 [ label = "" ]
    384 -> 385 [ label = "" ]
    384 -> 252 [ label = "" ]
    384 -> 386 [ label = "" ]
    384 -> 249 [ label = "" ]
    387 -> 90 [ label = "" ]
    387 -> 133 [ label = "" ]
    187 -> 90 [ label = "" ]
    187 -> 388 [ label = "" ]
    187 -> 387 [ label = "" ]
    187 -> 251 [ label = "" ]
    388 -> 90 [ label = "" ]
    388 -> 132 [ label = "" ]
    386 -> 90 [ label = "" ]
    386 -> 119 [ label = "" ]
    188 -> 90 [ label = "" ]
    188 -> 88 [ label = "" ]
    385 -> 90 [ label = "" ]
    385 -> 80 [ label = "" ]
    189 -> 90 [ label = "" ]
    189 -> 384 [ label = "" ]
    260 -> 91 [ label = "" ]
    260 -> 256 [ label = "" ]
    260 -> 255 [ label = "" ]
    389 -> 91 [ label = "" ]
    389 -> 76 [ label = "" ]
    390 -> 91 [ label = "" ]
    390 -> 27 [ label = "" ]
    258 -> 91 [ label = "" ]
    258 -> 390 [ label = "" ]
    258 -> 389 [ label = "" ]
    259 -> 91 [ label = "" ]
    259 -> 10 [ label = "" ]
    334 -> 92 [ label = "" ]
    334 -> 257 [ label = "" ]
    335 -> 92 [ label = "" ]
    248 -> 93 [ label = "" ]
    247 -> 93 [ label = "" ]
    391 -> 94 [ label = "" ]
    391 -> 347 [ label = "" ]
    391 -> 178 [ label = "" ]
    391 -> 261 [ label = "" ]
    217 -> 94 [ label = "" ]
    217 -> 391 [ label = "" ]
    347 -> 94 [ label = "" ]
    251 -> 95 [ label = "" ]
    251 -> 132 [ label = "" ]
    392 -> 96 [ label = "" ]
    392 -> 256 [ label = "" ]
    212 -> 96 [ label = "" ]
    212 -> 132 [ label = "" ]
    213 -> 96 [ label = "" ]
    213 -> 114 [ label = "" ]
    214 -> 96 [ label = "" ]
    214 -> 392 [ label = "" ]
    256 -> 99 [ label = "" ]
    179 -> 99 [ label = "" ]
    179 -> 77 [ label = "" ]
    262 -> 99 [ label = "" ]
    190 -> 99 [ label = "" ]
    190 -> 256 [ label = "" ]
    205 -> 100 [ label = "" ]
    201 -> 100 [ label = "" ]
    204 -> 100 [ label = "" ]
    204 -> 393 [ label = "" ]
    203 -> 100 [ label = "" ]
    202 -> 100 [ label = "" ]
    393 -> 100 [ label = "" ]
    206 -> 100 [ label = "" ]
    394 -> 101 [ label = "" ]
    394 -> 177 [ label = "" ]
    395 -> 101 [ label = "" ]
    270 -> 101 [ label = "" ]
    270 -> 394 [ label = "" ]
    177 -> 101 [ label = "" ]
    177 -> 395 [ label = "" ]
    267 -> 104 [ label = "" ]
    267 -> 266 [ label = "" ]
    267 -> 150 [ label = "" ]
    396 -> 104 [ label = "" ]
    396 -> 85 [ label = "" ]
    239 -> 104 [ label = "" ]
    239 -> 267 [ label = "" ]
    239 -> 396 [ label = "" ]
    397 -> 105 [ label = "" ]
    397 -> 267 [ label = "" ]
    397 -> 268 [ label = "" ]
    240 -> 105 [ label = "" ]
    240 -> 397 [ label = "" ]
    268 -> 106 [ label = "" ]
    268 -> 267 [ label = "" ]
    269 -> 107 [ label = "" ]
    398 -> 108 [ label = "" ]
    399 -> 108 [ label = "" ]
    400 -> 108 [ label = "" ]
    244 -> 108 [ label = "" ]
    244 -> 400 [ label = "" ]
    244 -> 398 [ label = "" ]
    244 -> 399 [ label = "" ]
    284 -> 109 [ label = "" ]
    283 -> 109 [ label = "" ]
    274 -> 110 [ label = "" ]
    180 -> 110 [ label = "" ]
    180 -> 274 [ label = "" ]
    401 -> 111 [ label = "" ]
    401 -> 402 [ label = "" ]
    401 -> 403 [ label = "" ]
    404 -> 111 [ label = "" ]
    404 -> 272 [ label = "" ]
    402 -> 111 [ label = "" ]
    402 -> 79 [ label = "" ]
    403 -> 111 [ label = "" ]
    403 -> 49 [ label = "" ]
    181 -> 111 [ label = "" ]
    181 -> 404 [ label = "" ]
    181 -> 401 [ label = "" ]
    336 -> 112 [ label = "" ]
    336 -> 274 [ label = "" ]
    182 -> 112 [ label = "" ]
    182 -> 336 [ label = "" ]
    252 -> 113 [ label = "" ]
    252 -> 278 [ label = "" ]
    252 -> 275 [ label = "" ]
    252 -> 405 [ label = "" ]
    252 -> 406 [ label = "" ]
    252 -> 407 [ label = "" ]
    407 -> 113 [ label = "" ]
    407 -> 76 [ label = "" ]
    408 -> 113 [ label = "" ]
    408 -> 409 [ label = "" ]
    406 -> 113 [ label = "" ]
    406 -> 408 [ label = "" ]
    406 -> 277 [ label = "" ]
    273 -> 113 [ label = "" ]
    273 -> 252 [ label = "" ]
    405 -> 113 [ label = "" ]
    405 -> 276 [ label = "" ]
    410 -> 114 [ label = "" ]
    410 -> 411 [ label = "" ]
    412 -> 114 [ label = "" ]
    412 -> 282 [ label = "" ]
    412 -> 279 [ label = "" ]
    412 -> 413 [ label = "" ]
    412 -> 414 [ label = "" ]
    412 -> 415 [ label = "" ]
    411 -> 114 [ label = "" ]
    411 -> 116 [ label = "" ]
    415 -> 114 [ label = "" ]
    415 -> 76 [ label = "" ]
    414 -> 114 [ label = "" ]
    414 -> 281 [ label = "" ]
    215 -> 114 [ label = "" ]
    215 -> 412 [ label = "" ]
    215 -> 410 [ label = "" ]
    413 -> 114 [ label = "" ]
    413 -> 280 [ label = "" ]
    275 -> 115 [ label = "" ]
    275 -> 284 [ label = "" ]
    279 -> 116 [ label = "" ]
    279 -> 284 [ label = "" ]
    278 -> 117 [ label = "" ]
    278 -> 276 [ label = "" ]
    278 -> 277 [ label = "" ]
    278 -> 285 [ label = "" ]
    277 -> 117 [ label = "" ]
    277 -> 57 [ label = "" ]
    276 -> 117 [ label = "" ]
    282 -> 118 [ label = "" ]
    282 -> 280 [ label = "" ]
    282 -> 281 [ label = "" ]
    282 -> 286 [ label = "" ]
    281 -> 118 [ label = "" ]
    281 -> 58 [ label = "" ]
    280 -> 118 [ label = "" ]
    416 -> 124 [ label = "" ]
    416 -> 308 [ label = "" ]
    416 -> 319 [ label = "" ]
    417 -> 124 [ label = "" ]
    417 -> 307 [ label = "" ]
    417 -> 318 [ label = "" ]
    418 -> 124 [ label = "" ]
    418 -> 306 [ label = "" ]
    418 -> 309 [ label = "" ]
    418 -> 317 [ label = "" ]
    419 -> 124 [ label = "" ]
    419 -> 305 [ label = "" ]
    419 -> 316 [ label = "" ]
    420 -> 124 [ label = "" ]
    420 -> 304 [ label = "" ]
    420 -> 315 [ label = "" ]
    421 -> 124 [ label = "" ]
    421 -> 303 [ label = "" ]
    421 -> 314 [ label = "" ]
    422 -> 124 [ label = "" ]
    422 -> 302 [ label = "" ]
    422 -> 313 [ label = "" ]
    423 -> 124 [ label = "" ]
    423 -> 422 [ label = "" ]
    423 -> 421 [ label = "" ]
    423 -> 420 [ label = "" ]
    423 -> 419 [ label = "" ]
    423 -> 418 [ label = "" ]
    423 -> 417 [ label = "" ]
    423 -> 416 [ label = "" ]
    423 -> 301 [ label = "" ]
    423 -> 312 [ label = "" ]
    424 -> 124 [ label = "" ]
    424 -> 300 [ label = "" ]
    424 -> 311 [ label = "" ]
    425 -> 124 [ label = "" ]
    425 -> 295 [ label = "" ]
    426 -> 124 [ label = "" ]
    426 -> 4 [ label = "" ]
    426 -> 85 [ label = "" ]
    426 -> 299 [ label = "" ]
    427 -> 124 [ label = "" ]
    427 -> 298 [ label = "" ]
    428 -> 124 [ label = "" ]
    428 -> 296 [ label = "" ]
    429 -> 124 [ label = "" ]
    430 -> 124 [ label = "" ]
    430 -> 297 [ label = "" ]
    431 -> 124 [ label = "" ]
    431 -> 429 [ label = "" ]
    431 -> 428 [ label = "" ]
    431 -> 425 [ label = "" ]
    431 -> 430 [ label = "" ]
    431 -> 427 [ label = "" ]
    431 -> 426 [ label = "" ]
    227 -> 124 [ label = "" ]
    227 -> 424 [ label = "" ]
    227 -> 431 [ label = "" ]
    227 -> 423 [ label = "" ]
    227 -> 310 [ label = "" ]
    309 -> 125 [ label = "" ]
    308 -> 125 [ label = "" ]
    307 -> 125 [ label = "" ]
    306 -> 125 [ label = "" ]
    305 -> 125 [ label = "" ]
    304 -> 125 [ label = "" ]
    303 -> 125 [ label = "" ]
    302 -> 125 [ label = "" ]
    301 -> 125 [ label = "" ]
    301 -> 302 [ label = "" ]
    301 -> 303 [ label = "" ]
    301 -> 304 [ label = "" ]
    301 -> 305 [ label = "" ]
    301 -> 306 [ label = "" ]
    301 -> 307 [ label = "" ]
    301 -> 308 [ label = "" ]
    301 -> 309 [ label = "" ]
    292 -> 125 [ label = "" ]
    292 -> 126 [ label = "" ]
    292 -> 291 [ label = "" ]
    300 -> 125 [ label = "" ]
    300 -> 291 [ label = "" ]
    432 -> 125 [ label = "" ]
    432 -> 85 [ label = "" ]
    433 -> 125 [ label = "" ]
    433 -> 300 [ label = "" ]
    433 -> 4 [ label = "" ]
    299 -> 125 [ label = "" ]
    299 -> 432 [ label = "" ]
    299 -> 433 [ label = "" ]
    298 -> 125 [ label = "" ]
    434 -> 125 [ label = "" ]
    434 -> 291 [ label = "" ]
    294 -> 125 [ label = "" ]
    294 -> 434 [ label = "" ]
    297 -> 125 [ label = "" ]
    297 -> 434 [ label = "" ]
    293 -> 125 [ label = "" ]
    293 -> 292 [ label = "" ]
    293 -> 294 [ label = "" ]
    296 -> 125 [ label = "" ]
    296 -> 291 [ label = "" ]
    296 -> 434 [ label = "" ]
    295 -> 125 [ label = "" ]
    295 -> 434 [ label = "" ]
    291 -> 125 [ label = "" ]
    319 -> 126 [ label = "" ]
    318 -> 126 [ label = "" ]
    317 -> 126 [ label = "" ]
    316 -> 126 [ label = "" ]
    315 -> 126 [ label = "" ]
    314 -> 126 [ label = "" ]
    313 -> 126 [ label = "" ]
    312 -> 126 [ label = "" ]
    312 -> 313 [ label = "" ]
    312 -> 314 [ label = "" ]
    312 -> 315 [ label = "" ]
    312 -> 316 [ label = "" ]
    312 -> 317 [ label = "" ]
    312 -> 318 [ label = "" ]
    312 -> 319 [ label = "" ]
    311 -> 126 [ label = "" ]
    310 -> 126 [ label = "" ]
    310 -> 311 [ label = "" ]
    310 -> 312 [ label = "" ]
    218 -> 128 [ label = "" ]
    435 -> 131 [ label = "" ]
    208 -> 131 [ label = "" ]
    208 -> 132 [ label = "" ]
    209 -> 131 [ label = "" ]
    209 -> 435 [ label = "" ]
    324 -> 132 [ label = "" ]
    323 -> 132 [ label = "" ]
    323 -> 133 [ label = "" ]
    337 -> 132 [ label = "" ]
    191 -> 132 [ label = "" ]
    191 -> 323 [ label = "" ]
    192 -> 132 [ label = "" ]
    192 -> 324 [ label = "" ]
    253 -> 133 [ label = "" ]
    210 -> 134 [ label = "" ]
    436 -> 134 [ label = "" ]
    436 -> 324 [ label = "" ]
    211 -> 134 [ label = "" ]
    211 -> 436 [ label = "" ]
    341 -> 135 [ label = "" ]
    341 -> 132 [ label = "" ]
    332 -> 137 [ label = "" ]
    332 -> 138 [ label = "" ]
    437 -> 137 [ label = "" ]
    437 -> 122 [ label = "" ]
    331 -> 137 [ label = "" ]
    331 -> 437 [ label = "" ]
    438 -> 141 [ label = "" ]
    438 -> 324 [ label = "" ]
    338 -> 141 [ label = "" ]
    338 -> 132 [ label = "" ]
    339 -> 141 [ label = "" ]
    339 -> 438 [ label = "" ]
    194 -> 142 [ label = "" ]
    194 -> 143 [ label = "" ]
    193 -> 142 [ label = "" ]
    193 -> 332 [ label = "" ]
    439 -> 142 [ label = "" ]
    439 -> 122 [ label = "" ]
    195 -> 142 [ label = "" ]
    195 -> 439 [ label = "" ]
    195 -> 331 [ label = "" ]
    195 -> 330 [ label = "" ]
    196 -> 144 [ label = "" ]
    196 -> 195 [ label = "" ]
    196 -> 330 [ label = "" ]
    231 -> 146 [ label = "" ]
    231 -> 92 [ label = "" ]
    224 -> 147 [ label = "" ]
    440 -> 147 [ label = "" ]
    440 -> 112 [ label = "" ]
    441 -> 147 [ label = "" ]
    441 -> 274 [ label = "" ]
    441 -> 336 [ label = "" ]
    442 -> 147 [ label = "" ]
    442 -> 440 [ label = "" ]
    443 -> 147 [ label = "" ]
    241 -> 147 [ label = "" ]
    225 -> 147 [ label = "" ]
    444 -> 147 [ label = "" ]
    183 -> 147 [ label = "" ]
    183 -> 444 [ label = "" ]
    183 -> 443 [ label = "" ]
    183 -> 442 [ label = "" ]
    183 -> 445 [ label = "" ]
    183 -> 441 [ label = "" ]
    445 -> 147 [ label = "" ]
    199 -> 148 [ label = "" ]
    446 -> 148 [ label = "" ]
    446 -> 112 [ label = "" ]
    447 -> 148 [ label = "" ]
    447 -> 274 [ label = "" ]
    447 -> 336 [ label = "" ]
    448 -> 148 [ label = "" ]
    448 -> 446 [ label = "" ]
    449 -> 148 [ label = "" ]
    198 -> 148 [ label = "" ]
    450 -> 148 [ label = "" ]
    200 -> 148 [ label = "" ]
    200 -> 450 [ label = "" ]
    200 -> 449 [ label = "" ]
    200 -> 448 [ label = "" ]
    200 -> 451 [ label = "" ]
    200 -> 447 [ label = "" ]
    451 -> 148 [ label = "" ]
    219 -> 152 [ label = "" ]
    452 -> 153 [ label = "" ]
    452 -> 155 [ label = "" ]
    453 -> 153 [ label = "" ]
    453 -> 155 [ label = "" ]
    340 -> 153 [ label = "" ]
    340 -> 452 [ label = "" ]
    340 -> 453 [ label = "" ]
    342 -> 154 [ label = "" ]
    342 -> 132 [ label = "" ]
    343 -> 155 [ label = "" ]
    343 -> 132 [ label = "" ]
    343 -> 342 [ label = "" ]
    343 -> 135 [ label = "" ]
    344 -> 155 [ label = "" ]
    328 -> 158 [ label = "" ]
    266 -> 160 [ label = "" ]
    454 -> 164 [ label = "" ]
    232 -> 164 [ label = "" ]
    232 -> 454 [ label = "" ]
    236 -> 165 [ label = "" ]
    234 -> 165 [ label = "" ]
    234 -> 455 [ label = "" ]
    455 -> 165 [ label = "" ]
    455 -> 456 [ label = "" ]
    235 -> 165 [ label = "" ]
    235 -> 457 [ label = "" ]
    457 -> 165 [ label = "" ]
    457 -> 456 [ label = "" ]
    233 -> 165 [ label = "" ]
    233 -> 456 [ label = "" ]
    456 -> 165 [ label = "" ]
    458 -> 174 [ label = "" ]
    458 -> 459 [ label = "" ]
    346 -> 174 [ label = "" ]
    346 -> 458 [ label = "" ]
    459 -> 174 [ label = "" ]
}
