---
source: tests/features.rs
expression: dotgraph
---
digraph {
    0 [ label = "crate ahash 0.7.7" ]
    1 [ label = "crate approx 0.4.0" ]
    2 [ label = "crate async-trait 0.1.77" ]
    3 [ label = "crate autocfg 1.1.0" ]
    4 [ label = "crate base64 0.13.1" ]
    5 [ label = "crate bitflags 1.3.2" ]
    6 [ label = "crate block-buffer 0.10.4" ]
    7 [ label = "crate bytes 1.6.0" ]
    8 [ label = "crate camino 1.1.6" ]
    9 [ label = "crate cargo-platform 0.1.8" ]
    10 [ label = "crate cargo_metadata 0.15.4" ]
    11 [ label = "crate cargo_metadata 0.17.0" ]
    12 [ label = "crate cauchy 0.4.0" ]
    13 [ label = "crate cblas-sys 0.1.4" ]
    14 [ label = "crate cc 1.0.83" ]
    15 [ label = "crate cfg-expr 0.11.0" ]
    16 [ label = "crate cfg-expr 0.15.7" ]
    17 [ label = "crate cfg-if 1.0.0" ]
    18 [ label = "crate cmake 0.1.50" ]
    19 [ label = "crate config 0.13.4" ]
    20 [ label = "crate cpufeatures 0.2.12" ]
    21 [ label = "crate crypto-common 0.1.6" ]
    22 [ label = "crate digest 0.10.7" ]
    23 [ label = "crate dlv-list 0.3.0" ]
    24 [ label = "crate equivalent 1.0.1" ]
    25 [ label = "crate feature-bug 0.1.0 path+file:///krates/tests/feature-bug" ]
    26 [ label = "crate fixedbitset 0.4.2" ]
    27 [ label = "crate fnv 1.0.7" ]
    28 [ label = "crate generic-array 0.14.7" ]
    29 [ label = "crate getrandom 0.2.12" ]
    30 [ label = "crate hashbrown 0.12.3" ]
    31 [ label = "crate hashbrown 0.14.3" ]
    32 [ label = "crate home 0.5.9" ]
    33 [ label = "crate http 0.2.12" ]
    34 [ label = "crate indexmap 2.2.6" ]
    35 [ label = "crate itoa 1.0.10" ]
    36 [ label = "crate json5 0.4.1" ]
    37 [ label = "crate katexit 0.1.4" ]
    38 [ label = "crate krates 0.12.2 git+https://github.com/EmbarkStudios/krates?tag=0.12.2" ]
    39 [ label = "crate krates 0.14.1 git+https://github.com/EmbarkStudios/krates?tag=0.14.1" ]
    40 [ label = "crate lapack-sys 0.14.0" ]
    41 [ label = "crate lax 0.16.0" ]
    42 [ label = "crate lazy_static 1.4.0" ]
    43 [ label = "crate libc 0.2.152" ]
    44 [ label = "crate linked-hash-map 0.5.6" ]
    45 [ label = "crate matrixmultiply 0.3.8" ]
    46 [ label = "crate memchr 2.7.1" ]
    47 [ label = "crate minimal-lexical 0.2.1" ]
    48 [ label = "crate ndarray 0.15.6" ]
    49 [ label = "crate ndarray-linalg 0.16.0" ]
    50 [ label = "crate netlib-src 0.8.0" ]
    51 [ label = "crate nom 7.1.3" ]
    52 [ label = "crate num-complex 0.4.4" ]
    53 [ label = "crate num-integer 0.1.45" ]
    54 [ label = "crate num-traits 0.2.17" ]
    55 [ label = "crate once_cell 1.19.0" ]
    56 [ label = "crate ordered-multimap 0.4.3" ]
    57 [ label = "crate pathdiff 0.2.1" ]
    58 [ label = "crate pest 2.7.6" ]
    59 [ label = "crate pest_derive 2.7.6" ]
    60 [ label = "crate pest_generator 2.7.6" ]
    61 [ label = "crate pest_meta 2.7.6" ]
    62 [ label = "crate petgraph 0.6.4" ]
    63 [ label = "crate ppv-lite86 0.2.17" ]
    64 [ label = "crate proc-macro2 1.0.76" ]
    65 [ label = "crate quote 1.0.35" ]
    66 [ label = "crate rand 0.8.5" ]
    67 [ label = "crate rand_chacha 0.3.1" ]
    68 [ label = "crate rand_core 0.6.4" ]
    69 [ label = "crate rawpointer 0.2.1" ]
    70 [ label = "crate ron 0.7.1" ]
    71 [ label = "crate rust-ini 0.18.0" ]
    72 [ label = "crate ryu 1.0.16" ]
    73 [ label = "crate semver 1.0.22" ]
    74 [ label = "crate serde 1.0.195" ]
    75 [ label = "crate serde_derive 1.0.195" ]
    76 [ label = "crate serde_json 1.0.111" ]
    77 [ label = "crate serde_spanned 0.6.5" ]
    78 [ label = "crate sha2 0.10.8" ]
    79 [ label = "crate smallvec 1.13.2" ]
    80 [ label = "crate smol_str 0.2.1" ]
    81 [ label = "crate static_assertions 1.1.0" ]
    82 [ label = "crate sub-crate 0.1.0 path+file:///krates/tests/feature-bug/sub-crate" ]
    83 [ label = "crate syn 1.0.109" ]
    84 [ label = "crate syn 2.0.48" ]
    85 [ label = "crate tame-index 0.4.1" ]
    86 [ label = "crate thiserror 1.0.56" ]
    87 [ label = "crate thiserror-impl 1.0.56" ]
    88 [ label = "crate toml 0.5.11" ]
    89 [ label = "crate toml 0.7.8" ]
    90 [ label = "crate toml_datetime 0.6.5" ]
    91 [ label = "crate toml_edit 0.19.15" ]
    92 [ label = "crate twox-hash 1.6.3" ]
    93 [ label = "crate typenum 1.17.0" ]
    94 [ label = "crate ucd-trie 0.1.6" ]
    95 [ label = "crate unicode-ident 1.0.12" ]
    96 [ label = "crate version_check 0.9.4" ]
    97 [ label = "crate wasi 0.11.0+wasi-snapshot-preview1" ]
    98 [ label = "crate windows-sys 0.52.0" ]
    99 [ label = "crate windows-targets 0.52.0" ]
    100 [ label = "crate windows_aarch64_gnullvm 0.52.0" ]
    101 [ label = "crate windows_aarch64_msvc 0.52.0" ]
    102 [ label = "crate windows_i686_gnu 0.52.0" ]
    103 [ label = "crate windows_i686_msvc 0.52.0" ]
    104 [ label = "crate windows_x86_64_gnu 0.52.0" ]
    105 [ label = "crate windows_x86_64_gnullvm 0.52.0" ]
    106 [ label = "crate windows_x86_64_msvc 0.52.0" ]
    107 [ label = "crate winnow 0.5.40" ]
    108 [ label = "crate yaml-rust 0.4.5" ]
    109 [ label = "feature alloc" ]
    110 [ label = "feature default" ]
    111 [ label = "feature default" ]
    112 [ label = "feature full" ]
    113 [ label = "feature visit-mut" ]
    114 [ label = "feature default" ]
    115 [ label = "feature derive" ]
    116 [ label = "feature default" ]
    117 [ label = "feature serde1" ]
    118 [ label = "feature serde" ]
    119 [ label = "feature default" ]
    120 [ label = "feature unbounded_depth" ]
    121 [ label = "feature default" ]
    122 [ label = "feature serde" ]
    123 [ label = "feature rand" ]
    124 [ label = "feature default" ]
    125 [ label = "feature default" ]
    126 [ label = "feature default" ]
    127 [ label = "feature default" ]
    128 [ label = "feature default" ]
    129 [ label = "feature default" ]
    130 [ label = "feature default" ]
    131 [ label = "feature more_lengths" ]
    132 [ label = "feature prefer-index" ]
    133 [ label = "feature simple" ]
    134 [ label = "feature Win32_Foundation" ]
    135 [ label = "feature Win32_UI_Shell" ]
    136 [ label = "feature Win32_System_Com" ]
    137 [ label = "feature default" ]
    138 [ label = "feature default" ]
    139 [ label = "feature default" ]
    140 [ label = "feature raw" ]
    141 [ label = "feature default" ]
    142 [ label = "feature default" ]
    143 [ label = "feature full" ]
    144 [ label = "feature extra-traits" ]
    145 [ label = "feature default" ]
    146 [ label = "feature default" ]
    147 [ label = "feature default" ]
    148 [ label = "feature default" ]
    149 [ label = "feature default" ]
    150 [ label = "feature default" ]
    151 [ label = "feature cblas" ]
    152 [ label = "feature static" ]
    153 [ label = "feature cgemm" ]
    154 [ label = "feature std" ]
    155 [ label = "feature std" ]
    156 [ label = "feature netlib" ]
    157 [ label = "feature blas" ]
    158 [ label = "feature approx" ]
    159 [ label = "feature std" ]
    160 [ label = "feature std" ]
    161 [ label = "feature std" ]
    162 [ label = "feature i128" ]
    163 [ label = "feature default" ]
    164 [ label = "feature default" ]
    165 [ label = "feature std" ]
    166 [ label = "feature std" ]
    167 [ label = "feature std" ]
    168 [ label = "feature default" ]
    169 [ label = "feature default" ]
    170 [ label = "feature default" ]
    171 [ label = "feature proc-macro" ]
    172 [ label = "feature std" ]
    173 [ label = "feature alloc" ]
    174 [ label = "feature getrandom" ]
    175 [ label = "feature std" ]
    176 [ label = "feature simd" ]
    177 [ label = "feature std" ]
    178 [ label = "feature std" ]
    179 [ label = "feature default" ]
    180 [ label = "feature default" ]
    181 [ label = "feature serde_derive" ]
    182 [ label = "feature default" ]
    183 [ label = "feature std" ]
    184 [ label = "feature default" ]
    185 [ label = "feature default" ]
    186 [ label = "feature netlib" ]
    187 [ label = "feature default" ]
    188 [ label = "feature proc-macro" ]
    189 [ label = "feature rc" ]
    190 [ label = "feature serde" ]
    191 [ label = "feature default" ]
    192 [ label = "feature default" ]
    193 [ label = "feature serde" ]
    194 [ label = "feature serde" ]
    195 [ label = "feature serde" ]
    196 [ label = "feature default" ]
    197 [ label = "feature std" ]
    198 [ label = "feature default" ]
    199 [ label = "feature std" ]
    200 [ label = "feature std" ]
    201 [ label = "feature serde" ]
    202 [ label = "feature yaml-rust" ]
    203 [ label = "feature yaml" ]
    204 [ label = "feature toml" ]
    205 [ label = "feature serde_json" ]
    206 [ label = "feature rust-ini" ]
    207 [ label = "feature ron" ]
    208 [ label = "feature json5_rs" ]
    209 [ label = "feature json5_rs" ]
    210 [ label = "feature json5" ]
    211 [ label = "feature json" ]
    212 [ label = "feature ini" ]
    213 [ label = "feature core-api" ]
    214 [ label = "feature block-buffer" ]
    215 [ label = "feature std" ]
    216 [ label = "feature inline-more" ]
    217 [ label = "feature ahash" ]
    218 [ label = "feature netlib-static" ]
    219 [ label = "feature std" ]
    220 [ label = "feature alloc" ]
    221 [ label = "feature libc" ]
    222 [ label = "feature cblas-sys" ]
    223 [ label = "feature std" ]
    224 [ label = "feature alloc" ]
    225 [ label = "feature std" ]
    226 [ label = "feature std" ]
    227 [ label = "feature race" ]
    228 [ label = "feature memchr" ]
    229 [ label = "feature std" ]
    230 [ label = "feature stable_graph" ]
    231 [ label = "feature matrix_graph" ]
    232 [ label = "feature graphmap" ]
    233 [ label = "feature std_rng" ]
    234 [ label = "feature rand_chacha" ]
    235 [ label = "feature std" ]
    236 [ label = "feature alloc" ]
    237 [ label = "feature getrandom" ]
    238 [ label = "feature libc" ]
    239 [ label = "feature std" ]
    240 [ label = "feature std" ]
    241 [ label = "feature std" ]
    242 [ label = "feature quote" ]
    243 [ label = "feature proc-macro" ]
    244 [ label = "feature printing" ]
    245 [ label = "feature parsing" ]
    246 [ label = "feature derive" ]
    247 [ label = "feature clone-impls" ]
    248 [ label = "feature quote" ]
    249 [ label = "feature proc-macro" ]
    250 [ label = "feature printing" ]
    251 [ label = "feature parsing" ]
    252 [ label = "feature derive" ]
    253 [ label = "feature clone-impls" ]
    254 [ label = "feature parse" ]
    255 [ label = "feature display" ]
    256 [ label = "feature Win32_UI" ]
    257 [ label = "feature Win32" ]
    258 [ label = "feature Win32_System" ]
    259 [ label = "feature std" ]
    260 [ label = "feature alloc" ]
    0 -> 29 [ label = " 'cfg(any(target_os = \"linux\", target_os = \"android\", target_os = \"windows\", target_os = \"macos\", target_os = \"ios\", target_os = \"freebsd\", target_os = \"openbsd\", target_os = \"netbsd\", target_os = \"dragonfly\", target_os = \"solaris\", target_os = \"illumos\", target_os = \"fuchsia\", target_os = \"redox\", target_os = \"cloudabi\", target_os = \"haiku\", target_os = \"vxworks\", target_os = \"emscripten\", target_os = \"wasi\"))'" ]
    0 -> 109 [ label = " 'cfg(not(all(target_arch = \"arm\", target_os = \"none\")))'" ]
    0 -> 96 [ label = "(build)" ]
    1 -> 54 [ label = "" ]
    2 -> 110 [ label = "" ]
    2 -> 111 [ label = "" ]
    2 -> 112 [ label = "" ]
    2 -> 113 [ label = "" ]
    2 -> 114 [ label = "" ]
    6 -> 28 [ label = "" ]
    8 -> 115 [ label = "" ]
    8 -> 116 [ label = "" ]
    9 -> 116 [ label = "" ]
    10 -> 117 [ label = "" ]
    10 -> 9 [ label = "" ]
    10 -> 118 [ label = "" ]
    10 -> 119 [ label = "" ]
    10 -> 115 [ label = "" ]
    10 -> 116 [ label = "" ]
    10 -> 120 [ label = "" ]
    10 -> 121 [ label = "" ]
    10 -> 86 [ label = "" ]
    11 -> 117 [ label = "" ]
    11 -> 9 [ label = "" ]
    11 -> 118 [ label = "" ]
    11 -> 119 [ label = "" ]
    11 -> 115 [ label = "" ]
    11 -> 116 [ label = "" ]
    11 -> 120 [ label = "" ]
    11 -> 121 [ label = "" ]
    11 -> 86 [ label = "" ]
    12 -> 122 [ label = "" ]
    12 -> 123 [ label = "" ]
    12 -> 124 [ label = "" ]
    12 -> 125 [ label = "" ]
    12 -> 126 [ label = "" ]
    12 -> 116 [ label = "" ]
    13 -> 127 [ label = "" ]
    14 -> 43 [ label = " 'cfg(unix)'" ]
    15 -> 79 [ label = "" ]
    16 -> 79 [ label = "" ]
    18 -> 14 [ label = "" ]
    19 -> 2 [ label = "" ]
    19 -> 36 [ label = "" ]
    19 -> 42 [ label = "" ]
    19 -> 128 [ label = "" ]
    19 -> 57 [ label = "" ]
    19 -> 70 [ label = "" ]
    19 -> 129 [ label = "" ]
    19 -> 116 [ label = "" ]
    19 -> 121 [ label = "" ]
    19 -> 130 [ label = "" ]
    19 -> 108 [ label = "" ]
    20 -> 127 [ label = " 'aarch64-linux-android'" ]
    20 -> 127 [ label = " 'cfg(all(target_arch = \"aarch64\", target_os = \"linux\"))'" ]
    20 -> 127 [ label = " 'cfg(all(target_arch = \"aarch64\", target_vendor = \"apple\"))'" ]
    20 -> 127 [ label = " 'cfg(all(target_arch = \"loongarch64\", target_os = \"linux\"))'" ]
    21 -> 131 [ label = "" ]
    21 -> 93 [ label = "" ]
    22 -> 6 [ label = "" ]
    22 -> 21 [ label = "" ]
    25 -> 38 [ label = "" ]
    25 -> 132 [ label = "" ]
    25 -> 133 [ label = "" ]
    28 -> 93 [ label = "" ]
    28 -> 96 [ label = "(build)" ]
    29 -> 17 [ label = "" ]
    29 -> 43 [ label = " 'cfg(unix)'" ]
    29 -> 97 [ label = " 'cfg(target_os = \"wasi\")'" ]
    30 -> 0 [ label = "" ]
    32 -> 134 [ label = " 'cfg(windows)'" ]
    32 -> 135 [ label = " 'cfg(windows)'" ]
    32 -> 136 [ label = " 'cfg(windows)'" ]
    32 -> 137 [ label = " 'cfg(windows)'" ]
    33 -> 138 [ label = "" ]
    33 -> 139 [ label = "" ]
    33 -> 35 [ label = "" ]
    34 -> 24 [ label = "" ]
    34 -> 140 [ label = "" ]
    36 -> 141 [ label = "" ]
    36 -> 142 [ label = "" ]
    36 -> 116 [ label = "" ]
    37 -> 110 [ label = "" ]
    37 -> 111 [ label = "" ]
    37 -> 143 [ label = "" ]
    37 -> 144 [ label = "" ]
    37 -> 145 [ label = "" ]
    38 -> 146 [ label = "" ]
    38 -> 147 [ label = "" ]
    38 -> 148 [ label = "" ]
    38 -> 119 [ label = "" ]
    39 -> 149 [ label = "" ]
    39 -> 150 [ label = "" ]
    39 -> 148 [ label = "" ]
    39 -> 119 [ label = "" ]
    39 -> 85 [ label = "" ]
    40 -> 127 [ label = "" ]
    41 -> 12 [ label = "" ]
    41 -> 37 [ label = "" ]
    41 -> 40 [ label = "" ]
    41 -> 151 [ label = "" ]
    41 -> 152 [ label = "" ]
    41 -> 125 [ label = "" ]
    41 -> 86 [ label = "" ]
    45 -> 3 [ label = "(build)" ]
    45 -> 69 [ label = "" ]
    48 -> 1 [ label = "" ]
    48 -> 13 [ label = "" ]
    48 -> 127 [ label = "" ]
    48 -> 153 [ label = "" ]
    48 -> 154 [ label = "" ]
    48 -> 52 [ label = "" ]
    48 -> 53 [ label = "" ]
    48 -> 54 [ label = "" ]
    48 -> 155 [ label = "" ]
    48 -> 69 [ label = "" ]
    49 -> 12 [ label = "" ]
    49 -> 37 [ label = "" ]
    49 -> 41 [ label = "" ]
    49 -> 156 [ label = "" ]
    49 -> 157 [ label = "" ]
    49 -> 158 [ label = "" ]
    49 -> 159 [ label = "" ]
    49 -> 124 [ label = "" ]
    49 -> 125 [ label = "" ]
    49 -> 126 [ label = "" ]
    49 -> 86 [ label = "" ]
    50 -> 18 [ label = "(build)" ]
    51 -> 46 [ label = "" ]
    51 -> 160 [ label = "" ]
    51 -> 47 [ label = "" ]
    51 -> 161 [ label = "" ]
    52 -> 162 [ label = "" ]
    52 -> 155 [ label = "" ]
    52 -> 66 [ label = "" ]
    52 -> 74 [ label = "" ]
    53 -> 3 [ label = "(build)" ]
    53 -> 54 [ label = "" ]
    54 -> 3 [ label = "(build)" ]
    56 -> 23 [ label = "" ]
    56 -> 163 [ label = "" ]
    58 -> 164 [ label = "" ]
    58 -> 86 [ label = "" ]
    58 -> 94 [ label = "" ]
    58 -> 165 [ label = "" ]
    59 -> 58 [ label = "" ]
    59 -> 166 [ label = "" ]
    59 -> 60 [ label = "" ]
    59 -> 167 [ label = "" ]
    60 -> 58 [ label = "" ]
    60 -> 166 [ label = "" ]
    60 -> 168 [ label = "" ]
    60 -> 110 [ label = "" ]
    60 -> 111 [ label = "" ]
    60 -> 114 [ label = "" ]
    61 -> 169 [ label = "" ]
    61 -> 141 [ label = "" ]
    61 -> 78 [ label = "(build)" ]
    62 -> 26 [ label = "" ]
    62 -> 170 [ label = "" ]
    64 -> 95 [ label = "" ]
    65 -> 64 [ label = "" ]
    65 -> 171 [ label = "" ]
    66 -> 43 [ label = " 'cfg(unix)'" ]
    66 -> 67 [ label = "" ]
    66 -> 172 [ label = "" ]
    66 -> 68 [ label = "" ]
    66 -> 173 [ label = "" ]
    66 -> 174 [ label = "" ]
    66 -> 175 [ label = "" ]
    67 -> 176 [ label = "" ]
    67 -> 177 [ label = "" ]
    67 -> 68 [ label = "" ]
    68 -> 29 [ label = "" ]
    68 -> 178 [ label = "" ]
    70 -> 179 [ label = "" ]
    70 -> 180 [ label = "" ]
    70 -> 181 [ label = "" ]
    70 -> 116 [ label = "" ]
    71 -> 17 [ label = "" ]
    71 -> 56 [ label = "" ]
    73 -> 74 [ label = "" ]
    74 -> 182 [ label = "" ]
    74 -> 182 [ label = " 'cfg(any())'" ]
    75 -> 110 [ label = "" ]
    75 -> 111 [ label = "" ]
    75 -> 114 [ label = "" ]
    76 -> 35 [ label = "" ]
    76 -> 72 [ label = "" ]
    76 -> 74 [ label = "" ]
    76 -> 183 [ label = "" ]
    77 -> 116 [ label = "" ]
    78 -> 17 [ label = "" ]
    78 -> 20 [ label = " 'cfg(any(target_arch = \"aarch64\", target_arch = \"x86_64\", target_arch = \"x86\"))'" ]
    78 -> 184 [ label = "" ]
    80 -> 74 [ label = "" ]
    80 -> 183 [ label = "" ]
    82 -> 185 [ label = "" ]
    82 -> 186 [ label = " 'cfg(target_os = \"linux\")'" ]
    82 -> 187 [ label = " 'cfg(target_os = \"linux\")'" ]
    82 -> 186 [ label = " 'cfg(target_os = \"windows\")'" ]
    82 -> 187 [ label = " 'cfg(target_os = \"windows\")'" ]
    83 -> 64 [ label = "" ]
    83 -> 171 [ label = "" ]
    83 -> 65 [ label = "" ]
    83 -> 188 [ label = "" ]
    83 -> 95 [ label = "" ]
    84 -> 64 [ label = "" ]
    84 -> 171 [ label = "" ]
    84 -> 65 [ label = "" ]
    84 -> 188 [ label = "" ]
    84 -> 95 [ label = "" ]
    85 -> 8 [ label = "" ]
    85 -> 32 [ label = "" ]
    85 -> 33 [ label = "" ]
    85 -> 164 [ label = "" ]
    85 -> 118 [ label = "" ]
    85 -> 119 [ label = "" ]
    85 -> 115 [ label = "" ]
    85 -> 189 [ label = "" ]
    85 -> 116 [ label = "" ]
    85 -> 121 [ label = "" ]
    85 -> 190 [ label = "" ]
    85 -> 191 [ label = "" ]
    85 -> 86 [ label = "" ]
    85 -> 192 [ label = "" ]
    85 -> 92 [ label = "" ]
    86 -> 87 [ label = "" ]
    87 -> 110 [ label = "" ]
    87 -> 111 [ label = "" ]
    87 -> 114 [ label = "" ]
    88 -> 116 [ label = "" ]
    89 -> 116 [ label = "" ]
    89 -> 193 [ label = "" ]
    89 -> 194 [ label = "" ]
    89 -> 195 [ label = "" ]
    89 -> 196 [ label = "" ]
    90 -> 116 [ label = "" ]
    91 -> 197 [ label = "" ]
    91 -> 170 [ label = "" ]
    91 -> 116 [ label = "" ]
    91 -> 193 [ label = "" ]
    91 -> 90 [ label = "" ]
    91 -> 194 [ label = "" ]
    91 -> 198 [ label = "" ]
    92 -> 17 [ label = "" ]
    92 -> 81 [ label = "" ]
    98 -> 99 [ label = "" ]
    99 -> 100 [ label = " 'aarch64-pc-windows-gnullvm'" ]
    99 -> 101 [ label = " 'cfg(all(target_arch = \"aarch64\", target_env = \"msvc\", not(windows_raw_dylib)))'" ]
    99 -> 102 [ label = " 'cfg(all(target_arch = \"x86\", target_env = \"gnu\", not(windows_raw_dylib)))'" ]
    99 -> 103 [ label = " 'cfg(all(target_arch = \"x86\", target_env = \"msvc\", not(windows_raw_dylib)))'" ]
    99 -> 104 [ label = " 'cfg(all(target_arch = \"x86_64\", target_env = \"gnu\", not(target_abi = \"llvm\"), not(windows_raw_dylib)))'" ]
    99 -> 105 [ label = " 'x86_64-pc-windows-gnullvm'" ]
    99 -> 106 [ label = " 'cfg(all(target_arch = \"x86_64\", target_env = \"msvc\", not(windows_raw_dylib)))'" ]
    108 -> 44 [ label = "" ]
    199 -> 4 [ label = "" ]
    179 -> 4 [ label = "" ]
    179 -> 199 [ label = "" ]
    180 -> 5 [ label = "" ]
    200 -> 7 [ label = "" ]
    138 -> 7 [ label = "" ]
    138 -> 200 [ label = "" ]
    117 -> 8 [ label = "" ]
    117 -> 201 [ label = "" ]
    201 -> 8 [ label = "" ]
    201 -> 74 [ label = "" ]
    146 -> 10 [ label = "" ]
    149 -> 11 [ label = "" ]
    147 -> 15 [ label = "" ]
    150 -> 16 [ label = "" ]
    202 -> 19 [ label = "" ]
    202 -> 108 [ label = "" ]
    203 -> 19 [ label = "" ]
    203 -> 202 [ label = "" ]
    204 -> 19 [ label = "" ]
    204 -> 88 [ label = "" ]
    205 -> 19 [ label = "" ]
    205 -> 76 [ label = "" ]
    206 -> 19 [ label = "" ]
    206 -> 71 [ label = "" ]
    207 -> 19 [ label = "" ]
    207 -> 70 [ label = "" ]
    208 -> 19 [ label = "" ]
    208 -> 209 [ label = "" ]
    210 -> 19 [ label = "" ]
    210 -> 208 [ label = "" ]
    211 -> 19 [ label = "" ]
    211 -> 205 [ label = "" ]
    212 -> 19 [ label = "" ]
    212 -> 206 [ label = "" ]
    185 -> 19 [ label = "" ]
    185 -> 204 [ label = "" ]
    185 -> 211 [ label = "" ]
    185 -> 203 [ label = "" ]
    185 -> 212 [ label = "" ]
    185 -> 207 [ label = "" ]
    185 -> 210 [ label = "" ]
    184 -> 22 [ label = "" ]
    184 -> 213 [ label = "" ]
    213 -> 22 [ label = "" ]
    213 -> 214 [ label = "" ]
    214 -> 22 [ label = "" ]
    214 -> 6 [ label = "" ]
    215 -> 27 [ label = "" ]
    139 -> 27 [ label = "" ]
    139 -> 215 [ label = "" ]
    131 -> 28 [ label = "" ]
    178 -> 29 [ label = "" ]
    216 -> 30 [ label = "" ]
    163 -> 30 [ label = "" ]
    163 -> 217 [ label = "" ]
    163 -> 216 [ label = "" ]
    217 -> 30 [ label = "" ]
    217 -> 0 [ label = "" ]
    140 -> 31 [ label = "" ]
    197 -> 34 [ label = "" ]
    170 -> 34 [ label = "" ]
    170 -> 197 [ label = "" ]
    132 -> 39 [ label = "" ]
    132 -> 85 [ label = "" ]
    218 -> 41 [ label = "" ]
    218 -> 152 [ label = "" ]
    156 -> 41 [ label = "" ]
    156 -> 218 [ label = "" ]
    219 -> 43 [ label = "" ]
    127 -> 43 [ label = "" ]
    127 -> 219 [ label = "" ]
    154 -> 45 [ label = "" ]
    153 -> 45 [ label = "" ]
    160 -> 46 [ label = "" ]
    160 -> 220 [ label = "" ]
    164 -> 46 [ label = "" ]
    164 -> 160 [ label = "" ]
    220 -> 46 [ label = "" ]
    161 -> 47 [ label = "" ]
    159 -> 48 [ label = "" ]
    159 -> 155 [ label = "" ]
    159 -> 154 [ label = "" ]
    221 -> 48 [ label = "" ]
    221 -> 43 [ label = "" ]
    222 -> 48 [ label = "" ]
    222 -> 13 [ label = "" ]
    157 -> 48 [ label = "" ]
    157 -> 222 [ label = "" ]
    157 -> 221 [ label = "" ]
    158 -> 48 [ label = "" ]
    158 -> 1 [ label = "" ]
    186 -> 49 [ label = "" ]
    186 -> 156 [ label = "" ]
    187 -> 49 [ label = "" ]
    152 -> 50 [ label = "" ]
    151 -> 50 [ label = "" ]
    223 -> 51 [ label = "" ]
    223 -> 224 [ label = "" ]
    223 -> 160 [ label = "" ]
    223 -> 161 [ label = "" ]
    128 -> 51 [ label = "" ]
    128 -> 223 [ label = "" ]
    224 -> 51 [ label = "" ]
    225 -> 52 [ label = "" ]
    225 -> 155 [ label = "" ]
    122 -> 52 [ label = "" ]
    122 -> 74 [ label = "" ]
    123 -> 52 [ label = "" ]
    123 -> 66 [ label = "" ]
    124 -> 52 [ label = "" ]
    124 -> 225 [ label = "" ]
    155 -> 54 [ label = "" ]
    162 -> 54 [ label = "" ]
    125 -> 54 [ label = "" ]
    125 -> 155 [ label = "" ]
    226 -> 55 [ label = "" ]
    226 -> 109 [ label = "" ]
    227 -> 55 [ label = "" ]
    169 -> 55 [ label = "" ]
    169 -> 226 [ label = "" ]
    109 -> 55 [ label = "" ]
    109 -> 227 [ label = "" ]
    166 -> 58 [ label = "" ]
    166 -> 165 [ label = "" ]
    166 -> 86 [ label = "" ]
    228 -> 58 [ label = "" ]
    228 -> 46 [ label = "" ]
    141 -> 58 [ label = "" ]
    141 -> 166 [ label = "" ]
    141 -> 228 [ label = "" ]
    229 -> 59 [ label = "" ]
    229 -> 166 [ label = "" ]
    229 -> 167 [ label = "" ]
    142 -> 59 [ label = "" ]
    142 -> 229 [ label = "" ]
    167 -> 60 [ label = "" ]
    167 -> 166 [ label = "" ]
    168 -> 61 [ label = "" ]
    230 -> 62 [ label = "" ]
    231 -> 62 [ label = "" ]
    232 -> 62 [ label = "" ]
    148 -> 62 [ label = "" ]
    148 -> 232 [ label = "" ]
    148 -> 230 [ label = "" ]
    148 -> 231 [ label = "" ]
    177 -> 63 [ label = "" ]
    176 -> 63 [ label = "" ]
    171 -> 64 [ label = "" ]
    110 -> 64 [ label = "" ]
    110 -> 171 [ label = "" ]
    188 -> 65 [ label = "" ]
    188 -> 171 [ label = "" ]
    111 -> 65 [ label = "" ]
    111 -> 188 [ label = "" ]
    233 -> 66 [ label = "" ]
    233 -> 234 [ label = "" ]
    235 -> 66 [ label = "" ]
    235 -> 175 [ label = "" ]
    235 -> 172 [ label = "" ]
    235 -> 236 [ label = "" ]
    235 -> 237 [ label = "" ]
    235 -> 238 [ label = "" ]
    234 -> 66 [ label = "" ]
    234 -> 67 [ label = "" ]
    238 -> 66 [ label = "" ]
    238 -> 43 [ label = "" ]
    237 -> 66 [ label = "" ]
    237 -> 174 [ label = "" ]
    126 -> 66 [ label = "" ]
    126 -> 235 [ label = "" ]
    126 -> 233 [ label = "" ]
    236 -> 66 [ label = "" ]
    236 -> 173 [ label = "" ]
    172 -> 67 [ label = "" ]
    172 -> 177 [ label = "" ]
    175 -> 68 [ label = "" ]
    175 -> 173 [ label = "" ]
    175 -> 174 [ label = "" ]
    175 -> 178 [ label = "" ]
    174 -> 68 [ label = "" ]
    174 -> 29 [ label = "" ]
    173 -> 68 [ label = "" ]
    129 -> 71 [ label = "" ]
    239 -> 73 [ label = "" ]
    118 -> 73 [ label = "" ]
    118 -> 74 [ label = "" ]
    119 -> 73 [ label = "" ]
    119 -> 239 [ label = "" ]
    183 -> 74 [ label = "" ]
    181 -> 74 [ label = "" ]
    181 -> 75 [ label = "" ]
    189 -> 74 [ label = "" ]
    115 -> 74 [ label = "" ]
    115 -> 181 [ label = "" ]
    116 -> 74 [ label = "" ]
    116 -> 183 [ label = "" ]
    182 -> 75 [ label = "" ]
    120 -> 76 [ label = "" ]
    240 -> 76 [ label = "" ]
    240 -> 183 [ label = "" ]
    121 -> 76 [ label = "" ]
    121 -> 240 [ label = "" ]
    193 -> 77 [ label = "" ]
    193 -> 74 [ label = "" ]
    241 -> 80 [ label = "" ]
    241 -> 183 [ label = "" ]
    190 -> 80 [ label = "" ]
    190 -> 74 [ label = "" ]
    191 -> 80 [ label = "" ]
    191 -> 241 [ label = "" ]
    133 -> 82 [ label = "" ]
    133 -> 49 [ label = "" ]
    242 -> 83 [ label = "" ]
    242 -> 65 [ label = "" ]
    243 -> 83 [ label = "" ]
    243 -> 171 [ label = "" ]
    243 -> 188 [ label = "" ]
    244 -> 83 [ label = "" ]
    244 -> 242 [ label = "" ]
    245 -> 83 [ label = "" ]
    143 -> 83 [ label = "" ]
    144 -> 83 [ label = "" ]
    246 -> 83 [ label = "" ]
    145 -> 83 [ label = "" ]
    145 -> 246 [ label = "" ]
    145 -> 245 [ label = "" ]
    145 -> 244 [ label = "" ]
    145 -> 247 [ label = "" ]
    145 -> 243 [ label = "" ]
    247 -> 83 [ label = "" ]
    113 -> 84 [ label = "" ]
    248 -> 84 [ label = "" ]
    248 -> 65 [ label = "" ]
    249 -> 84 [ label = "" ]
    249 -> 171 [ label = "" ]
    249 -> 188 [ label = "" ]
    250 -> 84 [ label = "" ]
    250 -> 248 [ label = "" ]
    251 -> 84 [ label = "" ]
    112 -> 84 [ label = "" ]
    252 -> 84 [ label = "" ]
    114 -> 84 [ label = "" ]
    114 -> 252 [ label = "" ]
    114 -> 251 [ label = "" ]
    114 -> 250 [ label = "" ]
    114 -> 253 [ label = "" ]
    114 -> 249 [ label = "" ]
    253 -> 84 [ label = "" ]
    130 -> 88 [ label = "" ]
    254 -> 89 [ label = "" ]
    254 -> 91 [ label = "" ]
    255 -> 89 [ label = "" ]
    255 -> 91 [ label = "" ]
    192 -> 89 [ label = "" ]
    192 -> 254 [ label = "" ]
    192 -> 255 [ label = "" ]
    194 -> 90 [ label = "" ]
    194 -> 74 [ label = "" ]
    195 -> 91 [ label = "" ]
    195 -> 74 [ label = "" ]
    195 -> 194 [ label = "" ]
    195 -> 77 [ label = "" ]
    196 -> 91 [ label = "" ]
    165 -> 94 [ label = "" ]
    137 -> 98 [ label = "" ]
    135 -> 98 [ label = "" ]
    135 -> 256 [ label = "" ]
    256 -> 98 [ label = "" ]
    256 -> 257 [ label = "" ]
    136 -> 98 [ label = "" ]
    136 -> 258 [ label = "" ]
    258 -> 98 [ label = "" ]
    258 -> 257 [ label = "" ]
    134 -> 98 [ label = "" ]
    134 -> 257 [ label = "" ]
    257 -> 98 [ label = "" ]
    259 -> 107 [ label = "" ]
    259 -> 260 [ label = "" ]
    198 -> 107 [ label = "" ]
    198 -> 259 [ label = "" ]
    260 -> 107 [ label = "" ]
}
