---
source: tests/features.rs
expression: dotgraph
---
digraph {
    0 [ label = "crate features-2 0.1.0 path+file:///krates/tests/features-2" ]
    1 [ label = "crate proc-macro2 1.0.79" ]
    2 [ label = "crate quote 1.0.36" ]
    3 [ label = "crate serde 1.0.197" ]
    4 [ label = "crate serde_derive 1.0.197" ]
    5 [ label = "crate smallvec 1.13.2" ]
    6 [ label = "crate syn 2.0.58" ]
    7 [ label = "crate unicode-ident 1.0.12" ]
    8 [ label = "feature serde" ]
    9 [ label = "feature proc-macro" ]
    10 [ label = "feature default" ]
    11 [ label = "feature proc-macro" ]
    12 [ label = "feature clone-impls" ]
    13 [ label = "feature derive" ]
    14 [ label = "feature parsing" ]
    15 [ label = "feature printing" ]
    16 [ label = "feature proc-macro" ]
    0 -> 5 [ label = "" ]
    0 -> 8 [ label = " 'cfg(target_os = \"android\")'" ]
    1 -> 7 [ label = "" ]
    2 -> 1 [ label = "" ]
    2 -> 9 [ label = "" ]
    3 -> 10 [ label = " 'cfg(any())'" ]
    4 -> 9 [ label = "" ]
    4 -> 11 [ label = "" ]
    4 -> 12 [ label = "" ]
    4 -> 13 [ label = "" ]
    4 -> 14 [ label = "" ]
    4 -> 15 [ label = "" ]
    4 -> 16 [ label = "" ]
    5 -> 3 [ label = "" ]
    6 -> 1 [ label = "" ]
    6 -> 9 [ label = "" ]
    6 -> 2 [ label = "" ]
    6 -> 11 [ label = "" ]
    6 -> 7 [ label = "" ]
    9 -> 1 [ label = "" ]
    11 -> 2 [ label = "" ]
    11 -> 9 [ label = "" ]
    10 -> 4 [ label = "" ]
    8 -> 5 [ label = "" ]
    8 -> 3 [ label = "" ]
    16 -> 6 [ label = "" ]
    16 -> 9 [ label = "" ]
    15 -> 6 [ label = "" ]
    15 -> 2 [ label = "" ]
    14 -> 6 [ label = "" ]
    13 -> 6 [ label = "" ]
    12 -> 6 [ label = "" ]
}
