---
source: tests/features.rs
expression: dotgraph
snapshot_kind: text
---
digraph {
    0 [ label = "crate addr2line 0.21.0" ]
    1 [ label = "crate adler 1.0.2" ]
    2 [ label = "crate ahash 0.3.8" ]
    3 [ label = "crate aho-corasick 1.1.2" ]
    4 [ label = "crate alga 0.9.3" ]
    5 [ label = "crate alga_derive 0.9.2" ]
    6 [ label = "crate amethyst_core 0.10.1 git+https://gitlab.com/amethyst-engine/amethyst?rev=0c2da617" ]
    7 [ label = "crate amethyst_error 0.5.1 git+https://gitlab.com/amethyst-engine/amethyst?rev=0c2da617" ]
    8 [ label = "crate approx 0.3.2" ]
    9 [ label = "crate approx 0.4.0" ]
    10 [ label = "crate arrayref 0.3.7" ]
    11 [ label = "crate arrayvec 0.5.2" ]
    12 [ label = "crate async-trait 0.1.77" ]
    13 [ label = "crate autocfg 1.1.0" ]
    14 [ label = "crate backtrace 0.3.69" ]
    15 [ label = "crate base64 0.13.1" ]
    16 [ label = "crate bitflags 1.3.2" ]
    17 [ label = "crate block-buffer 0.10.4" ]
    18 [ label = "crate block-buffer 0.3.3" ]
    19 [ label = "crate byte-tools 0.2.0" ]
    20 [ label = "crate bytes 1.6.0" ]
    21 [ label = "crate camino 1.1.6" ]
    22 [ label = "crate cargo-platform 0.1.8" ]
    23 [ label = "crate cargo_metadata 0.15.4" ]
    24 [ label = "crate cargo_metadata 0.17.0" ]
    25 [ label = "crate cauchy 0.4.0" ]
    26 [ label = "crate cblas-sys 0.1.4" ]
    27 [ label = "crate cc 1.0.83" ]
    28 [ label = "crate cfg-expr 0.11.0" ]
    29 [ label = "crate cfg-expr 0.15.7" ]
    30 [ label = "crate cfg-if 0.1.10" ]
    31 [ label = "crate cfg-if 1.0.0" ]
    32 [ label = "crate cmake 0.1.50" ]
    33 [ label = "crate config 0.13.4" ]
    34 [ label = "crate cpufeatures 0.2.12" ]
    35 [ label = "crate crossbeam-deque 0.8.5" ]
    36 [ label = "crate crossbeam-epoch 0.9.18" ]
    37 [ label = "crate crossbeam-queue 0.2.3" ]
    38 [ label = "crate crossbeam-utils 0.7.2" ]
    39 [ label = "crate crossbeam-utils 0.8.19" ]
    40 [ label = "crate crypto-common 0.1.6" ]
    41 [ label = "crate derivative 2.2.0" ]
    42 [ label = "crate derive-new 0.5.9" ]
    43 [ label = "crate digest 0.10.7" ]
    44 [ label = "crate digest 0.7.6" ]
    45 [ label = "crate edit-distance 2.1.0" ]
    46 [ label = "crate either 1.10.0" ]
    47 [ label = "crate env_logger 0.7.1" ]
    48 [ label = "crate equivalent 1.0.1" ]
    49 [ label = "crate feature-bug 0.1.0 path+file:///krates/tests/feature-bug" ]
    50 [ label = "crate fixedbitset 0.4.2" ]
    51 [ label = "crate fnv 1.0.7" ]
    52 [ label = "crate generic-array 0.13.3" ]
    53 [ label = "crate generic-array 0.14.7" ]
    54 [ label = "crate generic-array 0.9.1" ]
    55 [ label = "crate getrandom 0.1.16" ]
    56 [ label = "crate getrandom 0.2.12" ]
    57 [ label = "crate getset 0.0.9" ]
    58 [ label = "crate gimli 0.28.1" ]
    59 [ label = "crate hashbrown 0.14.3" ]
    60 [ label = "crate hashbrown 0.7.2" ]
    61 [ label = "crate hibitset 0.6.4" ]
    62 [ label = "crate home 0.5.9" ]
    63 [ label = "crate http 0.2.12" ]
    64 [ label = "crate indexmap 2.2.6" ]
    65 [ label = "crate itoa 1.0.10" ]
    66 [ label = "crate json5 0.4.1" ]
    67 [ label = "crate katexit 0.1.4" ]
    68 [ label = "crate krates 0.12.2 git+https://github.com/EmbarkStudios/krates?tag=0.12.2" ]
    69 [ label = "crate krates 0.14.1 git+https://github.com/EmbarkStudios/krates?tag=0.14.1" ]
    70 [ label = "crate lapack-sys 0.14.0" ]
    71 [ label = "crate lax 0.16.0" ]
    72 [ label = "crate lazy_static 1.4.0" ]
    73 [ label = "crate libc 0.2.152" ]
    74 [ label = "crate libm 0.2.8" ]
    75 [ label = "crate linked-hash-map 0.5.6" ]
    76 [ label = "crate log 0.4.20" ]
    77 [ label = "crate matrixmultiply 0.2.4" ]
    78 [ label = "crate matrixmultiply 0.3.8" ]
    79 [ label = "crate maybe-uninit 2.0.0" ]
    80 [ label = "crate md-5 0.7.0" ]
    81 [ label = "crate md5 0.7.0" ]
    82 [ label = "crate memchr 2.7.1" ]
    83 [ label = "crate minimal-lexical 0.2.1" ]
    84 [ label = "crate miniz_oxide 0.7.1" ]
    85 [ label = "crate mint 0.5.9" ]
    86 [ label = "crate mopa 0.2.2" ]
    87 [ label = "crate nalgebra 0.19.0" ]
    88 [ label = "crate ndarray 0.15.6" ]
    89 [ label = "crate ndarray-linalg 0.16.0" ]
    90 [ label = "crate netlib-src 0.8.0" ]
    91 [ label = "crate nom 7.1.3" ]
    92 [ label = "crate num-complex 0.2.4" ]
    93 [ label = "crate num-complex 0.4.4" ]
    94 [ label = "crate num-integer 0.1.45" ]
    95 [ label = "crate num-rational 0.2.4" ]
    96 [ label = "crate num-traits 0.2.17" ]
    97 [ label = "crate object 0.32.2" ]
    98 [ label = "crate once_cell 1.19.0" ]
    99 [ label = "crate pathdiff 0.2.1" ]
    100 [ label = "crate pest 2.7.6" ]
    101 [ label = "crate pest_derive 2.7.6" ]
    102 [ label = "crate pest_generator 2.7.6" ]
    103 [ label = "crate pest_meta 2.7.6" ]
    104 [ label = "crate petgraph 0.6.4" ]
    105 [ label = "crate ppv-lite86 0.2.17" ]
    106 [ label = "crate proc-macro2 1.0.76" ]
    107 [ label = "crate quickcheck 0.9.2" ]
    108 [ label = "crate quote 1.0.35" ]
    109 [ label = "crate rand 0.7.3" ]
    110 [ label = "crate rand 0.8.5" ]
    111 [ label = "crate rand_chacha 0.2.2" ]
    112 [ label = "crate rand_chacha 0.3.1" ]
    113 [ label = "crate rand_core 0.5.1" ]
    114 [ label = "crate rand_core 0.6.4" ]
    115 [ label = "crate rand_distr 0.2.2" ]
    116 [ label = "crate rand_hc 0.2.0" ]
    117 [ label = "crate rawpointer 0.2.1" ]
    118 [ label = "crate rayon 1.10.0" ]
    119 [ label = "crate rayon-core 1.12.1" ]
    120 [ label = "crate regex 1.10.2" ]
    121 [ label = "crate regex-automata 0.4.3" ]
    122 [ label = "crate regex-syntax 0.8.2" ]
    123 [ label = "crate ron 0.7.1" ]
    124 [ label = "crate rustc-demangle 0.1.23" ]
    125 [ label = "crate ryu 1.0.16" ]
    126 [ label = "crate semver 1.0.22" ]
    127 [ label = "crate serde 1.0.195" ]
    128 [ label = "crate serde_derive 1.0.195" ]
    129 [ label = "crate serde_json 1.0.111" ]
    130 [ label = "crate serde_spanned 0.6.5" ]
    131 [ label = "crate sha2 0.10.8" ]
    132 [ label = "crate shred 0.10.2" ]
    133 [ label = "crate shred-derive 0.6.3" ]
    134 [ label = "crate shrev 1.1.3" ]
    135 [ label = "crate smallvec 1.13.2" ]
    136 [ label = "crate smol_str 0.2.1" ]
    137 [ label = "crate specs 0.16.1" ]
    138 [ label = "crate specs-derive 0.4.1" ]
    139 [ label = "crate specs-hierarchy 0.6.0" ]
    140 [ label = "crate static_assertions 1.1.0" ]
    141 [ label = "crate sub-crate 0.1.0 path+file:///krates/tests/feature-bug/sub-crate" ]
    142 [ label = "crate syn 1.0.109" ]
    143 [ label = "crate syn 2.0.48" ]
    144 [ label = "crate tame-index 0.4.1" ]
    145 [ label = "crate thiserror 1.0.56" ]
    146 [ label = "crate thiserror-impl 1.0.56" ]
    147 [ label = "crate toml 0.5.11" ]
    148 [ label = "crate toml 0.7.8" ]
    149 [ label = "crate toml_datetime 0.6.5" ]
    150 [ label = "crate toml_edit 0.19.15" ]
    151 [ label = "crate tuple_utils 0.3.0" ]
    152 [ label = "crate twox-hash 1.6.3" ]
    153 [ label = "crate tynm 0.1.10" ]
    154 [ label = "crate typenum 1.17.0" ]
    155 [ label = "crate ucd-trie 0.1.6" ]
    156 [ label = "crate unicode-ident 1.0.12" ]
    157 [ label = "crate version_check 0.9.4" ]
    158 [ label = "crate wasi 0.11.0+wasi-snapshot-preview1" ]
    159 [ label = "crate wasi 0.9.0+wasi-snapshot-preview1" ]
    160 [ label = "crate windows-sys 0.52.0" ]
    161 [ label = "crate windows-targets 0.52.0" ]
    162 [ label = "crate windows_aarch64_gnullvm 0.52.0" ]
    163 [ label = "crate windows_aarch64_msvc 0.52.0" ]
    164 [ label = "crate windows_i686_gnu 0.52.0" ]
    165 [ label = "crate windows_i686_msvc 0.52.0" ]
    166 [ label = "crate windows_x86_64_gnu 0.52.0" ]
    167 [ label = "crate windows_x86_64_gnullvm 0.52.0" ]
    168 [ label = "crate windows_x86_64_msvc 0.52.0" ]
    169 [ label = "crate winnow 0.5.40" ]
    170 [ label = "crate yaml-rust 0.4.5" ]
    171 [ label = "feature read" ]
    172 [ label = "feature std" ]
    173 [ label = "feature libm" ]
    174 [ label = "feature default" ]
    175 [ label = "feature default" ]
    176 [ label = "feature default" ]
    177 [ label = "feature default" ]
    178 [ label = "feature default" ]
    179 [ label = "feature default" ]
    180 [ label = "feature default" ]
    181 [ label = "feature serde-serialize" ]
    182 [ label = "feature mint" ]
    183 [ label = "feature default" ]
    184 [ label = "feature default" ]
    185 [ label = "feature derive" ]
    186 [ label = "feature default" ]
    187 [ label = "feature shred-derive" ]
    188 [ label = "feature specs-derive" ]
    189 [ label = "feature parallel" ]
    190 [ label = "feature parallel" ]
    191 [ label = "feature default" ]
    192 [ label = "feature full" ]
    193 [ label = "feature visit-mut" ]
    194 [ label = "feature default" ]
    195 [ label = "feature read_core" ]
    196 [ label = "feature elf" ]
    197 [ label = "feature macho" ]
    198 [ label = "feature pe" ]
    199 [ label = "feature unaligned" ]
    200 [ label = "feature archive" ]
    201 [ label = "feature serde1" ]
    202 [ label = "feature serde" ]
    203 [ label = "feature default" ]
    204 [ label = "feature unbounded_depth" ]
    205 [ label = "feature default" ]
    206 [ label = "feature serde" ]
    207 [ label = "feature rand" ]
    208 [ label = "feature default" ]
    209 [ label = "feature default" ]
    210 [ label = "feature default" ]
    211 [ label = "feature default" ]
    212 [ label = "feature default" ]
    213 [ label = "feature std" ]
    214 [ label = "feature std" ]
    215 [ label = "feature std" ]
    216 [ label = "feature more_lengths" ]
    217 [ label = "feature visit" ]
    218 [ label = "feature extra-traits" ]
    219 [ label = "feature std" ]
    220 [ label = "feature default" ]
    221 [ label = "feature default" ]
    222 [ label = "feature prefer-index" ]
    223 [ label = "feature default" ]
    224 [ label = "feature simple" ]
    225 [ label = "feature default" ]
    226 [ label = "feature Win32_Foundation" ]
    227 [ label = "feature Win32_UI_Shell" ]
    228 [ label = "feature Win32_System_Com" ]
    229 [ label = "feature default" ]
    230 [ label = "feature default" ]
    231 [ label = "feature raw" ]
    232 [ label = "feature default" ]
    233 [ label = "feature default" ]
    234 [ label = "feature full" ]
    235 [ label = "feature default" ]
    236 [ label = "feature default" ]
    237 [ label = "feature default" ]
    238 [ label = "feature default" ]
    239 [ label = "feature default" ]
    240 [ label = "feature cblas" ]
    241 [ label = "feature static" ]
    242 [ label = "feature std" ]
    243 [ label = "feature default" ]
    244 [ label = "feature serde" ]
    245 [ label = "feature std" ]
    246 [ label = "feature default" ]
    247 [ label = "feature cgemm" ]
    248 [ label = "feature std" ]
    249 [ label = "feature std" ]
    250 [ label = "feature netlib" ]
    251 [ label = "feature blas" ]
    252 [ label = "feature approx" ]
    253 [ label = "feature std" ]
    254 [ label = "feature std" ]
    255 [ label = "feature i128" ]
    256 [ label = "feature default" ]
    257 [ label = "feature default" ]
    258 [ label = "feature std" ]
    259 [ label = "feature std" ]
    260 [ label = "feature std" ]
    261 [ label = "feature default" ]
    262 [ label = "feature default" ]
    263 [ label = "feature default" ]
    264 [ label = "feature regex" ]
    265 [ label = "feature default" ]
    266 [ label = "feature proc-macro" ]
    267 [ label = "feature std" ]
    268 [ label = "feature alloc" ]
    269 [ label = "feature getrandom" ]
    270 [ label = "feature std" ]
    271 [ label = "feature std" ]
    272 [ label = "feature alloc" ]
    273 [ label = "feature getrandom" ]
    274 [ label = "feature std" ]
    275 [ label = "feature simd" ]
    276 [ label = "feature std" ]
    277 [ label = "feature std" ]
    278 [ label = "feature std" ]
    279 [ label = "feature default" ]
    280 [ label = "feature default" ]
    281 [ label = "feature default" ]
    282 [ label = "feature std" ]
    283 [ label = "feature alloc" ]
    284 [ label = "feature syntax" ]
    285 [ label = "feature meta" ]
    286 [ label = "feature nfa-pikevm" ]
    287 [ label = "feature dfa-onepass" ]
    288 [ label = "feature hybrid" ]
    289 [ label = "feature nfa-backtrack" ]
    290 [ label = "feature perf-inline" ]
    291 [ label = "feature perf-literal" ]
    292 [ label = "feature std" ]
    293 [ label = "feature unicode" ]
    294 [ label = "feature unicode-age" ]
    295 [ label = "feature unicode-bool" ]
    296 [ label = "feature unicode-case" ]
    297 [ label = "feature unicode-gencat" ]
    298 [ label = "feature unicode-perl" ]
    299 [ label = "feature unicode-script" ]
    300 [ label = "feature unicode-segment" ]
    301 [ label = "feature unicode-word-boundary" ]
    302 [ label = "feature default" ]
    303 [ label = "feature std" ]
    304 [ label = "feature unicode" ]
    305 [ label = "feature unicode-age" ]
    306 [ label = "feature unicode-bool" ]
    307 [ label = "feature unicode-case" ]
    308 [ label = "feature unicode-gencat" ]
    309 [ label = "feature unicode-perl" ]
    310 [ label = "feature unicode-script" ]
    311 [ label = "feature unicode-segment" ]
    312 [ label = "feature perf-literal" ]
    313 [ label = "feature default" ]
    314 [ label = "feature default" ]
    315 [ label = "feature serde_derive" ]
    316 [ label = "feature std" ]
    317 [ label = "feature default" ]
    318 [ label = "feature default" ]
    319 [ label = "feature default" ]
    320 [ label = "feature default" ]
    321 [ label = "feature default" ]
    322 [ label = "feature parallel" ]
    323 [ label = "feature parallel" ]
    324 [ label = "feature shred-derive" ]
    325 [ label = "feature default" ]
    326 [ label = "feature netlib" ]
    327 [ label = "feature default" ]
    328 [ label = "feature proc-macro" ]
    329 [ label = "feature rc" ]
    330 [ label = "feature serde" ]
    331 [ label = "feature default" ]
    332 [ label = "feature default" ]
    333 [ label = "feature serde" ]
    334 [ label = "feature serde" ]
    335 [ label = "feature serde" ]
    336 [ label = "feature default" ]
    337 [ label = "feature std" ]
    338 [ label = "feature default" ]
    339 [ label = "feature alloc" ]
    340 [ label = "feature std" ]
    341 [ label = "feature std" ]
    342 [ label = "feature std" ]
    343 [ label = "feature std" ]
    344 [ label = "feature std" ]
    345 [ label = "feature serde" ]
    346 [ label = "feature yaml-rust" ]
    347 [ label = "feature yaml" ]
    348 [ label = "feature toml" ]
    349 [ label = "feature serde_json" ]
    350 [ label = "feature rust-ini" ]
    351 [ label = "feature ron" ]
    352 [ label = "feature json5_rs" ]
    353 [ label = "feature json5_rs" ]
    354 [ label = "feature json5" ]
    355 [ label = "feature json" ]
    356 [ label = "feature ini" ]
    357 [ label = "feature std" ]
    358 [ label = "feature alloc" ]
    359 [ label = "feature std" ]
    360 [ label = "feature lazy_static" ]
    361 [ label = "feature std" ]
    362 [ label = "feature core-api" ]
    363 [ label = "feature block-buffer" ]
    364 [ label = "feature std" ]
    365 [ label = "feature read-core" ]
    366 [ label = "feature inline-more" ]
    367 [ label = "feature ahash" ]
    368 [ label = "feature rayon" ]
    369 [ label = "feature netlib-static" ]
    370 [ label = "feature std" ]
    371 [ label = "feature std" ]
    372 [ label = "feature std" ]
    373 [ label = "feature alloc" ]
    374 [ label = "feature std" ]
    375 [ label = "feature matrixmultiply" ]
    376 [ label = "feature rand_distr" ]
    377 [ label = "feature serde_derive" ]
    378 [ label = "feature serde" ]
    379 [ label = "feature libc" ]
    380 [ label = "feature cblas-sys" ]
    381 [ label = "feature std" ]
    382 [ label = "feature std" ]
    383 [ label = "feature coff" ]
    384 [ label = "feature std" ]
    385 [ label = "feature alloc" ]
    386 [ label = "feature race" ]
    387 [ label = "feature memchr" ]
    388 [ label = "feature std" ]
    389 [ label = "feature stable_graph" ]
    390 [ label = "feature matrix_graph" ]
    391 [ label = "feature graphmap" ]
    392 [ label = "feature use_logging" ]
    393 [ label = "feature log" ]
    394 [ label = "feature env_logger" ]
    395 [ label = "feature regex" ]
    396 [ label = "feature alloc" ]
    397 [ label = "feature getrandom" ]
    398 [ label = "feature libc" ]
    399 [ label = "feature getrandom_package" ]
    400 [ label = "feature getrandom_package" ]
    401 [ label = "feature std_rng" ]
    402 [ label = "feature rand_chacha" ]
    403 [ label = "feature std" ]
    404 [ label = "feature alloc" ]
    405 [ label = "feature getrandom" ]
    406 [ label = "feature libc" ]
    407 [ label = "feature unicode-segment" ]
    408 [ label = "feature unicode-script" ]
    409 [ label = "feature unicode-perl" ]
    410 [ label = "feature unicode-gencat" ]
    411 [ label = "feature unicode-case" ]
    412 [ label = "feature unicode-bool" ]
    413 [ label = "feature unicode-age" ]
    414 [ label = "feature unicode" ]
    415 [ label = "feature std" ]
    416 [ label = "feature perf-onepass" ]
    417 [ label = "feature perf-literal" ]
    418 [ label = "feature perf-inline" ]
    419 [ label = "feature perf-dfa" ]
    420 [ label = "feature perf-cache" ]
    421 [ label = "feature perf-backtrack" ]
    422 [ label = "feature perf" ]
    423 [ label = "feature perf-literal-substring" ]
    424 [ label = "feature perf-literal-multisubstring" ]
    425 [ label = "feature nfa-thompson" ]
    426 [ label = "feature std" ]
    427 [ label = "feature std" ]
    428 [ label = "feature rayon" ]
    429 [ label = "feature std" ]
    430 [ label = "feature rayon" ]
    431 [ label = "feature quote" ]
    432 [ label = "feature proc-macro" ]
    433 [ label = "feature printing" ]
    434 [ label = "feature parsing" ]
    435 [ label = "feature derive" ]
    436 [ label = "feature clone-impls" ]
    437 [ label = "feature quote" ]
    438 [ label = "feature proc-macro" ]
    439 [ label = "feature printing" ]
    440 [ label = "feature parsing" ]
    441 [ label = "feature derive" ]
    442 [ label = "feature clone-impls" ]
    443 [ label = "feature parse" ]
    444 [ label = "feature display" ]
    445 [ label = "feature std" ]
    446 [ label = "feature Win32_UI" ]
    447 [ label = "feature Win32" ]
    448 [ label = "feature Win32_System" ]
    449 [ label = "feature std" ]
    450 [ label = "feature alloc" ]
    0 -> 171 [ label = "" ]
    3 -> 82 [ label = "" ]
    3 -> 172 [ label = "" ]
    4 -> 8 [ label = "" ]
    4 -> 92 [ label = "" ]
    4 -> 173 [ label = "" ]
    5 -> 45 [ label = "" ]
    5 -> 174 [ label = "" ]
    5 -> 175 [ label = "" ]
    5 -> 176 [ label = "" ]
    5 -> 177 [ label = "" ]
    6 -> 4 [ label = "" ]
    6 -> 5 [ label = "" ]
    6 -> 7 [ label = "" ]
    6 -> 178 [ label = "" ]
    6 -> 41 [ label = "" ]
    6 -> 179 [ label = "" ]
    6 -> 180 [ label = "" ]
    6 -> 57 [ label = "" ]
    6 -> 76 [ label = "" ]
    6 -> 181 [ label = "" ]
    6 -> 182 [ label = "" ]
    6 -> 183 [ label = "" ]
    6 -> 184 [ label = "" ]
    6 -> 118 [ label = "" ]
    6 -> 185 [ label = "" ]
    6 -> 186 [ label = "" ]
    6 -> 187 [ label = "" ]
    6 -> 188 [ label = "" ]
    6 -> 189 [ label = "" ]
    6 -> 139 [ label = "" ]
    6 -> 190 [ label = "" ]
    7 -> 191 [ label = "" ]
    8 -> 96 [ label = "" ]
    9 -> 96 [ label = "" ]
    12 -> 174 [ label = "" ]
    12 -> 176 [ label = "" ]
    12 -> 192 [ label = "" ]
    12 -> 193 [ label = "" ]
    12 -> 194 [ label = "" ]
    14 -> 0 [ label = " 'cfg(not(all(windows, target_env = \"msvc\", not(target_vendor = \"uwp\"))))'" ]
    14 -> 27 [ label = "(build)" ]
    14 -> 31 [ label = "" ]
    14 -> 73 [ label = " 'cfg(not(all(windows, target_env = \"msvc\", not(target_vendor = \"uwp\"))))'" ]
    14 -> 84 [ label = " 'cfg(not(all(windows, target_env = \"msvc\", not(target_vendor = \"uwp\"))))'" ]
    14 -> 195 [ label = " 'cfg(not(all(windows, target_env = \"msvc\", not(target_vendor = \"uwp\"))))'" ]
    14 -> 196 [ label = " 'cfg(not(all(windows, target_env = \"msvc\", not(target_vendor = \"uwp\"))))'" ]
    14 -> 197 [ label = " 'cfg(not(all(windows, target_env = \"msvc\", not(target_vendor = \"uwp\"))))'" ]
    14 -> 198 [ label = " 'cfg(not(all(windows, target_env = \"msvc\", not(target_vendor = \"uwp\"))))'" ]
    14 -> 199 [ label = " 'cfg(not(all(windows, target_env = \"msvc\", not(target_vendor = \"uwp\"))))'" ]
    14 -> 200 [ label = " 'cfg(not(all(windows, target_env = \"msvc\", not(target_vendor = \"uwp\"))))'" ]
    14 -> 124 [ label = "" ]
    17 -> 53 [ label = "" ]
    18 -> 10 [ label = "" ]
    18 -> 19 [ label = "" ]
    21 -> 185 [ label = "" ]
    21 -> 186 [ label = "" ]
    22 -> 186 [ label = "" ]
    23 -> 201 [ label = "" ]
    23 -> 22 [ label = "" ]
    23 -> 202 [ label = "" ]
    23 -> 203 [ label = "" ]
    23 -> 185 [ label = "" ]
    23 -> 186 [ label = "" ]
    23 -> 204 [ label = "" ]
    23 -> 205 [ label = "" ]
    23 -> 145 [ label = "" ]
    24 -> 201 [ label = "" ]
    24 -> 22 [ label = "" ]
    24 -> 202 [ label = "" ]
    24 -> 203 [ label = "" ]
    24 -> 185 [ label = "" ]
    24 -> 186 [ label = "" ]
    24 -> 204 [ label = "" ]
    24 -> 205 [ label = "" ]
    24 -> 145 [ label = "" ]
    25 -> 206 [ label = "" ]
    25 -> 207 [ label = "" ]
    25 -> 208 [ label = "" ]
    25 -> 184 [ label = "" ]
    25 -> 209 [ label = "" ]
    25 -> 186 [ label = "" ]
    26 -> 210 [ label = "" ]
    27 -> 73 [ label = " 'cfg(unix)'" ]
    28 -> 135 [ label = "" ]
    29 -> 135 [ label = "" ]
    32 -> 27 [ label = "" ]
    33 -> 12 [ label = "" ]
    33 -> 66 [ label = "" ]
    33 -> 72 [ label = "" ]
    33 -> 211 [ label = "" ]
    33 -> 99 [ label = "" ]
    33 -> 123 [ label = "" ]
    33 -> 186 [ label = "" ]
    33 -> 205 [ label = "" ]
    33 -> 212 [ label = "" ]
    33 -> 170 [ label = "" ]
    34 -> 210 [ label = " 'aarch64-linux-android'" ]
    34 -> 210 [ label = " 'cfg(all(target_arch = \"aarch64\", target_os = \"linux\"))'" ]
    34 -> 210 [ label = " 'cfg(all(target_arch = \"aarch64\", target_vendor = \"apple\"))'" ]
    34 -> 210 [ label = " 'cfg(all(target_arch = \"loongarch64\", target_os = \"linux\"))'" ]
    35 -> 36 [ label = "" ]
    35 -> 213 [ label = "" ]
    35 -> 39 [ label = "" ]
    35 -> 214 [ label = "" ]
    36 -> 39 [ label = "" ]
    36 -> 214 [ label = "" ]
    37 -> 30 [ label = "" ]
    37 -> 38 [ label = "" ]
    37 -> 215 [ label = "" ]
    37 -> 79 [ label = "" ]
    38 -> 13 [ label = "(build)" ]
    38 -> 30 [ label = "" ]
    38 -> 72 [ label = "" ]
    40 -> 216 [ label = "" ]
    40 -> 154 [ label = "" ]
    41 -> 174 [ label = "" ]
    41 -> 176 [ label = "" ]
    41 -> 217 [ label = "" ]
    41 -> 218 [ label = "" ]
    41 -> 177 [ label = "" ]
    42 -> 174 [ label = "" ]
    42 -> 176 [ label = "" ]
    42 -> 177 [ label = "" ]
    43 -> 17 [ label = "" ]
    43 -> 40 [ label = "" ]
    44 -> 54 [ label = "" ]
    47 -> 219 [ label = "" ]
    47 -> 220 [ label = "" ]
    49 -> 221 [ label = "" ]
    49 -> 68 [ label = "" ]
    49 -> 222 [ label = "" ]
    49 -> 80 [ label = "" ]
    49 -> 223 [ label = "" ]
    49 -> 224 [ label = "" ]
    52 -> 154 [ label = "" ]
    53 -> 154 [ label = "" ]
    53 -> 157 [ label = "(build)" ]
    54 -> 154 [ label = "" ]
    55 -> 31 [ label = "" ]
    55 -> 73 [ label = " 'cfg(unix)'" ]
    55 -> 225 [ label = " 'cfg(target_os = \"wasi\")'" ]
    56 -> 31 [ label = "" ]
    56 -> 73 [ label = " 'cfg(unix)'" ]
    56 -> 158 [ label = " 'cfg(target_os = \"wasi\")'" ]
    57 -> 106 [ label = "" ]
    57 -> 176 [ label = "" ]
    57 -> 177 [ label = "" ]
    60 -> 2 [ label = "" ]
    60 -> 13 [ label = "(build)" ]
    61 -> 118 [ label = "" ]
    62 -> 226 [ label = " 'cfg(windows)'" ]
    62 -> 227 [ label = " 'cfg(windows)'" ]
    62 -> 228 [ label = " 'cfg(windows)'" ]
    62 -> 229 [ label = " 'cfg(windows)'" ]
    63 -> 230 [ label = "" ]
    63 -> 180 [ label = "" ]
    63 -> 65 [ label = "" ]
    64 -> 48 [ label = "" ]
    64 -> 231 [ label = "" ]
    66 -> 232 [ label = "" ]
    66 -> 233 [ label = "" ]
    66 -> 186 [ label = "" ]
    67 -> 174 [ label = "" ]
    67 -> 176 [ label = "" ]
    67 -> 234 [ label = "" ]
    67 -> 218 [ label = "" ]
    67 -> 177 [ label = "" ]
    68 -> 235 [ label = "" ]
    68 -> 236 [ label = "" ]
    68 -> 237 [ label = "" ]
    68 -> 203 [ label = "" ]
    69 -> 238 [ label = "" ]
    69 -> 239 [ label = "" ]
    69 -> 237 [ label = "" ]
    69 -> 203 [ label = "" ]
    69 -> 144 [ label = "" ]
    70 -> 210 [ label = "" ]
    71 -> 25 [ label = "" ]
    71 -> 67 [ label = "" ]
    71 -> 70 [ label = "" ]
    71 -> 240 [ label = "" ]
    71 -> 241 [ label = "" ]
    71 -> 184 [ label = "" ]
    71 -> 145 [ label = "" ]
    77 -> 117 [ label = "" ]
    78 -> 13 [ label = "(build)" ]
    78 -> 117 [ label = "" ]
    80 -> 18 [ label = "" ]
    80 -> 19 [ label = "" ]
    80 -> 44 [ label = "" ]
    84 -> 1 [ label = "" ]
    87 -> 4 [ label = "" ]
    87 -> 242 [ label = "" ]
    87 -> 8 [ label = "" ]
    87 -> 52 [ label = "" ]
    87 -> 243 [ label = "" ]
    87 -> 85 [ label = "" ]
    87 -> 92 [ label = "" ]
    87 -> 244 [ label = "" ]
    87 -> 95 [ label = "" ]
    87 -> 96 [ label = "" ]
    87 -> 109 [ label = "" ]
    87 -> 245 [ label = "" ]
    87 -> 115 [ label = "" ]
    87 -> 186 [ label = "" ]
    87 -> 246 [ label = "" ]
    87 -> 154 [ label = "" ]
    88 -> 9 [ label = "" ]
    88 -> 26 [ label = "" ]
    88 -> 210 [ label = "" ]
    88 -> 247 [ label = "" ]
    88 -> 248 [ label = "" ]
    88 -> 93 [ label = "" ]
    88 -> 94 [ label = "" ]
    88 -> 96 [ label = "" ]
    88 -> 249 [ label = "" ]
    88 -> 117 [ label = "" ]
    89 -> 25 [ label = "" ]
    89 -> 67 [ label = "" ]
    89 -> 71 [ label = "" ]
    89 -> 250 [ label = "" ]
    89 -> 251 [ label = "" ]
    89 -> 252 [ label = "" ]
    89 -> 253 [ label = "" ]
    89 -> 208 [ label = "" ]
    89 -> 184 [ label = "" ]
    89 -> 209 [ label = "" ]
    89 -> 145 [ label = "" ]
    90 -> 32 [ label = "(build)" ]
    91 -> 82 [ label = "" ]
    91 -> 172 [ label = "" ]
    91 -> 83 [ label = "" ]
    91 -> 254 [ label = "" ]
    92 -> 13 [ label = "(build)" ]
    92 -> 96 [ label = "" ]
    92 -> 127 [ label = "" ]
    93 -> 255 [ label = "" ]
    93 -> 249 [ label = "" ]
    93 -> 110 [ label = "" ]
    93 -> 127 [ label = "" ]
    94 -> 13 [ label = "(build)" ]
    94 -> 96 [ label = "" ]
    95 -> 13 [ label = "(build)" ]
    95 -> 94 [ label = "" ]
    95 -> 96 [ label = "" ]
    96 -> 13 [ label = "(build)" ]
    96 -> 256 [ label = "" ]
    97 -> 82 [ label = "" ]
    100 -> 257 [ label = "" ]
    100 -> 145 [ label = "" ]
    100 -> 155 [ label = "" ]
    100 -> 258 [ label = "" ]
    101 -> 100 [ label = "" ]
    101 -> 259 [ label = "" ]
    101 -> 102 [ label = "" ]
    101 -> 260 [ label = "" ]
    102 -> 100 [ label = "" ]
    102 -> 259 [ label = "" ]
    102 -> 261 [ label = "" ]
    102 -> 174 [ label = "" ]
    102 -> 176 [ label = "" ]
    102 -> 194 [ label = "" ]
    103 -> 262 [ label = "" ]
    103 -> 232 [ label = "" ]
    103 -> 131 [ label = "(build)" ]
    104 -> 50 [ label = "" ]
    104 -> 263 [ label = "" ]
    106 -> 156 [ label = "" ]
    107 -> 47 [ label = "" ]
    107 -> 264 [ label = "" ]
    107 -> 76 [ label = "" ]
    107 -> 265 [ label = "" ]
    107 -> 113 [ label = "" ]
    108 -> 106 [ label = "" ]
    108 -> 266 [ label = "" ]
    109 -> 55 [ label = "" ]
    109 -> 73 [ label = " 'cfg(unix)'" ]
    109 -> 111 [ label = " 'cfg(not(target_os = \"emscripten\"))'" ]
    109 -> 267 [ label = "" ]
    109 -> 113 [ label = "" ]
    109 -> 268 [ label = "" ]
    109 -> 269 [ label = "" ]
    109 -> 270 [ label = "" ]
    109 -> 116 [ label = " 'cfg(target_os = \"emscripten\")'" ]
    110 -> 73 [ label = " 'cfg(unix)'" ]
    110 -> 112 [ label = "" ]
    110 -> 271 [ label = "" ]
    110 -> 114 [ label = "" ]
    110 -> 272 [ label = "" ]
    110 -> 273 [ label = "" ]
    110 -> 274 [ label = "" ]
    111 -> 275 [ label = "" ]
    111 -> 276 [ label = "" ]
    111 -> 113 [ label = "" ]
    112 -> 275 [ label = "" ]
    112 -> 276 [ label = "" ]
    112 -> 114 [ label = "" ]
    113 -> 55 [ label = "" ]
    113 -> 277 [ label = "" ]
    114 -> 56 [ label = "" ]
    114 -> 278 [ label = "" ]
    115 -> 265 [ label = "" ]
    116 -> 113 [ label = "" ]
    118 -> 46 [ label = "" ]
    118 -> 119 [ label = "" ]
    119 -> 279 [ label = "" ]
    119 -> 280 [ label = "" ]
    120 -> 281 [ label = "" ]
    120 -> 282 [ label = "" ]
    120 -> 257 [ label = "" ]
    120 -> 172 [ label = "" ]
    120 -> 283 [ label = "" ]
    120 -> 284 [ label = "" ]
    120 -> 285 [ label = "" ]
    120 -> 286 [ label = "" ]
    120 -> 287 [ label = "" ]
    120 -> 288 [ label = "" ]
    120 -> 289 [ label = "" ]
    120 -> 290 [ label = "" ]
    120 -> 291 [ label = "" ]
    120 -> 292 [ label = "" ]
    120 -> 293 [ label = "" ]
    120 -> 294 [ label = "" ]
    120 -> 295 [ label = "" ]
    120 -> 296 [ label = "" ]
    120 -> 297 [ label = "" ]
    120 -> 298 [ label = "" ]
    120 -> 299 [ label = "" ]
    120 -> 300 [ label = "" ]
    120 -> 301 [ label = "" ]
    120 -> 122 [ label = "" ]
    120 -> 302 [ label = "" ]
    120 -> 303 [ label = "" ]
    120 -> 304 [ label = "" ]
    120 -> 305 [ label = "" ]
    120 -> 306 [ label = "" ]
    120 -> 307 [ label = "" ]
    120 -> 308 [ label = "" ]
    120 -> 309 [ label = "" ]
    120 -> 310 [ label = "" ]
    120 -> 311 [ label = "" ]
    121 -> 3 [ label = "" ]
    121 -> 312 [ label = "" ]
    121 -> 282 [ label = "" ]
    121 -> 82 [ label = "" ]
    121 -> 172 [ label = "" ]
    121 -> 122 [ label = "" ]
    121 -> 303 [ label = "" ]
    121 -> 304 [ label = "" ]
    121 -> 305 [ label = "" ]
    121 -> 306 [ label = "" ]
    121 -> 307 [ label = "" ]
    121 -> 308 [ label = "" ]
    121 -> 309 [ label = "" ]
    121 -> 310 [ label = "" ]
    121 -> 311 [ label = "" ]
    123 -> 313 [ label = "" ]
    123 -> 314 [ label = "" ]
    123 -> 315 [ label = "" ]
    123 -> 186 [ label = "" ]
    126 -> 127 [ label = "" ]
    127 -> 246 [ label = "" ]
    128 -> 174 [ label = "" ]
    128 -> 176 [ label = "" ]
    128 -> 194 [ label = "" ]
    129 -> 65 [ label = "" ]
    129 -> 125 [ label = "" ]
    129 -> 127 [ label = "" ]
    129 -> 316 [ label = "" ]
    130 -> 186 [ label = "" ]
    131 -> 31 [ label = "" ]
    131 -> 34 [ label = " 'cfg(any(target_arch = \"aarch64\", target_arch = \"x86_64\", target_arch = \"x86\"))'" ]
    131 -> 317 [ label = "" ]
    132 -> 318 [ label = "" ]
    132 -> 319 [ label = "" ]
    132 -> 86 [ label = "" ]
    132 -> 118 [ label = "" ]
    132 -> 133 [ label = "" ]
    132 -> 135 [ label = "" ]
    132 -> 320 [ label = "" ]
    133 -> 174 [ label = "" ]
    133 -> 176 [ label = "" ]
    133 -> 177 [ label = "" ]
    136 -> 127 [ label = "" ]
    136 -> 316 [ label = "" ]
    137 -> 321 [ label = "" ]
    137 -> 319 [ label = "" ]
    137 -> 61 [ label = "" ]
    137 -> 322 [ label = "" ]
    137 -> 76 [ label = "" ]
    137 -> 118 [ label = "" ]
    137 -> 132 [ label = "" ]
    137 -> 323 [ label = "" ]
    137 -> 324 [ label = "" ]
    137 -> 134 [ label = "" ]
    137 -> 138 [ label = "" ]
    137 -> 151 [ label = "" ]
    138 -> 174 [ label = "" ]
    138 -> 176 [ label = "" ]
    138 -> 177 [ label = "" ]
    139 -> 61 [ label = "" ]
    139 -> 322 [ label = "" ]
    139 -> 134 [ label = "" ]
    139 -> 187 [ label = "" ]
    139 -> 189 [ label = "" ]
    141 -> 325 [ label = "" ]
    141 -> 326 [ label = " 'cfg(target_os = \"linux\")'" ]
    141 -> 327 [ label = " 'cfg(target_os = \"linux\")'" ]
    141 -> 327 [ label = " 'cfg(target_os = \"windows\")'" ]
    142 -> 106 [ label = "" ]
    142 -> 266 [ label = "" ]
    142 -> 108 [ label = "" ]
    142 -> 328 [ label = "" ]
    142 -> 156 [ label = "" ]
    143 -> 106 [ label = "" ]
    143 -> 266 [ label = "" ]
    143 -> 108 [ label = "" ]
    143 -> 328 [ label = "" ]
    143 -> 156 [ label = "" ]
    144 -> 21 [ label = "" ]
    144 -> 62 [ label = "" ]
    144 -> 63 [ label = "" ]
    144 -> 257 [ label = "" ]
    144 -> 202 [ label = "" ]
    144 -> 203 [ label = "" ]
    144 -> 185 [ label = "" ]
    144 -> 329 [ label = "" ]
    144 -> 186 [ label = "" ]
    144 -> 205 [ label = "" ]
    144 -> 330 [ label = "" ]
    144 -> 331 [ label = "" ]
    144 -> 145 [ label = "" ]
    144 -> 332 [ label = "" ]
    144 -> 152 [ label = "" ]
    145 -> 146 [ label = "" ]
    146 -> 174 [ label = "" ]
    146 -> 176 [ label = "" ]
    146 -> 194 [ label = "" ]
    147 -> 186 [ label = "" ]
    148 -> 186 [ label = "" ]
    148 -> 333 [ label = "" ]
    148 -> 334 [ label = "" ]
    148 -> 335 [ label = "" ]
    148 -> 336 [ label = "" ]
    149 -> 186 [ label = "" ]
    150 -> 337 [ label = "" ]
    150 -> 263 [ label = "" ]
    150 -> 186 [ label = "" ]
    150 -> 333 [ label = "" ]
    150 -> 149 [ label = "" ]
    150 -> 334 [ label = "" ]
    150 -> 338 [ label = "" ]
    152 -> 31 [ label = "" ]
    152 -> 140 [ label = "" ]
    153 -> 339 [ label = "" ]
    160 -> 161 [ label = "" ]
    161 -> 162 [ label = " 'aarch64-pc-windows-gnullvm'" ]
    161 -> 163 [ label = " 'cfg(all(target_arch = \"aarch64\", target_env = \"msvc\", not(windows_raw_dylib)))'" ]
    161 -> 164 [ label = " 'cfg(all(target_arch = \"x86\", target_env = \"gnu\", not(windows_raw_dylib)))'" ]
    161 -> 165 [ label = " 'cfg(all(target_arch = \"x86\", target_env = \"msvc\", not(windows_raw_dylib)))'" ]
    161 -> 166 [ label = " 'cfg(all(target_arch = \"x86_64\", target_env = \"gnu\", not(target_abi = \"llvm\"), not(windows_raw_dylib)))'" ]
    161 -> 167 [ label = " 'x86_64-pc-windows-gnullvm'" ]
    161 -> 168 [ label = " 'cfg(all(target_arch = \"x86_64\", target_env = \"msvc\", not(windows_raw_dylib)))'" ]
    170 -> 75 [ label = "" ]
    282 -> 3 [ label = "" ]
    312 -> 3 [ label = "" ]
    312 -> 82 [ label = "" ]
    281 -> 3 [ label = "" ]
    281 -> 282 [ label = "" ]
    281 -> 312 [ label = "" ]
    242 -> 4 [ label = "" ]
    221 -> 6 [ label = "" ]
    221 -> 189 [ label = "" ]
    221 -> 190 [ label = "" ]
    340 -> 8 [ label = "" ]
    178 -> 8 [ label = "" ]
    178 -> 340 [ label = "" ]
    341 -> 11 [ label = "" ]
    318 -> 11 [ label = "" ]
    318 -> 341 [ label = "" ]
    342 -> 14 [ label = "" ]
    191 -> 14 [ label = "" ]
    191 -> 342 [ label = "" ]
    343 -> 15 [ label = "" ]
    313 -> 15 [ label = "" ]
    313 -> 343 [ label = "" ]
    314 -> 16 [ label = "" ]
    344 -> 20 [ label = "" ]
    230 -> 20 [ label = "" ]
    230 -> 344 [ label = "" ]
    201 -> 21 [ label = "" ]
    201 -> 345 [ label = "" ]
    345 -> 21 [ label = "" ]
    345 -> 127 [ label = "" ]
    235 -> 23 [ label = "" ]
    238 -> 24 [ label = "" ]
    236 -> 28 [ label = "" ]
    239 -> 29 [ label = "" ]
    346 -> 33 [ label = "" ]
    346 -> 170 [ label = "" ]
    347 -> 33 [ label = "" ]
    347 -> 346 [ label = "" ]
    348 -> 33 [ label = "" ]
    348 -> 147 [ label = "" ]
    349 -> 33 [ label = "" ]
    349 -> 129 [ label = "" ]
    350 -> 33 [ label = "" ]
    351 -> 33 [ label = "" ]
    351 -> 123 [ label = "" ]
    352 -> 33 [ label = "" ]
    352 -> 353 [ label = "" ]
    354 -> 33 [ label = "" ]
    354 -> 352 [ label = "" ]
    355 -> 33 [ label = "" ]
    355 -> 349 [ label = "" ]
    356 -> 33 [ label = "" ]
    356 -> 350 [ label = "" ]
    325 -> 33 [ label = "" ]
    325 -> 348 [ label = "" ]
    325 -> 355 [ label = "" ]
    325 -> 347 [ label = "" ]
    325 -> 356 [ label = "" ]
    325 -> 351 [ label = "" ]
    325 -> 354 [ label = "" ]
    357 -> 35 [ label = "" ]
    357 -> 213 [ label = "" ]
    357 -> 214 [ label = "" ]
    279 -> 35 [ label = "" ]
    279 -> 357 [ label = "" ]
    213 -> 36 [ label = "" ]
    213 -> 358 [ label = "" ]
    213 -> 214 [ label = "" ]
    358 -> 36 [ label = "" ]
    359 -> 37 [ label = "" ]
    359 -> 215 [ label = "" ]
    321 -> 37 [ label = "" ]
    321 -> 359 [ label = "" ]
    215 -> 38 [ label = "" ]
    215 -> 360 [ label = "" ]
    360 -> 38 [ label = "" ]
    360 -> 72 [ label = "" ]
    214 -> 39 [ label = "" ]
    280 -> 39 [ label = "" ]
    280 -> 214 [ label = "" ]
    361 -> 42 [ label = "" ]
    179 -> 42 [ label = "" ]
    179 -> 361 [ label = "" ]
    317 -> 43 [ label = "" ]
    317 -> 362 [ label = "" ]
    362 -> 43 [ label = "" ]
    362 -> 363 [ label = "" ]
    363 -> 43 [ label = "" ]
    363 -> 17 [ label = "" ]
    264 -> 47 [ label = "" ]
    264 -> 120 [ label = "" ]
    364 -> 51 [ label = "" ]
    180 -> 51 [ label = "" ]
    180 -> 364 [ label = "" ]
    216 -> 53 [ label = "" ]
    277 -> 55 [ label = "" ]
    278 -> 56 [ label = "" ]
    365 -> 58 [ label = "" ]
    171 -> 58 [ label = "" ]
    171 -> 365 [ label = "" ]
    231 -> 59 [ label = "" ]
    366 -> 60 [ label = "" ]
    319 -> 60 [ label = "" ]
    319 -> 367 [ label = "" ]
    319 -> 366 [ label = "" ]
    367 -> 60 [ label = "" ]
    367 -> 2 [ label = "" ]
    368 -> 61 [ label = "" ]
    368 -> 118 [ label = "" ]
    322 -> 61 [ label = "" ]
    322 -> 368 [ label = "" ]
    337 -> 64 [ label = "" ]
    263 -> 64 [ label = "" ]
    263 -> 337 [ label = "" ]
    222 -> 69 [ label = "" ]
    222 -> 144 [ label = "" ]
    369 -> 71 [ label = "" ]
    369 -> 241 [ label = "" ]
    250 -> 71 [ label = "" ]
    250 -> 369 [ label = "" ]
    370 -> 73 [ label = "" ]
    210 -> 73 [ label = "" ]
    210 -> 370 [ label = "" ]
    256 -> 74 [ label = "" ]
    219 -> 76 [ label = "" ]
    371 -> 77 [ label = "" ]
    243 -> 77 [ label = "" ]
    243 -> 371 [ label = "" ]
    248 -> 78 [ label = "" ]
    247 -> 78 [ label = "" ]
    372 -> 81 [ label = "" ]
    223 -> 81 [ label = "" ]
    223 -> 372 [ label = "" ]
    172 -> 82 [ label = "" ]
    172 -> 373 [ label = "" ]
    257 -> 82 [ label = "" ]
    257 -> 172 [ label = "" ]
    373 -> 82 [ label = "" ]
    254 -> 83 [ label = "" ]
    374 -> 87 [ label = "" ]
    374 -> 375 [ label = "" ]
    374 -> 245 [ label = "" ]
    374 -> 376 [ label = "" ]
    374 -> 242 [ label = "" ]
    377 -> 87 [ label = "" ]
    377 -> 128 [ label = "" ]
    181 -> 87 [ label = "" ]
    181 -> 378 [ label = "" ]
    181 -> 377 [ label = "" ]
    181 -> 244 [ label = "" ]
    378 -> 87 [ label = "" ]
    378 -> 127 [ label = "" ]
    376 -> 87 [ label = "" ]
    376 -> 115 [ label = "" ]
    182 -> 87 [ label = "" ]
    182 -> 85 [ label = "" ]
    375 -> 87 [ label = "" ]
    375 -> 77 [ label = "" ]
    183 -> 87 [ label = "" ]
    183 -> 374 [ label = "" ]
    253 -> 88 [ label = "" ]
    253 -> 249 [ label = "" ]
    253 -> 248 [ label = "" ]
    379 -> 88 [ label = "" ]
    379 -> 73 [ label = "" ]
    380 -> 88 [ label = "" ]
    380 -> 26 [ label = "" ]
    251 -> 88 [ label = "" ]
    251 -> 380 [ label = "" ]
    251 -> 379 [ label = "" ]
    252 -> 88 [ label = "" ]
    252 -> 9 [ label = "" ]
    326 -> 89 [ label = "" ]
    326 -> 250 [ label = "" ]
    327 -> 89 [ label = "" ]
    241 -> 90 [ label = "" ]
    240 -> 90 [ label = "" ]
    381 -> 91 [ label = "" ]
    381 -> 339 [ label = "" ]
    381 -> 172 [ label = "" ]
    381 -> 254 [ label = "" ]
    211 -> 91 [ label = "" ]
    211 -> 381 [ label = "" ]
    339 -> 91 [ label = "" ]
    244 -> 92 [ label = "" ]
    244 -> 127 [ label = "" ]
    382 -> 93 [ label = "" ]
    382 -> 249 [ label = "" ]
    206 -> 93 [ label = "" ]
    206 -> 127 [ label = "" ]
    207 -> 93 [ label = "" ]
    207 -> 110 [ label = "" ]
    208 -> 93 [ label = "" ]
    208 -> 382 [ label = "" ]
    249 -> 96 [ label = "" ]
    173 -> 96 [ label = "" ]
    173 -> 74 [ label = "" ]
    255 -> 96 [ label = "" ]
    184 -> 96 [ label = "" ]
    184 -> 249 [ label = "" ]
    199 -> 97 [ label = "" ]
    195 -> 97 [ label = "" ]
    198 -> 97 [ label = "" ]
    198 -> 383 [ label = "" ]
    197 -> 97 [ label = "" ]
    196 -> 97 [ label = "" ]
    383 -> 97 [ label = "" ]
    200 -> 97 [ label = "" ]
    384 -> 98 [ label = "" ]
    384 -> 385 [ label = "" ]
    386 -> 98 [ label = "" ]
    262 -> 98 [ label = "" ]
    262 -> 384 [ label = "" ]
    385 -> 98 [ label = "" ]
    385 -> 386 [ label = "" ]
    259 -> 100 [ label = "" ]
    259 -> 258 [ label = "" ]
    259 -> 145 [ label = "" ]
    387 -> 100 [ label = "" ]
    387 -> 82 [ label = "" ]
    232 -> 100 [ label = "" ]
    232 -> 259 [ label = "" ]
    232 -> 387 [ label = "" ]
    388 -> 101 [ label = "" ]
    388 -> 259 [ label = "" ]
    388 -> 260 [ label = "" ]
    233 -> 101 [ label = "" ]
    233 -> 388 [ label = "" ]
    260 -> 102 [ label = "" ]
    260 -> 259 [ label = "" ]
    261 -> 103 [ label = "" ]
    389 -> 104 [ label = "" ]
    390 -> 104 [ label = "" ]
    391 -> 104 [ label = "" ]
    237 -> 104 [ label = "" ]
    237 -> 391 [ label = "" ]
    237 -> 389 [ label = "" ]
    237 -> 390 [ label = "" ]
    276 -> 105 [ label = "" ]
    275 -> 105 [ label = "" ]
    266 -> 106 [ label = "" ]
    174 -> 106 [ label = "" ]
    174 -> 266 [ label = "" ]
    392 -> 107 [ label = "" ]
    392 -> 393 [ label = "" ]
    392 -> 394 [ label = "" ]
    395 -> 107 [ label = "" ]
    395 -> 264 [ label = "" ]
    393 -> 107 [ label = "" ]
    393 -> 76 [ label = "" ]
    394 -> 107 [ label = "" ]
    394 -> 47 [ label = "" ]
    175 -> 107 [ label = "" ]
    175 -> 395 [ label = "" ]
    175 -> 392 [ label = "" ]
    328 -> 108 [ label = "" ]
    328 -> 266 [ label = "" ]
    176 -> 108 [ label = "" ]
    176 -> 328 [ label = "" ]
    245 -> 109 [ label = "" ]
    245 -> 270 [ label = "" ]
    245 -> 267 [ label = "" ]
    245 -> 396 [ label = "" ]
    245 -> 397 [ label = "" ]
    245 -> 398 [ label = "" ]
    398 -> 109 [ label = "" ]
    398 -> 73 [ label = "" ]
    399 -> 109 [ label = "" ]
    399 -> 400 [ label = "" ]
    397 -> 109 [ label = "" ]
    397 -> 399 [ label = "" ]
    397 -> 269 [ label = "" ]
    265 -> 109 [ label = "" ]
    265 -> 245 [ label = "" ]
    396 -> 109 [ label = "" ]
    396 -> 268 [ label = "" ]
    401 -> 110 [ label = "" ]
    401 -> 402 [ label = "" ]
    403 -> 110 [ label = "" ]
    403 -> 274 [ label = "" ]
    403 -> 271 [ label = "" ]
    403 -> 404 [ label = "" ]
    403 -> 405 [ label = "" ]
    403 -> 406 [ label = "" ]
    402 -> 110 [ label = "" ]
    402 -> 112 [ label = "" ]
    406 -> 110 [ label = "" ]
    406 -> 73 [ label = "" ]
    405 -> 110 [ label = "" ]
    405 -> 273 [ label = "" ]
    209 -> 110 [ label = "" ]
    209 -> 403 [ label = "" ]
    209 -> 401 [ label = "" ]
    404 -> 110 [ label = "" ]
    404 -> 272 [ label = "" ]
    267 -> 111 [ label = "" ]
    267 -> 276 [ label = "" ]
    271 -> 112 [ label = "" ]
    271 -> 276 [ label = "" ]
    270 -> 113 [ label = "" ]
    270 -> 268 [ label = "" ]
    270 -> 269 [ label = "" ]
    270 -> 277 [ label = "" ]
    269 -> 113 [ label = "" ]
    269 -> 55 [ label = "" ]
    268 -> 113 [ label = "" ]
    274 -> 114 [ label = "" ]
    274 -> 272 [ label = "" ]
    274 -> 273 [ label = "" ]
    274 -> 278 [ label = "" ]
    273 -> 114 [ label = "" ]
    273 -> 56 [ label = "" ]
    272 -> 114 [ label = "" ]
    407 -> 120 [ label = "" ]
    407 -> 300 [ label = "" ]
    407 -> 311 [ label = "" ]
    408 -> 120 [ label = "" ]
    408 -> 299 [ label = "" ]
    408 -> 310 [ label = "" ]
    409 -> 120 [ label = "" ]
    409 -> 298 [ label = "" ]
    409 -> 301 [ label = "" ]
    409 -> 309 [ label = "" ]
    410 -> 120 [ label = "" ]
    410 -> 297 [ label = "" ]
    410 -> 308 [ label = "" ]
    411 -> 120 [ label = "" ]
    411 -> 296 [ label = "" ]
    411 -> 307 [ label = "" ]
    412 -> 120 [ label = "" ]
    412 -> 295 [ label = "" ]
    412 -> 306 [ label = "" ]
    413 -> 120 [ label = "" ]
    413 -> 294 [ label = "" ]
    413 -> 305 [ label = "" ]
    414 -> 120 [ label = "" ]
    414 -> 413 [ label = "" ]
    414 -> 412 [ label = "" ]
    414 -> 411 [ label = "" ]
    414 -> 410 [ label = "" ]
    414 -> 409 [ label = "" ]
    414 -> 408 [ label = "" ]
    414 -> 407 [ label = "" ]
    414 -> 293 [ label = "" ]
    414 -> 304 [ label = "" ]
    415 -> 120 [ label = "" ]
    415 -> 292 [ label = "" ]
    415 -> 303 [ label = "" ]
    416 -> 120 [ label = "" ]
    416 -> 287 [ label = "" ]
    417 -> 120 [ label = "" ]
    417 -> 3 [ label = "" ]
    417 -> 82 [ label = "" ]
    417 -> 291 [ label = "" ]
    418 -> 120 [ label = "" ]
    418 -> 290 [ label = "" ]
    419 -> 120 [ label = "" ]
    419 -> 288 [ label = "" ]
    420 -> 120 [ label = "" ]
    421 -> 120 [ label = "" ]
    421 -> 289 [ label = "" ]
    422 -> 120 [ label = "" ]
    422 -> 420 [ label = "" ]
    422 -> 419 [ label = "" ]
    422 -> 416 [ label = "" ]
    422 -> 421 [ label = "" ]
    422 -> 418 [ label = "" ]
    422 -> 417 [ label = "" ]
    220 -> 120 [ label = "" ]
    220 -> 415 [ label = "" ]
    220 -> 422 [ label = "" ]
    220 -> 414 [ label = "" ]
    220 -> 302 [ label = "" ]
    301 -> 121 [ label = "" ]
    300 -> 121 [ label = "" ]
    299 -> 121 [ label = "" ]
    298 -> 121 [ label = "" ]
    297 -> 121 [ label = "" ]
    296 -> 121 [ label = "" ]
    295 -> 121 [ label = "" ]
    294 -> 121 [ label = "" ]
    293 -> 121 [ label = "" ]
    293 -> 294 [ label = "" ]
    293 -> 295 [ label = "" ]
    293 -> 296 [ label = "" ]
    293 -> 297 [ label = "" ]
    293 -> 298 [ label = "" ]
    293 -> 299 [ label = "" ]
    293 -> 300 [ label = "" ]
    293 -> 301 [ label = "" ]
    284 -> 121 [ label = "" ]
    284 -> 122 [ label = "" ]
    284 -> 283 [ label = "" ]
    292 -> 121 [ label = "" ]
    292 -> 283 [ label = "" ]
    423 -> 121 [ label = "" ]
    423 -> 82 [ label = "" ]
    424 -> 121 [ label = "" ]
    424 -> 292 [ label = "" ]
    424 -> 3 [ label = "" ]
    291 -> 121 [ label = "" ]
    291 -> 423 [ label = "" ]
    291 -> 424 [ label = "" ]
    290 -> 121 [ label = "" ]
    425 -> 121 [ label = "" ]
    425 -> 283 [ label = "" ]
    286 -> 121 [ label = "" ]
    286 -> 425 [ label = "" ]
    289 -> 121 [ label = "" ]
    289 -> 425 [ label = "" ]
    285 -> 121 [ label = "" ]
    285 -> 284 [ label = "" ]
    285 -> 286 [ label = "" ]
    288 -> 121 [ label = "" ]
    288 -> 283 [ label = "" ]
    288 -> 425 [ label = "" ]
    287 -> 121 [ label = "" ]
    287 -> 425 [ label = "" ]
    283 -> 121 [ label = "" ]
    311 -> 122 [ label = "" ]
    310 -> 122 [ label = "" ]
    309 -> 122 [ label = "" ]
    308 -> 122 [ label = "" ]
    307 -> 122 [ label = "" ]
    306 -> 122 [ label = "" ]
    305 -> 122 [ label = "" ]
    304 -> 122 [ label = "" ]
    304 -> 305 [ label = "" ]
    304 -> 306 [ label = "" ]
    304 -> 307 [ label = "" ]
    304 -> 308 [ label = "" ]
    304 -> 309 [ label = "" ]
    304 -> 310 [ label = "" ]
    304 -> 311 [ label = "" ]
    303 -> 122 [ label = "" ]
    302 -> 122 [ label = "" ]
    302 -> 303 [ label = "" ]
    302 -> 304 [ label = "" ]
    426 -> 126 [ label = "" ]
    202 -> 126 [ label = "" ]
    202 -> 127 [ label = "" ]
    203 -> 126 [ label = "" ]
    203 -> 426 [ label = "" ]
    316 -> 127 [ label = "" ]
    315 -> 127 [ label = "" ]
    315 -> 128 [ label = "" ]
    329 -> 127 [ label = "" ]
    185 -> 127 [ label = "" ]
    185 -> 315 [ label = "" ]
    186 -> 127 [ label = "" ]
    186 -> 316 [ label = "" ]
    246 -> 128 [ label = "" ]
    204 -> 129 [ label = "" ]
    427 -> 129 [ label = "" ]
    427 -> 316 [ label = "" ]
    205 -> 129 [ label = "" ]
    205 -> 427 [ label = "" ]
    333 -> 130 [ label = "" ]
    333 -> 127 [ label = "" ]
    324 -> 132 [ label = "" ]
    324 -> 133 [ label = "" ]
    428 -> 132 [ label = "" ]
    428 -> 118 [ label = "" ]
    323 -> 132 [ label = "" ]
    323 -> 428 [ label = "" ]
    429 -> 136 [ label = "" ]
    429 -> 316 [ label = "" ]
    330 -> 136 [ label = "" ]
    330 -> 127 [ label = "" ]
    331 -> 136 [ label = "" ]
    331 -> 429 [ label = "" ]
    188 -> 137 [ label = "" ]
    188 -> 138 [ label = "" ]
    187 -> 137 [ label = "" ]
    187 -> 324 [ label = "" ]
    430 -> 137 [ label = "" ]
    430 -> 118 [ label = "" ]
    189 -> 137 [ label = "" ]
    189 -> 430 [ label = "" ]
    189 -> 323 [ label = "" ]
    189 -> 322 [ label = "" ]
    190 -> 139 [ label = "" ]
    190 -> 189 [ label = "" ]
    190 -> 322 [ label = "" ]
    224 -> 141 [ label = "" ]
    224 -> 89 [ label = "" ]
    217 -> 142 [ label = "" ]
    431 -> 142 [ label = "" ]
    431 -> 108 [ label = "" ]
    432 -> 142 [ label = "" ]
    432 -> 266 [ label = "" ]
    432 -> 328 [ label = "" ]
    433 -> 142 [ label = "" ]
    433 -> 431 [ label = "" ]
    434 -> 142 [ label = "" ]
    234 -> 142 [ label = "" ]
    218 -> 142 [ label = "" ]
    435 -> 142 [ label = "" ]
    177 -> 142 [ label = "" ]
    177 -> 435 [ label = "" ]
    177 -> 434 [ label = "" ]
    177 -> 433 [ label = "" ]
    177 -> 436 [ label = "" ]
    177 -> 432 [ label = "" ]
    436 -> 142 [ label = "" ]
    193 -> 143 [ label = "" ]
    437 -> 143 [ label = "" ]
    437 -> 108 [ label = "" ]
    438 -> 143 [ label = "" ]
    438 -> 266 [ label = "" ]
    438 -> 328 [ label = "" ]
    439 -> 143 [ label = "" ]
    439 -> 437 [ label = "" ]
    440 -> 143 [ label = "" ]
    192 -> 143 [ label = "" ]
    441 -> 143 [ label = "" ]
    194 -> 143 [ label = "" ]
    194 -> 441 [ label = "" ]
    194 -> 440 [ label = "" ]
    194 -> 439 [ label = "" ]
    194 -> 442 [ label = "" ]
    194 -> 438 [ label = "" ]
    442 -> 143 [ label = "" ]
    212 -> 147 [ label = "" ]
    443 -> 148 [ label = "" ]
    443 -> 150 [ label = "" ]
    444 -> 148 [ label = "" ]
    444 -> 150 [ label = "" ]
    332 -> 148 [ label = "" ]
    332 -> 443 [ label = "" ]
    332 -> 444 [ label = "" ]
    334 -> 149 [ label = "" ]
    334 -> 127 [ label = "" ]
    335 -> 150 [ label = "" ]
    335 -> 127 [ label = "" ]
    335 -> 334 [ label = "" ]
    335 -> 130 [ label = "" ]
    336 -> 150 [ label = "" ]
    320 -> 153 [ label = "" ]
    258 -> 155 [ label = "" ]
    445 -> 159 [ label = "" ]
    225 -> 159 [ label = "" ]
    225 -> 445 [ label = "" ]
    229 -> 160 [ label = "" ]
    227 -> 160 [ label = "" ]
    227 -> 446 [ label = "" ]
    446 -> 160 [ label = "" ]
    446 -> 447 [ label = "" ]
    228 -> 160 [ label = "" ]
    228 -> 448 [ label = "" ]
    448 -> 160 [ label = "" ]
    448 -> 447 [ label = "" ]
    226 -> 160 [ label = "" ]
    226 -> 447 [ label = "" ]
    447 -> 160 [ label = "" ]
    449 -> 169 [ label = "" ]
    449 -> 450 [ label = "" ]
    338 -> 169 [ label = "" ]
    338 -> 449 [ label = "" ]
    450 -> 169 [ label = "" ]
}
