---
source: tests/kind.rs
expression: grafs.dotgraph()
---
digraph {
    0 [ label = "crate a 0.1.0 path+file:///krates/tests/ws/a" ]
    1 [ label = "crate anyhow 1.0.26" ]
    2 [ label = "crate b 0.1.0 path+file:///krates/tests/ws/b" ]
    3 [ label = "crate bumpalo 3.1.2" ]
    4 [ label = "crate c 0.1.0 path+file:///krates/tests/ws/c" ]
    5 [ label = "crate cc 1.0.50" ]
    6 [ label = "crate cc 1.0.84 git+https://github.com/alexcrichton/cc-rs?branch=main" ]
    7 [ label = "crate cc 1.0.84 git+https://github.com/alexcrichton/cc-rs?rev=34d4ce4" ]
    8 [ label = "crate cfg-if 0.1.10" ]
    9 [ label = "crate difference 2.0.0" ]
    10 [ label = "crate heck 0.3.1" ]
    11 [ label = "crate js-sys 0.3.35" ]
    12 [ label = "crate lazy_static 1.4.0" ]
    13 [ label = "crate libc 0.2.66" ]
    14 [ label = "crate log 0.4.8" ]
    15 [ label = "crate memchr 2.2.1" ]
    16 [ label = "crate nom 4.2.3" ]
    17 [ label = "crate proc-macro2 1.0.7" ]
    18 [ label = "crate quote 1.0.2" ]
    19 [ label = "crate ring 0.16.9" ]
    20 [ label = "crate sourcefile 0.1.4" ]
    21 [ label = "crate spin 0.5.2" ]
    22 [ label = "crate syn 1.0.13" ]
    23 [ label = "crate unicode-segmentation 1.6.0" ]
    24 [ label = "crate unicode-xid 0.2.0" ]
    25 [ label = "crate untrusted 0.7.0" ]
    26 [ label = "crate version_check 0.1.5" ]
    27 [ label = "crate wasm-bindgen 0.2.58" ]
    28 [ label = "crate wasm-bindgen-backend 0.2.58" ]
    29 [ label = "crate wasm-bindgen-macro 0.2.58" ]
    30 [ label = "crate wasm-bindgen-macro-support 0.2.58" ]
    31 [ label = "crate wasm-bindgen-shared 0.2.58" ]
    32 [ label = "crate wasm-bindgen-webidl 0.2.58" ]
    33 [ label = "crate web-sys 0.3.35" ]
    34 [ label = "crate weedle 0.10.0" ]
    35 [ label = "crate winapi 0.3.8" ]
    36 [ label = "crate winapi-i686-pc-windows-gnu 0.4.0" ]
    37 [ label = "crate winapi-x86_64-pc-windows-gnu 0.4.0" ]
    38 [ label = "feature default" ]
    39 [ label = "feature default" ]
    40 [ label = "feature default" ]
    41 [ label = "feature default" ]
    42 [ label = "feature use_std" ]
    43 [ label = "feature default" ]
    44 [ label = "feature proc-macro" ]
    45 [ label = "feature Crypto" ]
    46 [ label = "feature Window" ]
    47 [ label = "feature ntsecapi" ]
    48 [ label = "feature wtypesbase" ]
    49 [ label = "feature proc-macro" ]
    50 [ label = "feature spans" ]
    51 [ label = "feature default" ]
    52 [ label = "feature default" ]
    53 [ label = "feature default" ]
    54 [ label = "feature full" ]
    55 [ label = "feature default" ]
    56 [ label = "feature spans" ]
    57 [ label = "feature visit" ]
    58 [ label = "feature spans" ]
    59 [ label = "feature default" ]
    60 [ label = "feature default" ]
    61 [ label = "feature std" ]
    62 [ label = "feature leftpad" ]
    63 [ label = "feature leftier-strings" ]
    64 [ label = "feature lazy_static" ]
    65 [ label = "feature std" ]
    66 [ label = "feature alloc" ]
    67 [ label = "feature lazy_static" ]
    68 [ label = "feature dev_urandom_fallback" ]
    69 [ label = "feature alloc" ]
    70 [ label = "feature quote" ]
    71 [ label = "feature proc-macro" ]
    72 [ label = "feature printing" ]
    73 [ label = "feature parsing" ]
    74 [ label = "feature derive" ]
    75 [ label = "feature clone-impls" ]
    76 [ label = "feature std" ]
    77 [ label = "feature spans" ]
    0 -> 38 [ label = "(dev)" ]
    0 -> 38 [ label = "(build) 'cfg(target_os = \"linux\")'" ]
    2 -> 7 [ label = "(build)" ]
    2 -> 39 [ label = "(dev) 'cfg(target_arch = \"x86_64\")'" ]
    4 -> 6 [ label = "(build)" ]
    4 -> 40 [ label = "(dev)" ]
    6 -> 13 [ label = " 'cfg(unix)'" ]
    7 -> 13 [ label = " 'cfg(unix)'" ]
    10 -> 23 [ label = "" ]
    11 -> 41 [ label = "" ]
    14 -> 8 [ label = "" ]
    16 -> 15 [ label = "" ]
    16 -> 42 [ label = "" ]
    16 -> 26 [ label = "(build)" ]
    17 -> 43 [ label = "" ]
    18 -> 17 [ label = "" ]
    18 -> 44 [ label = "" ]
    19 -> 5 [ label = "(build)" ]
    19 -> 12 [ label = " 'cfg(any(target_os = \"android\", target_os = \"freebsd\", target_os = \"linux\", target_os = \"netbsd\", target_os = \"openbsd\", target_os = \"solaris\"))'" ]
    19 -> 13 [ label = " 'cfg(any(target_os = \"android\", target_os = \"linux\"))'" ]
    19 -> 21 [ label = " 'cfg(all(any(target_arch = \"aarch64\", target_arch = \"arm\", target_arch = \"x86\", target_arch = \"x86_64\"), not(target_os = \"ios\")))'" ]
    19 -> 25 [ label = "" ]
    19 -> 45 [ label = " 'cfg(all(target_arch = \"wasm32\", target_vendor = \"unknown\", target_os = \"unknown\", target_env = \"\"))'" ]
    19 -> 46 [ label = " 'cfg(all(target_arch = \"wasm32\", target_vendor = \"unknown\", target_os = \"unknown\", target_env = \"\"))'" ]
    19 -> 47 [ label = " 'cfg(target_os = \"windows\")'" ]
    19 -> 48 [ label = " 'cfg(target_os = \"windows\")'" ]
    22 -> 17 [ label = "" ]
    22 -> 44 [ label = "" ]
    22 -> 18 [ label = "" ]
    22 -> 49 [ label = "" ]
    22 -> 43 [ label = "" ]
    27 -> 8 [ label = "" ]
    27 -> 29 [ label = "" ]
    27 -> 50 [ label = "" ]
    28 -> 51 [ label = "" ]
    28 -> 12 [ label = "" ]
    28 -> 14 [ label = "" ]
    28 -> 52 [ label = "" ]
    28 -> 53 [ label = "" ]
    28 -> 54 [ label = "" ]
    28 -> 55 [ label = "" ]
    28 -> 31 [ label = "" ]
    29 -> 53 [ label = "" ]
    29 -> 30 [ label = "" ]
    29 -> 56 [ label = "" ]
    30 -> 52 [ label = "" ]
    30 -> 53 [ label = "" ]
    30 -> 57 [ label = "" ]
    30 -> 55 [ label = "" ]
    30 -> 28 [ label = "" ]
    30 -> 58 [ label = "" ]
    30 -> 31 [ label = "" ]
    32 -> 59 [ label = "" ]
    32 -> 10 [ label = "" ]
    32 -> 14 [ label = "" ]
    32 -> 52 [ label = "" ]
    32 -> 53 [ label = "" ]
    32 -> 54 [ label = "" ]
    32 -> 55 [ label = "" ]
    32 -> 28 [ label = "" ]
    32 -> 34 [ label = "" ]
    33 -> 59 [ label = "(build)" ]
    33 -> 11 [ label = "" ]
    33 -> 20 [ label = "(build)" ]
    33 -> 41 [ label = "" ]
    33 -> 32 [ label = "(build)" ]
    34 -> 60 [ label = "" ]
    35 -> 36 [ label = " 'i686-pc-windows-gnu'" ]
    35 -> 37 [ label = " 'x86_64-pc-windows-gnu'" ]
    61 -> 1 [ label = "" ]
    59 -> 1 [ label = "" ]
    59 -> 61 [ label = "" ]
    51 -> 3 [ label = "" ]
    62 -> 4 [ label = "" ]
    63 -> 4 [ label = "" ]
    63 -> 62 [ label = "" ]
    64 -> 4 [ label = "" ]
    64 -> 12 [ label = "" ]
    38 -> 4 [ label = "" ]
    38 -> 62 [ label = "" ]
    40 -> 9 [ label = "" ]
    42 -> 15 [ label = "" ]
    65 -> 16 [ label = "" ]
    65 -> 66 [ label = "" ]
    65 -> 42 [ label = "" ]
    60 -> 16 [ label = "" ]
    60 -> 65 [ label = "" ]
    66 -> 16 [ label = "" ]
    44 -> 17 [ label = "" ]
    52 -> 17 [ label = "" ]
    52 -> 44 [ label = "" ]
    49 -> 18 [ label = "" ]
    49 -> 44 [ label = "" ]
    53 -> 18 [ label = "" ]
    53 -> 49 [ label = "" ]
    67 -> 19 [ label = "" ]
    67 -> 12 [ label = "" ]
    68 -> 19 [ label = "" ]
    68 -> 67 [ label = "" ]
    39 -> 19 [ label = "" ]
    39 -> 69 [ label = "" ]
    39 -> 68 [ label = "" ]
    69 -> 19 [ label = "" ]
    57 -> 22 [ label = "" ]
    70 -> 22 [ label = "" ]
    70 -> 18 [ label = "" ]
    71 -> 22 [ label = "" ]
    71 -> 44 [ label = "" ]
    71 -> 49 [ label = "" ]
    72 -> 22 [ label = "" ]
    72 -> 70 [ label = "" ]
    73 -> 22 [ label = "" ]
    54 -> 22 [ label = "" ]
    74 -> 22 [ label = "" ]
    55 -> 22 [ label = "" ]
    55 -> 74 [ label = "" ]
    55 -> 73 [ label = "" ]
    55 -> 72 [ label = "" ]
    55 -> 75 [ label = "" ]
    55 -> 71 [ label = "" ]
    75 -> 22 [ label = "" ]
    43 -> 24 [ label = "" ]
    76 -> 27 [ label = "" ]
    77 -> 27 [ label = "" ]
    77 -> 50 [ label = "" ]
    41 -> 27 [ label = "" ]
    41 -> 77 [ label = "" ]
    41 -> 76 [ label = "" ]
    58 -> 28 [ label = "" ]
    50 -> 29 [ label = "" ]
    50 -> 56 [ label = "" ]
    56 -> 30 [ label = "" ]
    56 -> 58 [ label = "" ]
    46 -> 33 [ label = "" ]
    45 -> 33 [ label = "" ]
    48 -> 35 [ label = "" ]
    47 -> 35 [ label = "" ]
}

