---
source: tests/misc.rs
expression: grafs.dotgraph()
---
digraph {
    0 [ label = "crate addr2line 0.17.0 (registry+https://github.com/rust-lang/crates.io-index)" ]
    1 [ label = "crate ahash 0.7.6 (registry+https://github.com/rust-lang/crates.io-index)" ]
    2 [ label = "crate anyhow 1.0.66 (registry+https://github.com/rust-lang/crates.io-index)" ]
    3 [ label = "crate arrayvec 0.7.2 (registry+https://github.com/rust-lang/crates.io-index)" ]
    4 [ label = "crate autocfg 1.1.0 (registry+https://github.com/rust-lang/crates.io-index)" ]
    5 [ label = "crate bincode 1.3.3 (registry+https://github.com/rust-lang/crates.io-index)" ]
    6 [ label = "crate bitflags 1.3.2 (registry+https://github.com/rust-lang/crates.io-index)" ]
    7 [ label = "crate block-buffer 0.9.0 (registry+https://github.com/rust-lang/crates.io-index)" ]
    8 [ label = "crate bug 0.1.0 (path+file:///home/jake/code/krates/tests/bug)" ]
    9 [ label = "crate bumpalo 3.11.1 (registry+https://github.com/rust-lang/crates.io-index)" ]
    10 [ label = "crate byteorder 1.4.3 (registry+https://github.com/rust-lang/crates.io-index)" ]
    11 [ label = "crate cc 1.0.73 (registry+https://github.com/rust-lang/crates.io-index)" ]
    12 [ label = "crate cfg-if 1.0.0 (registry+https://github.com/rust-lang/crates.io-index)" ]
    13 [ label = "crate conv 0.3.3 (registry+https://github.com/rust-lang/crates.io-index)" ]
    14 [ label = "crate cpp_demangle 0.3.5 (registry+https://github.com/rust-lang/crates.io-index)" ]
    15 [ label = "crate cpufeatures 0.2.5 (registry+https://github.com/rust-lang/crates.io-index)" ]
    16 [ label = "crate cranelift-bforest 0.89.0 (registry+https://github.com/rust-lang/crates.io-index)" ]
    17 [ label = "crate cranelift-codegen 0.89.0 (registry+https://github.com/rust-lang/crates.io-index)" ]
    18 [ label = "crate cranelift-codegen-meta 0.89.0 (registry+https://github.com/rust-lang/crates.io-index)" ]
    19 [ label = "crate cranelift-codegen-shared 0.89.0 (registry+https://github.com/rust-lang/crates.io-index)" ]
    20 [ label = "crate cranelift-entity 0.89.0 (registry+https://github.com/rust-lang/crates.io-index)" ]
    21 [ label = "crate cranelift-frontend 0.89.0 (registry+https://github.com/rust-lang/crates.io-index)" ]
    22 [ label = "crate cranelift-isle 0.89.0 (registry+https://github.com/rust-lang/crates.io-index)" ]
    23 [ label = "crate cranelift-native 0.89.0 (registry+https://github.com/rust-lang/crates.io-index)" ]
    24 [ label = "crate cranelift-wasm 0.89.0 (registry+https://github.com/rust-lang/crates.io-index)" ]
    25 [ label = "crate crc32fast 1.3.2 (registry+https://github.com/rust-lang/crates.io-index)" ]
    26 [ label = "crate crossbeam-channel 0.5.6 (registry+https://github.com/rust-lang/crates.io-index)" ]
    27 [ label = "crate crossbeam-deque 0.8.2 (registry+https://github.com/rust-lang/crates.io-index)" ]
    28 [ label = "crate crossbeam-epoch 0.9.11 (registry+https://github.com/rust-lang/crates.io-index)" ]
    29 [ label = "crate crossbeam-utils 0.8.12 (registry+https://github.com/rust-lang/crates.io-index)" ]
    30 [ label = "crate custom_derive 0.1.7 (registry+https://github.com/rust-lang/crates.io-index)" ]
    31 [ label = "crate digest 0.9.0 (registry+https://github.com/rust-lang/crates.io-index)" ]
    32 [ label = "crate either 1.8.0 (registry+https://github.com/rust-lang/crates.io-index)" ]
    33 [ label = "crate fallible-iterator 0.2.0 (registry+https://github.com/rust-lang/crates.io-index)" ]
    34 [ label = "crate fxhash 0.2.1 (registry+https://github.com/rust-lang/crates.io-index)" ]
    35 [ label = "crate generic-array 0.14.6 (registry+https://github.com/rust-lang/crates.io-index)" ]
    36 [ label = "crate getrandom 0.2.8 (registry+https://github.com/rust-lang/crates.io-index)" ]
    37 [ label = "crate gimli 0.26.2 (registry+https://github.com/rust-lang/crates.io-index)" ]
    38 [ label = "crate hashbrown 0.12.3 (registry+https://github.com/rust-lang/crates.io-index)" ]
    39 [ label = "crate hermit-abi 0.1.19 (registry+https://github.com/rust-lang/crates.io-index)" ]
    40 [ label = "crate indexmap 1.9.1 (registry+https://github.com/rust-lang/crates.io-index)" ]
    41 [ label = "crate io-lifetimes 0.7.4 (registry+https://github.com/rust-lang/crates.io-index)" ]
    42 [ label = "crate itertools 0.10.5 (registry+https://github.com/rust-lang/crates.io-index)" ]
    43 [ label = "crate ittapi 0.3.1 (registry+https://github.com/rust-lang/crates.io-index)" ]
    44 [ label = "crate ittapi-sys 0.3.1 (registry+https://github.com/rust-lang/crates.io-index)" ]
    45 [ label = "crate libc 0.2.137 (registry+https://github.com/rust-lang/crates.io-index)" ]
    46 [ label = "crate linux-raw-sys 0.0.46 (registry+https://github.com/rust-lang/crates.io-index)" ]
    47 [ label = "crate log 0.4.17 (registry+https://github.com/rust-lang/crates.io-index)" ]
    48 [ label = "crate mach 0.3.2 (registry+https://github.com/rust-lang/crates.io-index)" ]
    49 [ label = "crate memchr 2.5.0 (registry+https://github.com/rust-lang/crates.io-index)" ]
    50 [ label = "crate memoffset 0.6.5 (registry+https://github.com/rust-lang/crates.io-index)" ]
    51 [ label = "crate num_cpus 1.13.1 (registry+https://github.com/rust-lang/crates.io-index)" ]
    52 [ label = "crate object 0.29.0 (registry+https://github.com/rust-lang/crates.io-index)" ]
    53 [ label = "crate once_cell 1.15.0 (registry+https://github.com/rust-lang/crates.io-index)" ]
    54 [ label = "crate opaque-debug 0.3.0 (registry+https://github.com/rust-lang/crates.io-index)" ]
    55 [ label = "crate paste 1.0.9 (registry+https://github.com/rust-lang/crates.io-index)" ]
    56 [ label = "crate ppv-lite86 0.2.16 (registry+https://github.com/rust-lang/crates.io-index)" ]
    57 [ label = "crate proc-macro2 1.0.47 (registry+https://github.com/rust-lang/crates.io-index)" ]
    58 [ label = "crate psm 0.1.21 (registry+https://github.com/rust-lang/crates.io-index)" ]
    59 [ label = "crate quote 1.0.21 (registry+https://github.com/rust-lang/crates.io-index)" ]
    60 [ label = "crate rand 0.8.5 (registry+https://github.com/rust-lang/crates.io-index)" ]
    61 [ label = "crate rand_chacha 0.3.1 (registry+https://github.com/rust-lang/crates.io-index)" ]
    62 [ label = "crate rand_core 0.6.4 (registry+https://github.com/rust-lang/crates.io-index)" ]
    63 [ label = "crate rayon 1.5.3 (registry+https://github.com/rust-lang/crates.io-index)" ]
    64 [ label = "crate rayon-core 1.9.3 (registry+https://github.com/rust-lang/crates.io-index)" ]
    65 [ label = "crate regalloc2 0.4.1 (registry+https://github.com/rust-lang/crates.io-index)" ]
    66 [ label = "crate rustc-demangle 0.1.21 (registry+https://github.com/rust-lang/crates.io-index)" ]
    67 [ label = "crate rustix 0.35.12 (registry+https://github.com/rust-lang/crates.io-index)" ]
    68 [ label = "crate scopeguard 1.1.0 (registry+https://github.com/rust-lang/crates.io-index)" ]
    69 [ label = "crate serde 1.0.147 (registry+https://github.com/rust-lang/crates.io-index)" ]
    70 [ label = "crate serde_derive 1.0.147 (registry+https://github.com/rust-lang/crates.io-index)" ]
    71 [ label = "crate sha2 0.9.9 (registry+https://github.com/rust-lang/crates.io-index)" ]
    72 [ label = "crate slice-group-by 0.3.0 (registry+https://github.com/rust-lang/crates.io-index)" ]
    73 [ label = "crate smallvec 1.10.0 (registry+https://github.com/rust-lang/crates.io-index)" ]
    74 [ label = "crate stable_deref_trait 1.2.0 (registry+https://github.com/rust-lang/crates.io-index)" ]
    75 [ label = "crate syn 1.0.103 (registry+https://github.com/rust-lang/crates.io-index)" ]
    76 [ label = "crate target-lexicon 0.12.4 (registry+https://github.com/rust-lang/crates.io-index)" ]
    77 [ label = "crate thiserror 1.0.37 (registry+https://github.com/rust-lang/crates.io-index)" ]
    78 [ label = "crate thiserror-impl 1.0.37 (registry+https://github.com/rust-lang/crates.io-index)" ]
    79 [ label = "crate typenum 1.15.0 (registry+https://github.com/rust-lang/crates.io-index)" ]
    80 [ label = "crate unicode-ident 1.0.5 (registry+https://github.com/rust-lang/crates.io-index)" ]
    81 [ label = "crate version_check 0.9.4 (registry+https://github.com/rust-lang/crates.io-index)" ]
    82 [ label = "crate wasi 0.11.0+wasi-snapshot-preview1 (registry+https://github.com/rust-lang/crates.io-index)" ]
    83 [ label = "crate wasmparser 0.92.0 (registry+https://github.com/rust-lang/crates.io-index)" ]
    84 [ label = "crate wasmtime 2.0.0 (registry+https://github.com/rust-lang/crates.io-index)" ]
    85 [ label = "crate wasmtime-asm-macros 2.0.0 (registry+https://github.com/rust-lang/crates.io-index)" ]
    86 [ label = "crate wasmtime-cranelift 2.0.0 (registry+https://github.com/rust-lang/crates.io-index)" ]
    87 [ label = "crate wasmtime-environ 2.0.0 (registry+https://github.com/rust-lang/crates.io-index)" ]
    88 [ label = "crate wasmtime-jit 2.0.0 (registry+https://github.com/rust-lang/crates.io-index)" ]
    89 [ label = "crate wasmtime-jit-debug 2.0.0 (registry+https://github.com/rust-lang/crates.io-index)" ]
    90 [ label = "crate wasmtime-runtime 2.0.0 (registry+https://github.com/rust-lang/crates.io-index)" ]
    91 [ label = "crate wasmtime-types 2.0.0 (registry+https://github.com/rust-lang/crates.io-index)" ]
    92 [ label = "crate windows-sys 0.36.1 (registry+https://github.com/rust-lang/crates.io-index)" ]
    93 [ label = "crate windows_aarch64_msvc 0.36.1 (registry+https://github.com/rust-lang/crates.io-index)" ]
    94 [ label = "crate windows_i686_gnu 0.36.1 (registry+https://github.com/rust-lang/crates.io-index)" ]
    95 [ label = "crate windows_i686_msvc 0.36.1 (registry+https://github.com/rust-lang/crates.io-index)" ]
    96 [ label = "crate windows_x86_64_gnu 0.36.1 (registry+https://github.com/rust-lang/crates.io-index)" ]
    97 [ label = "crate windows_x86_64_msvc 0.36.1 (registry+https://github.com/rust-lang/crates.io-index)" ]
    98 [ label = "feature read" ]
    99 [ label = "feature alloc" ]
    100 [ label = "feature default" ]
    101 [ label = "feature default" ]
    102 [ label = "feature cranelift" ]
    103 [ label = "feature incremental-cache" ]
    104 [ label = "feature parallel-compilation" ]
    105 [ label = "feature vtune" ]
    106 [ label = "feature std" ]
    107 [ label = "feature default" ]
    108 [ label = "feature default" ]
    109 [ label = "feature default" ]
    110 [ label = "feature enable-serde" ]
    111 [ label = "feature default" ]
    112 [ label = "feature std" ]
    113 [ label = "feature write" ]
    114 [ label = "feature default" ]
    115 [ label = "feature checker" ]
    116 [ label = "feature enable-serde" ]
    117 [ label = "feature derive" ]
    118 [ label = "feature default" ]
    119 [ label = "feature union" ]
    120 [ label = "feature serde" ]
    121 [ label = "feature default" ]
    122 [ label = "feature std" ]
    123 [ label = "feature default" ]
    124 [ label = "feature std" ]
    125 [ label = "feature default" ]
    126 [ label = "feature std" ]
    127 [ label = "feature std" ]
    128 [ label = "feature default" ]
    129 [ label = "feature default" ]
    130 [ label = "feature default" ]
    131 [ label = "feature std" ]
    132 [ label = "feature std" ]
    133 [ label = "feature raw" ]
    134 [ label = "feature use_std" ]
    135 [ label = "feature default" ]
    136 [ label = "feature default" ]
    137 [ label = "feature std" ]
    138 [ label = "feature ahash" ]
    139 [ label = "feature std" ]
    140 [ label = "feature std" ]
    141 [ label = "feature proc-macro" ]
    142 [ label = "feature std" ]
    143 [ label = "feature alloc" ]
    144 [ label = "feature getrandom" ]
    145 [ label = "feature std" ]
    146 [ label = "feature simd" ]
    147 [ label = "feature std" ]
    148 [ label = "feature std" ]
    149 [ label = "feature default" ]
    150 [ label = "feature default" ]
    151 [ label = "feature default" ]
    152 [ label = "feature default" ]
    153 [ label = "feature default" ]
    154 [ label = "feature extra_traits" ]
    155 [ label = "feature general" ]
    156 [ label = "feature no_std" ]
    157 [ label = "feature default" ]
    158 [ label = "feature Win32_Foundation" ]
    159 [ label = "feature Win32_Networking_WinSock" ]
    160 [ label = "feature Win32_NetworkManagement_IpHelper" ]
    161 [ label = "feature Win32_System_Threading" ]
    162 [ label = "feature default" ]
    163 [ label = "feature default" ]
    164 [ label = "feature default" ]
    165 [ label = "feature default" ]
    166 [ label = "feature std" ]
    167 [ label = "feature proc-macro" ]
    168 [ label = "feature read_core" ]
    169 [ label = "feature elf" ]
    170 [ label = "feature std" ]
    171 [ label = "feature default" ]
    172 [ label = "feature incremental-cache" ]
    173 [ label = "feature vtune" ]
    174 [ label = "feature Win32_System_Diagnostics_Debug" ]
    175 [ label = "feature incremental-cache" ]
    176 [ label = "feature default" ]
    177 [ label = "feature default" ]
    178 [ label = "feature write" ]
    179 [ label = "feature serde-1" ]
    180 [ label = "feature write_core" ]
    181 [ label = "feature default" ]
    182 [ label = "feature default" ]
    183 [ label = "feature process" ]
    184 [ label = "feature default" ]
    185 [ label = "feature default" ]
    186 [ label = "feature mm" ]
    187 [ label = "feature gdb_jit_int" ]
    188 [ label = "feature Win32_System_Kernel" ]
    189 [ label = "feature Win32_System_Memory" ]
    190 [ label = "feature Win32_System_SystemInformation" ]
    191 [ label = "feature Win32_Storage_FileSystem" ]
    192 [ label = "feature Win32_Security" ]
    193 [ label = "feature std" ]
    194 [ label = "feature std" ]
    195 [ label = "feature std" ]
    196 [ label = "feature std" ]
    197 [ label = "feature std" ]
    198 [ label = "feature enable-serde" ]
    199 [ label = "feature bincode" ]
    200 [ label = "feature sha2" ]
    201 [ label = "feature serde" ]
    202 [ label = "feature unwind" ]
    203 [ label = "feature gimli" ]
    204 [ label = "feature serde" ]
    205 [ label = "feature std" ]
    206 [ label = "feature std" ]
    207 [ label = "feature std" ]
    208 [ label = "feature std" ]
    209 [ label = "feature alloc" ]
    210 [ label = "feature alloc" ]
    211 [ label = "feature indexmap" ]
    212 [ label = "feature read-core" ]
    213 [ label = "feature serde" ]
    214 [ label = "feature use_std" ]
    215 [ label = "feature use_alloc" ]
    216 [ label = "feature std" ]
    217 [ label = "feature crc32fast" ]
    218 [ label = "feature indexmap" ]
    219 [ label = "feature hashbrown" ]
    220 [ label = "feature write_std" ]
    221 [ label = "feature coff" ]
    222 [ label = "feature macho" ]
    223 [ label = "feature pe" ]
    224 [ label = "feature std" ]
    225 [ label = "feature race" ]
    226 [ label = "feature std" ]
    227 [ label = "feature std_rng" ]
    228 [ label = "feature rand_chacha" ]
    229 [ label = "feature alloc" ]
    230 [ label = "feature getrandom" ]
    231 [ label = "feature libc" ]
    232 [ label = "feature serde" ]
    233 [ label = "feature std" ]
    234 [ label = "feature use-libc-auxv" ]
    235 [ label = "feature libc" ]
    236 [ label = "feature io-lifetimes" ]
    237 [ label = "feature serde_derive" ]
    238 [ label = "feature std" ]
    239 [ label = "feature std" ]
    240 [ label = "feature std" ]
    241 [ label = "feature alloc" ]
    242 [ label = "feature derive" ]
    243 [ label = "feature parsing" ]
    244 [ label = "feature printing" ]
    245 [ label = "feature clone-impls" ]
    246 [ label = "feature proc-macro" ]
    247 [ label = "feature quote" ]
    248 [ label = "feature std" ]
    249 [ label = "feature ittapi" ]
    250 [ label = "feature once_cell" ]
    251 [ label = "feature Win32_System" ]
    252 [ label = "feature Win32" ]
    253 [ label = "feature Win32_System_Diagnostics" ]
    254 [ label = "feature Win32_Storage" ]
    255 [ label = "feature Win32_Networking" ]
    256 [ label = "feature Win32_NetworkManagement" ]
    0 -> 98 [ label = "" ]
    1 -> 36 [ label = " 'cfg(any(target_os = \"linux\", target_os = \"android\", target_os = \"windows\", target_os = \"macos\", target_os = \"ios\", target_os = \"freebsd\", target_os = \"openbsd\", target_os = \"netbsd\", target_os = \"dragonfly\", target_os = \"solaris\", target_os = \"illumos\", target_os = \"fuchsia\", target_os = \"redox\", target_os = \"cloudabi\", target_os = \"haiku\", target_os = \"vxworks\", target_os = \"emscripten\", target_os = \"wasi\"))'" ]
    1 -> 99 [ label = " 'cfg(not(all(target_arch = \"arm\", target_os = \"none\")))'" ]
    1 -> 81 [ label = "(build)" ]
    5 -> 100 [ label = "" ]
    7 -> 35 [ label = "" ]
    8 -> 101 [ label = "" ]
    8 -> 102 [ label = "" ]
    8 -> 103 [ label = "" ]
    8 -> 104 [ label = "" ]
    8 -> 105 [ label = "" ]
    13 -> 30 [ label = "" ]
    13 -> 106 [ label = "" ]
    14 -> 12 [ label = "" ]
    15 -> 107 [ label = " 'aarch64-apple-darwin'" ]
    15 -> 107 [ label = " 'aarch64-linux-android'" ]
    15 -> 107 [ label = " 'cfg(all(target_arch = \"aarch64\", target_os = \"linux\"))'" ]
    16 -> 20 [ label = "" ]
    17 -> 108 [ label = "" ]
    17 -> 5 [ label = "" ]
    17 -> 109 [ label = "" ]
    17 -> 16 [ label = "" ]
    17 -> 18 [ label = "(build)" ]
    17 -> 19 [ label = "" ]
    17 -> 20 [ label = "" ]
    17 -> 110 [ label = "" ]
    17 -> 111 [ label = "(build)" ]
    17 -> 98 [ label = "" ]
    17 -> 112 [ label = "" ]
    17 -> 113 [ label = "" ]
    17 -> 47 [ label = "" ]
    17 -> 114 [ label = "" ]
    17 -> 115 [ label = "" ]
    17 -> 116 [ label = "" ]
    17 -> 100 [ label = "" ]
    17 -> 117 [ label = "" ]
    17 -> 118 [ label = "" ]
    17 -> 119 [ label = "" ]
    17 -> 120 [ label = "" ]
    17 -> 76 [ label = "" ]
    18 -> 19 [ label = "" ]
    20 -> 100 [ label = "" ]
    20 -> 117 [ label = "" ]
    21 -> 121 [ label = "" ]
    21 -> 122 [ label = "" ]
    21 -> 47 [ label = "" ]
    21 -> 119 [ label = "" ]
    21 -> 76 [ label = "" ]
    22 -> 63 [ label = "" ]
    23 -> 121 [ label = "" ]
    23 -> 122 [ label = "" ]
    23 -> 107 [ label = " 'cfg(target_arch = \"s390x\")'" ]
    23 -> 76 [ label = "" ]
    24 -> 121 [ label = "" ]
    24 -> 122 [ label = "" ]
    24 -> 20 [ label = "" ]
    24 -> 123 [ label = "" ]
    24 -> 124 [ label = "" ]
    24 -> 125 [ label = "" ]
    24 -> 47 [ label = "" ]
    24 -> 119 [ label = "" ]
    24 -> 83 [ label = "" ]
    24 -> 91 [ label = "" ]
    25 -> 12 [ label = "" ]
    26 -> 12 [ label = "" ]
    26 -> 29 [ label = "" ]
    26 -> 126 [ label = "" ]
    27 -> 12 [ label = "" ]
    27 -> 28 [ label = "" ]
    27 -> 127 [ label = "" ]
    27 -> 29 [ label = "" ]
    27 -> 126 [ label = "" ]
    28 -> 4 [ label = "(build)" ]
    28 -> 12 [ label = "" ]
    28 -> 29 [ label = "" ]
    28 -> 126 [ label = "" ]
    28 -> 128 [ label = "" ]
    28 -> 68 [ label = "" ]
    29 -> 12 [ label = "" ]
    31 -> 35 [ label = "" ]
    34 -> 129 [ label = "" ]
    35 -> 79 [ label = "" ]
    35 -> 81 [ label = "(build)" ]
    36 -> 12 [ label = "" ]
    36 -> 45 [ label = " 'cfg(unix)'" ]
    36 -> 130 [ label = " 'cfg(target_os = \"wasi\")'" ]
    37 -> 33 [ label = "" ]
    37 -> 131 [ label = "" ]
    37 -> 40 [ label = "" ]
    37 -> 74 [ label = "" ]
    37 -> 132 [ label = "" ]
    38 -> 1 [ label = "" ]
    39 -> 45 [ label = "" ]
    40 -> 4 [ label = "(build)" ]
    40 -> 133 [ label = "" ]
    40 -> 69 [ label = "" ]
    42 -> 32 [ label = "" ]
    42 -> 134 [ label = "" ]
    43 -> 135 [ label = "" ]
    43 -> 44 [ label = "" ]
    43 -> 47 [ label = "" ]
    44 -> 11 [ label = "(build)" ]
    47 -> 12 [ label = "" ]
    48 -> 45 [ label = " 'cfg(any(target_os = \"macos\", target_os = \"ios\"))'" ]
    50 -> 4 [ label = "(build)" ]
    51 -> 136 [ label = " 'cfg(all(any(target_arch = \"x86_64\", target_arch = \"aarch64\"), target_os = \"hermit\"))'" ]
    51 -> 107 [ label = " 'cfg(not(windows))'" ]
    52 -> 25 [ label = "" ]
    52 -> 137 [ label = "" ]
    52 -> 138 [ label = "" ]
    52 -> 40 [ label = "" ]
    52 -> 139 [ label = "" ]
    52 -> 49 [ label = "" ]
    52 -> 140 [ label = "" ]
    57 -> 80 [ label = "" ]
    58 -> 11 [ label = "(build)" ]
    59 -> 57 [ label = "" ]
    59 -> 141 [ label = "" ]
    60 -> 45 [ label = " 'cfg(unix)'" ]
    60 -> 61 [ label = "" ]
    60 -> 142 [ label = "" ]
    60 -> 62 [ label = "" ]
    60 -> 143 [ label = "" ]
    60 -> 144 [ label = "" ]
    60 -> 145 [ label = "" ]
    61 -> 146 [ label = "" ]
    61 -> 147 [ label = "" ]
    61 -> 62 [ label = "" ]
    62 -> 36 [ label = "" ]
    62 -> 148 [ label = "" ]
    63 -> 4 [ label = "(build)" ]
    63 -> 149 [ label = "" ]
    63 -> 32 [ label = "" ]
    63 -> 64 [ label = "" ]
    64 -> 150 [ label = "" ]
    64 -> 149 [ label = "" ]
    64 -> 151 [ label = "" ]
    64 -> 51 [ label = "" ]
    65 -> 34 [ label = "" ]
    65 -> 47 [ label = "" ]
    65 -> 100 [ label = "" ]
    65 -> 117 [ label = "" ]
    65 -> 152 [ label = "" ]
    65 -> 73 [ label = "" ]
    67 -> 153 [ label = "" ]
    67 -> 41 [ label = "" ]
    67 -> 107 [ label = " 'cfg(all(not(rustix_use_libc), not(miri), target_os = \"linux\", any(target_arch = \"x86\", all(target_arch = \"x86_64\", target_pointer_width = \"64\"), all(target_endian = \"little\", any(target_arch = \"arm\", all(target_arch = \"aarch64\", target_pointer_width = \"64\"), target_arch = \"powerpc64\", target_arch = \"riscv64\", target_arch = \"mips\", target_arch = \"mips64\")))))'" ]
    67 -> 154 [ label = " 'cfg(all(not(rustix_use_libc), not(miri), target_os = \"linux\", any(target_arch = \"x86\", all(target_arch = \"x86_64\", target_pointer_width = \"64\"), all(target_endian = \"little\", any(target_arch = \"arm\", all(target_arch = \"aarch64\", target_pointer_width = \"64\"), target_arch = \"powerpc64\", target_arch = \"riscv64\", target_arch = \"mips\", target_arch = \"mips64\")))))'" ]
    67 -> 107 [ label = " 'cfg(any(rustix_use_libc, miri, not(all(target_os = \"linux\", any(target_arch = \"x86\", all(target_arch = \"x86_64\", target_pointer_width = \"64\"), all(target_endian = \"little\", any(target_arch = \"arm\", all(target_arch = \"aarch64\", target_pointer_width = \"64\"), target_arch = \"powerpc64\", target_arch = \"riscv64\", target_arch = \"mips\", target_arch = \"mips64\")))))))'" ]
    67 -> 154 [ label = " 'cfg(any(rustix_use_libc, miri, not(all(target_os = \"linux\", any(target_arch = \"x86\", all(target_arch = \"x86_64\", target_pointer_width = \"64\"), all(target_endian = \"little\", any(target_arch = \"arm\", all(target_arch = \"aarch64\", target_pointer_width = \"64\"), target_arch = \"powerpc64\", target_arch = \"riscv64\", target_arch = \"mips\", target_arch = \"mips64\")))))))'" ]
    67 -> 155 [ label = " 'cfg(all(not(rustix_use_libc), not(miri), target_os = \"linux\", any(target_arch = \"x86\", all(target_arch = \"x86_64\", target_pointer_width = \"64\"), all(target_endian = \"little\", any(target_arch = \"arm\", all(target_arch = \"aarch64\", target_pointer_width = \"64\"), target_arch = \"powerpc64\", target_arch = \"riscv64\", target_arch = \"mips\", target_arch = \"mips64\")))))'" ]
    67 -> 156 [ label = " 'cfg(all(not(rustix_use_libc), not(miri), target_os = \"linux\", any(target_arch = \"x86\", all(target_arch = \"x86_64\", target_pointer_width = \"64\"), all(target_endian = \"little\", any(target_arch = \"arm\", all(target_arch = \"aarch64\", target_pointer_width = \"64\"), target_arch = \"powerpc64\", target_arch = \"riscv64\", target_arch = \"mips\", target_arch = \"mips64\")))))'" ]
    67 -> 155 [ label = " 'cfg(all(any(target_os = \"android\", target_os = \"linux\"), any(rustix_use_libc, miri, not(all(target_os = \"linux\", any(target_arch = \"x86\", all(target_arch = \"x86_64\", target_pointer_width = \"64\"), all(target_endian = \"little\", any(target_arch = \"arm\", all(target_arch = \"aarch64\", target_pointer_width = \"64\"), target_arch = \"powerpc64\", target_arch = \"riscv64\", target_arch = \"mips\", target_arch = \"mips64\"))))))))'" ]
    67 -> 156 [ label = " 'cfg(all(any(target_os = \"android\", target_os = \"linux\"), any(rustix_use_libc, miri, not(all(target_os = \"linux\", any(target_arch = \"x86\", all(target_arch = \"x86_64\", target_pointer_width = \"64\"), all(target_endian = \"little\", any(target_arch = \"arm\", all(target_arch = \"aarch64\", target_pointer_width = \"64\"), target_arch = \"powerpc64\", target_arch = \"riscv64\", target_arch = \"mips\", target_arch = \"mips64\"))))))))'" ]
    67 -> 157 [ label = " 'cfg(windows)'" ]
    67 -> 158 [ label = " 'cfg(windows)'" ]
    67 -> 159 [ label = " 'cfg(windows)'" ]
    67 -> 160 [ label = " 'cfg(windows)'" ]
    67 -> 161 [ label = " 'cfg(windows)'" ]
    69 -> 162 [ label = "" ]
    70 -> 163 [ label = "" ]
    70 -> 164 [ label = "" ]
    70 -> 165 [ label = "" ]
    71 -> 7 [ label = "" ]
    71 -> 12 [ label = "" ]
    71 -> 15 [ label = " 'cfg(any(target_arch = \"aarch64\", target_arch = \"x86_64\", target_arch = \"x86\"))'" ]
    71 -> 31 [ label = "" ]
    71 -> 166 [ label = "" ]
    71 -> 54 [ label = "" ]
    75 -> 57 [ label = "" ]
    75 -> 141 [ label = "" ]
    75 -> 59 [ label = "" ]
    75 -> 167 [ label = "" ]
    75 -> 80 [ label = "" ]
    77 -> 78 [ label = "" ]
    78 -> 163 [ label = "" ]
    78 -> 164 [ label = "" ]
    78 -> 165 [ label = "" ]
    83 -> 40 [ label = "" ]
    84 -> 135 [ label = "" ]
    84 -> 5 [ label = "" ]
    84 -> 12 [ label = "" ]
    84 -> 40 [ label = "" ]
    84 -> 107 [ label = "" ]
    84 -> 47 [ label = "" ]
    84 -> 168 [ label = "" ]
    84 -> 169 [ label = "" ]
    84 -> 170 [ label = "" ]
    84 -> 171 [ label = "" ]
    84 -> 55 [ label = "" ]
    84 -> 58 [ label = "" ]
    84 -> 63 [ label = "" ]
    84 -> 100 [ label = "" ]
    84 -> 117 [ label = "" ]
    84 -> 76 [ label = "" ]
    84 -> 83 [ label = "" ]
    84 -> 86 [ label = "" ]
    84 -> 172 [ label = "" ]
    84 -> 87 [ label = "" ]
    84 -> 88 [ label = "" ]
    84 -> 173 [ label = "" ]
    84 -> 90 [ label = "" ]
    84 -> 157 [ label = " 'cfg(target_os = \"windows\")'" ]
    84 -> 174 [ label = " 'cfg(target_os = \"windows\")'" ]
    85 -> 12 [ label = "" ]
    86 -> 135 [ label = "" ]
    86 -> 121 [ label = "" ]
    86 -> 175 [ label = "" ]
    86 -> 20 [ label = "" ]
    86 -> 123 [ label = "" ]
    86 -> 176 [ label = "" ]
    86 -> 177 [ label = "" ]
    86 -> 98 [ label = "" ]
    86 -> 112 [ label = "" ]
    86 -> 47 [ label = "" ]
    86 -> 168 [ label = "" ]
    86 -> 169 [ label = "" ]
    86 -> 170 [ label = "" ]
    86 -> 178 [ label = "" ]
    86 -> 76 [ label = "" ]
    86 -> 77 [ label = "" ]
    86 -> 83 [ label = "" ]
    86 -> 87 [ label = "" ]
    87 -> 135 [ label = "" ]
    87 -> 20 [ label = "" ]
    87 -> 98 [ label = "" ]
    87 -> 112 [ label = "" ]
    87 -> 179 [ label = "" ]
    87 -> 47 [ label = "" ]
    87 -> 168 [ label = "" ]
    87 -> 169 [ label = "" ]
    87 -> 170 [ label = "" ]
    87 -> 180 [ label = "" ]
    87 -> 100 [ label = "" ]
    87 -> 117 [ label = "" ]
    87 -> 76 [ label = "" ]
    87 -> 77 [ label = "" ]
    87 -> 83 [ label = "" ]
    87 -> 91 [ label = "" ]
    88 -> 0 [ label = "" ]
    88 -> 135 [ label = "" ]
    88 -> 5 [ label = "" ]
    88 -> 12 [ label = "" ]
    88 -> 181 [ label = "" ]
    88 -> 98 [ label = "" ]
    88 -> 112 [ label = "" ]
    88 -> 43 [ label = " 'cfg(target_arch = \"x86_64\")'" ]
    88 -> 47 [ label = "" ]
    88 -> 168 [ label = "" ]
    88 -> 169 [ label = "" ]
    88 -> 170 [ label = "" ]
    88 -> 66 [ label = "" ]
    88 -> 182 [ label = " 'cfg(target_os = \"linux\")'" ]
    88 -> 183 [ label = " 'cfg(target_os = \"linux\")'" ]
    88 -> 100 [ label = "" ]
    88 -> 117 [ label = "" ]
    88 -> 76 [ label = "" ]
    88 -> 77 [ label = "" ]
    88 -> 87 [ label = "" ]
    88 -> 90 [ label = "" ]
    88 -> 157 [ label = " 'cfg(target_os = \"windows\")'" ]
    88 -> 174 [ label = " 'cfg(target_os = \"windows\")'" ]
    89 -> 171 [ label = "" ]
    90 -> 135 [ label = "" ]
    90 -> 11 [ label = "(build)" ]
    90 -> 12 [ label = "" ]
    90 -> 40 [ label = "" ]
    90 -> 45 [ label = "" ]
    90 -> 47 [ label = "" ]
    90 -> 184 [ label = " 'cfg(target_os = \"macos\")'" ]
    90 -> 128 [ label = "" ]
    90 -> 55 [ label = "" ]
    90 -> 185 [ label = "" ]
    90 -> 182 [ label = " 'cfg(unix)'" ]
    90 -> 186 [ label = " 'cfg(unix)'" ]
    90 -> 77 [ label = "" ]
    90 -> 85 [ label = "" ]
    90 -> 87 [ label = "" ]
    90 -> 187 [ label = "" ]
    90 -> 157 [ label = " 'cfg(target_os = \"windows\")'" ]
    90 -> 188 [ label = " 'cfg(target_os = \"windows\")'" ]
    90 -> 189 [ label = " 'cfg(target_os = \"windows\")'" ]
    90 -> 174 [ label = " 'cfg(target_os = \"windows\")'" ]
    90 -> 190 [ label = " 'cfg(target_os = \"windows\")'" ]
    90 -> 191 [ label = " 'cfg(target_os = \"windows\")'" ]
    90 -> 192 [ label = " 'cfg(target_os = \"windows\")'" ]
    91 -> 110 [ label = "" ]
    91 -> 100 [ label = "" ]
    91 -> 117 [ label = "" ]
    91 -> 77 [ label = "" ]
    91 -> 83 [ label = "" ]
    92 -> 93 [ label = " 'aarch64-pc-windows-msvc'" ]
    92 -> 93 [ label = " 'aarch64-uwp-windows-msvc'" ]
    92 -> 94 [ label = " 'i686-pc-windows-gnu'" ]
    92 -> 94 [ label = " 'i686-uwp-windows-gnu'" ]
    92 -> 95 [ label = " 'i686-pc-windows-msvc'" ]
    92 -> 95 [ label = " 'i686-uwp-windows-msvc'" ]
    92 -> 96 [ label = " 'x86_64-pc-windows-gnu'" ]
    92 -> 96 [ label = " 'x86_64-uwp-windows-gnu'" ]
    92 -> 97 [ label = " 'x86_64-pc-windows-msvc'" ]
    92 -> 97 [ label = " 'x86_64-uwp-windows-msvc'" ]
    135 -> 2 [ label = "" ]
    135 -> 193 [ label = "" ]
    193 -> 2 [ label = "" ]
    108 -> 3 [ label = "" ]
    108 -> 194 [ label = "" ]
    194 -> 3 [ label = "" ]
    153 -> 6 [ label = "" ]
    109 -> 9 [ label = "" ]
    129 -> 10 [ label = "" ]
    129 -> 195 [ label = "" ]
    195 -> 10 [ label = "" ]
    101 -> 13 [ label = "" ]
    101 -> 196 [ label = "" ]
    196 -> 13 [ label = "" ]
    196 -> 106 [ label = "" ]
    181 -> 14 [ label = "" ]
    181 -> 197 [ label = "" ]
    197 -> 14 [ label = "" ]
    122 -> 17 [ label = "" ]
    175 -> 17 [ label = "" ]
    175 -> 198 [ label = "" ]
    175 -> 199 [ label = "" ]
    175 -> 200 [ label = "" ]
    200 -> 17 [ label = "" ]
    200 -> 71 [ label = "" ]
    199 -> 17 [ label = "" ]
    199 -> 5 [ label = "" ]
    198 -> 17 [ label = "" ]
    198 -> 201 [ label = "" ]
    198 -> 110 [ label = "" ]
    198 -> 116 [ label = "" ]
    198 -> 120 [ label = "" ]
    201 -> 17 [ label = "" ]
    201 -> 69 [ label = "" ]
    121 -> 17 [ label = "" ]
    121 -> 122 [ label = "" ]
    121 -> 202 [ label = "" ]
    202 -> 17 [ label = "" ]
    202 -> 203 [ label = "" ]
    203 -> 17 [ label = "" ]
    203 -> 37 [ label = "" ]
    110 -> 20 [ label = "" ]
    110 -> 204 [ label = "" ]
    204 -> 20 [ label = "" ]
    204 -> 69 [ label = "" ]
    124 -> 21 [ label = "" ]
    124 -> 122 [ label = "" ]
    123 -> 21 [ label = "" ]
    123 -> 124 [ label = "" ]
    111 -> 22 [ label = "" ]
    176 -> 23 [ label = "" ]
    176 -> 205 [ label = "" ]
    205 -> 23 [ label = "" ]
    205 -> 122 [ label = "" ]
    177 -> 24 [ label = "" ]
    177 -> 206 [ label = "" ]
    206 -> 24 [ label = "" ]
    206 -> 122 [ label = "" ]
    206 -> 124 [ label = "" ]
    137 -> 25 [ label = "" ]
    150 -> 26 [ label = "" ]
    150 -> 207 [ label = "" ]
    207 -> 26 [ label = "" ]
    207 -> 126 [ label = "" ]
    149 -> 27 [ label = "" ]
    149 -> 208 [ label = "" ]
    208 -> 27 [ label = "" ]
    208 -> 127 [ label = "" ]
    208 -> 126 [ label = "" ]
    127 -> 28 [ label = "" ]
    127 -> 209 [ label = "" ]
    127 -> 126 [ label = "" ]
    209 -> 28 [ label = "" ]
    126 -> 29 [ label = "" ]
    151 -> 29 [ label = "" ]
    151 -> 126 [ label = "" ]
    106 -> 30 [ label = "" ]
    166 -> 31 [ label = "" ]
    166 -> 210 [ label = "" ]
    210 -> 31 [ label = "" ]
    134 -> 32 [ label = "" ]
    131 -> 33 [ label = "" ]
    148 -> 36 [ label = "" ]
    113 -> 37 [ label = "" ]
    113 -> 211 [ label = "" ]
    211 -> 37 [ label = "" ]
    211 -> 40 [ label = "" ]
    112 -> 37 [ label = "" ]
    112 -> 131 [ label = "" ]
    112 -> 132 [ label = "" ]
    98 -> 37 [ label = "" ]
    98 -> 212 [ label = "" ]
    212 -> 37 [ label = "" ]
    133 -> 38 [ label = "" ]
    138 -> 38 [ label = "" ]
    138 -> 1 [ label = "" ]
    136 -> 39 [ label = "" ]
    139 -> 40 [ label = "" ]
    179 -> 40 [ label = "" ]
    179 -> 213 [ label = "" ]
    213 -> 40 [ label = "" ]
    213 -> 69 [ label = "" ]
    125 -> 42 [ label = "" ]
    125 -> 214 [ label = "" ]
    214 -> 42 [ label = "" ]
    214 -> 215 [ label = "" ]
    214 -> 134 [ label = "" ]
    215 -> 42 [ label = "" ]
    154 -> 45 [ label = "" ]
    107 -> 45 [ label = "" ]
    107 -> 216 [ label = "" ]
    216 -> 45 [ label = "" ]
    156 -> 46 [ label = "" ]
    155 -> 46 [ label = "" ]
    184 -> 48 [ label = "" ]
    140 -> 49 [ label = "" ]
    128 -> 50 [ label = "" ]
    180 -> 52 [ label = "" ]
    180 -> 217 [ label = "" ]
    180 -> 218 [ label = "" ]
    180 -> 219 [ label = "" ]
    219 -> 52 [ label = "" ]
    219 -> 38 [ label = "" ]
    218 -> 52 [ label = "" ]
    218 -> 40 [ label = "" ]
    217 -> 52 [ label = "" ]
    217 -> 25 [ label = "" ]
    178 -> 52 [ label = "" ]
    178 -> 220 [ label = "" ]
    178 -> 221 [ label = "" ]
    178 -> 169 [ label = "" ]
    178 -> 222 [ label = "" ]
    178 -> 223 [ label = "" ]
    223 -> 52 [ label = "" ]
    223 -> 221 [ label = "" ]
    222 -> 52 [ label = "" ]
    221 -> 52 [ label = "" ]
    220 -> 52 [ label = "" ]
    220 -> 180 [ label = "" ]
    220 -> 170 [ label = "" ]
    220 -> 139 [ label = "" ]
    220 -> 137 [ label = "" ]
    170 -> 52 [ label = "" ]
    170 -> 140 [ label = "" ]
    168 -> 52 [ label = "" ]
    169 -> 52 [ label = "" ]
    171 -> 53 [ label = "" ]
    171 -> 224 [ label = "" ]
    224 -> 53 [ label = "" ]
    224 -> 99 [ label = "" ]
    99 -> 53 [ label = "" ]
    99 -> 225 [ label = "" ]
    225 -> 53 [ label = "" ]
    147 -> 56 [ label = "" ]
    146 -> 56 [ label = "" ]
    141 -> 57 [ label = "" ]
    163 -> 57 [ label = "" ]
    163 -> 141 [ label = "" ]
    167 -> 59 [ label = "" ]
    167 -> 141 [ label = "" ]
    164 -> 59 [ label = "" ]
    164 -> 167 [ label = "" ]
    185 -> 60 [ label = "" ]
    185 -> 226 [ label = "" ]
    185 -> 227 [ label = "" ]
    227 -> 60 [ label = "" ]
    227 -> 228 [ label = "" ]
    228 -> 60 [ label = "" ]
    228 -> 61 [ label = "" ]
    226 -> 60 [ label = "" ]
    226 -> 145 [ label = "" ]
    226 -> 142 [ label = "" ]
    226 -> 229 [ label = "" ]
    226 -> 230 [ label = "" ]
    226 -> 231 [ label = "" ]
    231 -> 60 [ label = "" ]
    231 -> 45 [ label = "" ]
    230 -> 60 [ label = "" ]
    230 -> 144 [ label = "" ]
    229 -> 60 [ label = "" ]
    229 -> 143 [ label = "" ]
    142 -> 61 [ label = "" ]
    142 -> 147 [ label = "" ]
    145 -> 62 [ label = "" ]
    145 -> 143 [ label = "" ]
    145 -> 144 [ label = "" ]
    145 -> 148 [ label = "" ]
    144 -> 62 [ label = "" ]
    144 -> 36 [ label = "" ]
    143 -> 62 [ label = "" ]
    116 -> 65 [ label = "" ]
    116 -> 232 [ label = "" ]
    232 -> 65 [ label = "" ]
    232 -> 69 [ label = "" ]
    114 -> 65 [ label = "" ]
    115 -> 65 [ label = "" ]
    183 -> 67 [ label = "" ]
    186 -> 67 [ label = "" ]
    182 -> 67 [ label = "" ]
    182 -> 233 [ label = "" ]
    182 -> 234 [ label = "" ]
    234 -> 67 [ label = "" ]
    234 -> 235 [ label = "" ]
    235 -> 67 [ label = "" ]
    235 -> 45 [ label = "" ]
    233 -> 67 [ label = "" ]
    233 -> 236 [ label = "" ]
    236 -> 67 [ label = "" ]
    236 -> 41 [ label = "" ]
    117 -> 69 [ label = "" ]
    117 -> 237 [ label = "" ]
    237 -> 69 [ label = "" ]
    237 -> 70 [ label = "" ]
    100 -> 69 [ label = "" ]
    100 -> 238 [ label = "" ]
    238 -> 69 [ label = "" ]
    162 -> 70 [ label = "" ]
    118 -> 71 [ label = "" ]
    118 -> 239 [ label = "" ]
    239 -> 71 [ label = "" ]
    239 -> 166 [ label = "" ]
    152 -> 72 [ label = "" ]
    152 -> 240 [ label = "" ]
    240 -> 72 [ label = "" ]
    119 -> 73 [ label = "" ]
    132 -> 74 [ label = "" ]
    132 -> 241 [ label = "" ]
    241 -> 74 [ label = "" ]
    165 -> 75 [ label = "" ]
    165 -> 242 [ label = "" ]
    165 -> 243 [ label = "" ]
    165 -> 244 [ label = "" ]
    165 -> 245 [ label = "" ]
    165 -> 246 [ label = "" ]
    246 -> 75 [ label = "" ]
    246 -> 141 [ label = "" ]
    246 -> 167 [ label = "" ]
    245 -> 75 [ label = "" ]
    244 -> 75 [ label = "" ]
    244 -> 247 [ label = "" ]
    247 -> 75 [ label = "" ]
    247 -> 59 [ label = "" ]
    243 -> 75 [ label = "" ]
    242 -> 75 [ label = "" ]
    130 -> 82 [ label = "" ]
    130 -> 248 [ label = "" ]
    248 -> 82 [ label = "" ]
    105 -> 84 [ label = "" ]
    105 -> 173 [ label = "" ]
    104 -> 84 [ label = "" ]
    104 -> 63 [ label = "" ]
    103 -> 84 [ label = "" ]
    102 -> 84 [ label = "" ]
    102 -> 86 [ label = "" ]
    172 -> 86 [ label = "" ]
    172 -> 175 [ label = "" ]
    173 -> 88 [ label = "" ]
    173 -> 249 [ label = "" ]
    249 -> 88 [ label = "" ]
    249 -> 43 [ label = "" ]
    187 -> 89 [ label = "" ]
    187 -> 250 [ label = "" ]
    250 -> 89 [ label = "" ]
    250 -> 53 [ label = "" ]
    157 -> 92 [ label = "" ]
    161 -> 92 [ label = "" ]
    161 -> 251 [ label = "" ]
    251 -> 92 [ label = "" ]
    251 -> 252 [ label = "" ]
    252 -> 92 [ label = "" ]
    190 -> 92 [ label = "" ]
    190 -> 251 [ label = "" ]
    189 -> 92 [ label = "" ]
    189 -> 251 [ label = "" ]
    188 -> 92 [ label = "" ]
    188 -> 251 [ label = "" ]
    174 -> 92 [ label = "" ]
    174 -> 253 [ label = "" ]
    253 -> 92 [ label = "" ]
    253 -> 251 [ label = "" ]
    191 -> 92 [ label = "" ]
    191 -> 254 [ label = "" ]
    254 -> 92 [ label = "" ]
    254 -> 252 [ label = "" ]
    192 -> 92 [ label = "" ]
    192 -> 252 [ label = "" ]
    159 -> 92 [ label = "" ]
    159 -> 255 [ label = "" ]
    255 -> 92 [ label = "" ]
    255 -> 252 [ label = "" ]
    160 -> 92 [ label = "" ]
    160 -> 256 [ label = "" ]
    256 -> 92 [ label = "" ]
    256 -> 252 [ label = "" ]
    158 -> 92 [ label = "" ]
    158 -> 252 [ label = "" ]
}

