---
source: tests/misc.rs
expression: opaque
---
digraph {
    0 [ label = "crate bitflags 2.4.2" ]
    1 [ label = "crate bumpalo 3.14.0" ]
    2 [ label = "crate bytes 1.5.0" ]
    3 [ label = "crate camino 1.1.7" ]
    4 [ label = "crate cargo-platform 0.1.8" ]
    5 [ label = "crate cargo_metadata 0.18.1" ]
    6 [ label = "crate cfg-expr 0.15.8" ]
    7 [ label = "crate cfg-if 1.0.0" ]
    8 [ label = "crate deranged 0.3.11" ]
    9 [ label = "crate equivalent 1.0.1" ]
    10 [ label = "crate fixedbitset 0.4.2" ]
    11 [ label = "crate fnv 1.0.7" ]
    12 [ label = "crate futures-core 0.3.30" ]
    13 [ label = "crate futures-task 0.3.30" ]
    14 [ label = "crate futures-util 0.3.30" ]
    15 [ label = "crate getrandom 0.1.16" ]
    16 [ label = "crate getrandom 0.2.12" ]
    17 [ label = "crate hashbrown 0.14.5" ]
    18 [ label = "crate http 0.2.11" ]
    19 [ label = "crate http 1.0.0" ]
    20 [ label = "crate http-body 0.4.6" ]
    21 [ label = "crate http-body 1.0.0" ]
    22 [ label = "crate http-body-util 0.1.0" ]
    23 [ label = "crate http-range-header 0.3.1" ]
    24 [ label = "crate indexmap 2.2.6" ]
    25 [ label = "crate itoa 1.0.10" ]
    26 [ label = "crate js-sys 0.3.67" ]
    27 [ label = "crate krates 0.16.10 git+https://github.com/EmbarkStudios/krates?branch=branch/test" ]
    28 [ label = "crate krates 0.16.10 git+https://github.com/EmbarkStudios/krates?tag=0.16.10" ]
    29 [ label = "crate libc 0.2.152" ]
    30 [ label = "crate log 0.4.20" ]
    31 [ label = "crate objc-sys 0.2.0-beta.2 git+https://github.com/madsmtm/objc2?rev=65de002" ]
    32 [ label = "crate objc-sys 0.3.2" ]
    33 [ label = "crate objc2 0.3.0-beta.3.patch-leaks.2 git+https://github.com/madsmtm/objc2?rev=65de002" ]
    34 [ label = "crate objc2 0.3.0-beta.5" ]
    35 [ label = "crate objc2 0.5.0" ]
    36 [ label = "crate objc2-encode 2.0.0-pre.2 git+https://github.com/madsmtm/objc2?rev=65de002" ]
    37 [ label = "crate objc2-encode 2.0.0-pre.4" ]
    38 [ label = "crate objc2-encode 4.0.0" ]
    39 [ label = "crate once_cell 1.19.0" ]
    40 [ label = "crate petgraph 0.6.5" ]
    41 [ label = "crate pid 0.1.0 path+file:///krates/tests/pid" ]
    42 [ label = "crate pin-project-lite 0.2.13" ]
    43 [ label = "crate pin-utils 0.1.0" ]
    44 [ label = "crate powerfmt 0.2.0" ]
    45 [ label = "crate proc-macro2 1.0.78" ]
    46 [ label = "crate quote 1.0.35" ]
    47 [ label = "crate ryu 1.0.16" ]
    48 [ label = "crate semver 1.0.23" ]
    49 [ label = "crate serde 1.0.195" ]
    50 [ label = "crate serde_derive 1.0.195" ]
    51 [ label = "crate serde_json 1.0.111" ]
    52 [ label = "crate smallvec 1.13.2" ]
    53 [ label = "crate syn 2.0.48" ]
    54 [ label = "crate thiserror 1.0.61" ]
    55 [ label = "crate thiserror-impl 1.0.61" ]
    56 [ label = "crate time 0.3.31" ]
    57 [ label = "crate time-core 0.1.2" ]
    58 [ label = "crate tower-http 0.4.4" ]
    59 [ label = "crate tower-http 0.5.1" ]
    60 [ label = "crate tower-layer 0.3.2" ]
    61 [ label = "crate tower-service 0.3.2" ]
    62 [ label = "crate unicode-ident 1.0.12" ]
    63 [ label = "crate wasi 0.11.0+wasi-snapshot-preview1" ]
    64 [ label = "crate wasi 0.9.0+wasi-snapshot-preview1" ]
    65 [ label = "crate wasm-bindgen 0.2.90" ]
    66 [ label = "crate wasm-bindgen-backend 0.2.90" ]
    67 [ label = "crate wasm-bindgen-macro 0.2.90" ]
    68 [ label = "crate wasm-bindgen-macro-support 0.2.90" ]
    69 [ label = "crate wasm-bindgen-shared 0.2.90" ]
    70 [ label = "feature derive" ]
    71 [ label = "feature default" ]
    72 [ label = "feature serde1" ]
    73 [ label = "feature serde" ]
    74 [ label = "feature default" ]
    75 [ label = "feature unbounded_depth" ]
    76 [ label = "feature default" ]
    77 [ label = "feature alloc" ]
    78 [ label = "feature alloc" ]
    79 [ label = "feature default" ]
    80 [ label = "feature default" ]
    81 [ label = "feature default" ]
    82 [ label = "feature default" ]
    83 [ label = "feature default" ]
    84 [ label = "feature alloc" ]
    85 [ label = "feature raw" ]
    86 [ label = "feature default" ]
    87 [ label = "feature default" ]
    88 [ label = "feature default" ]
    89 [ label = "feature alloc" ]
    90 [ label = "feature apple" ]
    91 [ label = "feature std" ]
    92 [ label = "feature alloc" ]
    93 [ label = "feature apple" ]
    94 [ label = "feature std" ]
    95 [ label = "feature alloc" ]
    96 [ label = "feature apple" ]
    97 [ label = "feature std" ]
    98 [ label = "feature alloc" ]
    99 [ label = "feature std" ]
    100 [ label = "feature alloc" ]
    101 [ label = "feature std" ]
    102 [ label = "feature default" ]
    103 [ label = "feature wasm-bindgen" ]
    104 [ label = "feature js" ]
    105 [ label = "feature default" ]
    106 [ label = "feature default" ]
    107 [ label = "feature default" ]
    108 [ label = "feature default" ]
    109 [ label = "feature default" ]
    110 [ label = "feature parsing" ]
    111 [ label = "feature default" ]
    112 [ label = "feature sensitive-headers" ]
    113 [ label = "feature default" ]
    114 [ label = "feature proc-macro" ]
    115 [ label = "feature default" ]
    116 [ label = "feature default" ]
    117 [ label = "feature default" ]
    118 [ label = "feature default" ]
    119 [ label = "feature std" ]
    120 [ label = "feature proc-macro" ]
    121 [ label = "feature powerfmt" ]
    122 [ label = "feature default" ]
    123 [ label = "feature spans" ]
    124 [ label = "feature default" ]
    125 [ label = "feature default" ]
    126 [ label = "feature full" ]
    127 [ label = "feature spans" ]
    128 [ label = "feature visit" ]
    129 [ label = "feature spans" ]
    130 [ label = "feature std" ]
    131 [ label = "feature serde" ]
    132 [ label = "feature std" ]
    133 [ label = "feature std" ]
    134 [ label = "feature bindgen" ]
    135 [ label = "feature js-sys" ]
    136 [ label = "feature bindgen" ]
    137 [ label = "feature wasm-bindgen" ]
    138 [ label = "feature js-sys" ]
    139 [ label = "feature std" ]
    140 [ label = "feature std" ]
    141 [ label = "feature std" ]
    142 [ label = "feature alloc" ]
    143 [ label = "feature foundation" ]
    144 [ label = "feature apple" ]
    145 [ label = "feature std" ]
    146 [ label = "feature alloc" ]
    147 [ label = "feature apple" ]
    148 [ label = "feature std" ]
    149 [ label = "feature alloc" ]
    150 [ label = "feature apple" ]
    151 [ label = "feature std" ]
    152 [ label = "feature alloc" ]
    153 [ label = "feature race" ]
    154 [ label = "feature stable_graph" ]
    155 [ label = "feature matrix_graph" ]
    156 [ label = "feature graphmap" ]
    157 [ label = "feature time03" ]
    158 [ label = "feature time03" ]
    159 [ label = "feature default" ]
    160 [ label = "feature std" ]
    161 [ label = "feature serde_derive" ]
    162 [ label = "feature std" ]
    163 [ label = "feature quote" ]
    164 [ label = "feature proc-macro" ]
    165 [ label = "feature printing" ]
    166 [ label = "feature parsing" ]
    167 [ label = "feature derive" ]
    168 [ label = "feature clone-impls" ]
    169 [ label = "feature std" ]
    170 [ label = "feature std" ]
    171 [ label = "feature spans" ]
    3 -> 70 [ label = "" ]
    3 -> 71 [ label = "" ]
    4 -> 71 [ label = "" ]
    5 -> 72 [ label = "" ]
    5 -> 4 [ label = "" ]
    5 -> 73 [ label = "" ]
    5 -> 74 [ label = "" ]
    5 -> 70 [ label = "" ]
    5 -> 71 [ label = "" ]
    5 -> 75 [ label = "" ]
    5 -> 76 [ label = "" ]
    5 -> 54 [ label = "" ]
    6 -> 52 [ label = "" ]
    8 -> 44 [ label = "" ]
    14 -> 12 [ label = "" ]
    14 -> 77 [ label = "" ]
    14 -> 13 [ label = "" ]
    14 -> 78 [ label = "" ]
    14 -> 42 [ label = "" ]
    14 -> 43 [ label = "" ]
    15 -> 7 [ label = "" ]
    15 -> 26 [ label = " 'wasm32-unknown-unknown'" ]
    15 -> 29 [ label = " 'cfg(unix)'" ]
    15 -> 79 [ label = " 'cfg(target_os = \"wasi\")'" ]
    15 -> 80 [ label = " 'wasm32-unknown-unknown'" ]
    16 -> 7 [ label = "" ]
    16 -> 26 [ label = " 'cfg(all(any(target_arch = \"wasm32\", target_arch = \"wasm64\"), target_os = \"unknown\"))'" ]
    16 -> 29 [ label = " 'cfg(unix)'" ]
    16 -> 63 [ label = " 'cfg(target_os = \"wasi\")'" ]
    16 -> 65 [ label = " 'cfg(all(any(target_arch = \"wasm32\", target_arch = \"wasm64\"), target_os = \"unknown\"))'" ]
    18 -> 81 [ label = "" ]
    18 -> 82 [ label = "" ]
    18 -> 25 [ label = "" ]
    19 -> 81 [ label = "" ]
    19 -> 82 [ label = "" ]
    19 -> 25 [ label = "" ]
    20 -> 81 [ label = "" ]
    20 -> 18 [ label = "" ]
    20 -> 42 [ label = "" ]
    21 -> 81 [ label = "" ]
    21 -> 83 [ label = "" ]
    22 -> 81 [ label = "" ]
    22 -> 84 [ label = "" ]
    22 -> 83 [ label = "" ]
    22 -> 21 [ label = "" ]
    22 -> 42 [ label = "" ]
    24 -> 9 [ label = "" ]
    24 -> 85 [ label = "" ]
    26 -> 80 [ label = "" ]
    27 -> 4 [ label = "" ]
    27 -> 86 [ label = "" ]
    27 -> 87 [ label = "" ]
    27 -> 88 [ label = "" ]
    27 -> 74 [ label = "" ]
    28 -> 4 [ label = "" ]
    28 -> 86 [ label = "" ]
    28 -> 87 [ label = "" ]
    28 -> 88 [ label = "" ]
    28 -> 74 [ label = "" ]
    33 -> 31 [ label = "" ]
    33 -> 89 [ label = "" ]
    33 -> 90 [ label = "" ]
    33 -> 91 [ label = "" ]
    33 -> 36 [ label = "" ]
    33 -> 92 [ label = "" ]
    33 -> 93 [ label = "" ]
    33 -> 94 [ label = "" ]
    34 -> 32 [ label = "" ]
    34 -> 95 [ label = "" ]
    34 -> 96 [ label = "" ]
    34 -> 97 [ label = "" ]
    34 -> 37 [ label = "" ]
    34 -> 98 [ label = "" ]
    34 -> 99 [ label = "" ]
    35 -> 32 [ label = "" ]
    35 -> 95 [ label = "" ]
    35 -> 96 [ label = "" ]
    35 -> 97 [ label = "" ]
    35 -> 38 [ label = "" ]
    35 -> 100 [ label = "" ]
    35 -> 101 [ label = "" ]
    36 -> 31 [ label = "" ]
    36 -> 89 [ label = "" ]
    36 -> 90 [ label = "" ]
    36 -> 91 [ label = "" ]
    40 -> 10 [ label = "" ]
    40 -> 102 [ label = "" ]
    41 -> 103 [ label = "" ]
    41 -> 104 [ label = "" ]
    41 -> 105 [ label = "" ]
    41 -> 106 [ label = "" ]
    41 -> 107 [ label = "" ]
    41 -> 108 [ label = "" ]
    41 -> 109 [ label = "" ]
    41 -> 110 [ label = "" ]
    41 -> 111 [ label = "" ]
    41 -> 112 [ label = "" ]
    41 -> 113 [ label = "" ]
    45 -> 62 [ label = "" ]
    46 -> 45 [ label = "" ]
    46 -> 114 [ label = "" ]
    48 -> 49 [ label = "" ]
    49 -> 115 [ label = "" ]
    50 -> 116 [ label = "" ]
    50 -> 117 [ label = "" ]
    50 -> 118 [ label = "" ]
    51 -> 25 [ label = "" ]
    51 -> 47 [ label = "" ]
    51 -> 49 [ label = "" ]
    51 -> 119 [ label = "" ]
    53 -> 45 [ label = "" ]
    53 -> 114 [ label = "" ]
    53 -> 46 [ label = "" ]
    53 -> 120 [ label = "" ]
    53 -> 62 [ label = "" ]
    54 -> 55 [ label = "" ]
    55 -> 116 [ label = "" ]
    55 -> 117 [ label = "" ]
    55 -> 118 [ label = "" ]
    56 -> 121 [ label = "" ]
    56 -> 44 [ label = "" ]
    56 -> 57 [ label = "" ]
    58 -> 0 [ label = "" ]
    58 -> 81 [ label = "" ]
    58 -> 122 [ label = "" ]
    58 -> 14 [ label = "" ]
    58 -> 18 [ label = "" ]
    58 -> 20 [ label = "" ]
    58 -> 23 [ label = "" ]
    58 -> 42 [ label = "" ]
    58 -> 60 [ label = "" ]
    58 -> 61 [ label = "" ]
    59 -> 0 [ label = "" ]
    59 -> 81 [ label = "" ]
    59 -> 83 [ label = "" ]
    59 -> 21 [ label = "" ]
    59 -> 22 [ label = "" ]
    59 -> 42 [ label = "" ]
    59 -> 60 [ label = "" ]
    59 -> 61 [ label = "" ]
    65 -> 7 [ label = "" ]
    65 -> 67 [ label = "" ]
    65 -> 123 [ label = "" ]
    66 -> 124 [ label = "" ]
    66 -> 30 [ label = "" ]
    66 -> 125 [ label = "" ]
    66 -> 116 [ label = "" ]
    66 -> 117 [ label = "" ]
    66 -> 126 [ label = "" ]
    66 -> 118 [ label = "" ]
    66 -> 69 [ label = "" ]
    67 -> 117 [ label = "" ]
    67 -> 68 [ label = "" ]
    67 -> 127 [ label = "" ]
    68 -> 116 [ label = "" ]
    68 -> 117 [ label = "" ]
    68 -> 128 [ label = "" ]
    68 -> 126 [ label = "" ]
    68 -> 118 [ label = "" ]
    68 -> 66 [ label = "" ]
    68 -> 129 [ label = "" ]
    68 -> 69 [ label = "" ]
    124 -> 1 [ label = "" ]
    130 -> 2 [ label = "" ]
    81 -> 2 [ label = "" ]
    81 -> 130 [ label = "" ]
    72 -> 3 [ label = "" ]
    72 -> 131 [ label = "" ]
    131 -> 3 [ label = "" ]
    131 -> 49 [ label = "" ]
    86 -> 5 [ label = "" ]
    87 -> 6 [ label = "" ]
    121 -> 8 [ label = "" ]
    121 -> 44 [ label = "" ]
    132 -> 11 [ label = "" ]
    82 -> 11 [ label = "" ]
    82 -> 132 [ label = "" ]
    133 -> 12 [ label = "" ]
    133 -> 77 [ label = "" ]
    122 -> 12 [ label = "" ]
    122 -> 133 [ label = "" ]
    77 -> 12 [ label = "" ]
    78 -> 13 [ label = "" ]
    84 -> 14 [ label = "" ]
    84 -> 77 [ label = "" ]
    84 -> 78 [ label = "" ]
    103 -> 15 [ label = "" ]
    103 -> 134 [ label = "" ]
    103 -> 135 [ label = "" ]
    135 -> 15 [ label = "" ]
    135 -> 26 [ label = "" ]
    134 -> 15 [ label = "" ]
    134 -> 136 [ label = "" ]
    137 -> 16 [ label = "" ]
    137 -> 65 [ label = "" ]
    138 -> 16 [ label = "" ]
    138 -> 26 [ label = "" ]
    104 -> 16 [ label = "" ]
    104 -> 137 [ label = "" ]
    104 -> 138 [ label = "" ]
    85 -> 17 [ label = "" ]
    139 -> 19 [ label = "" ]
    83 -> 19 [ label = "" ]
    83 -> 139 [ label = "" ]
    140 -> 24 [ label = "" ]
    102 -> 24 [ label = "" ]
    102 -> 140 [ label = "" ]
    105 -> 27 [ label = "" ]
    106 -> 28 [ label = "" ]
    91 -> 31 [ label = "" ]
    91 -> 89 [ label = "" ]
    90 -> 31 [ label = "" ]
    89 -> 31 [ label = "" ]
    97 -> 32 [ label = "" ]
    97 -> 95 [ label = "" ]
    96 -> 32 [ label = "" ]
    95 -> 32 [ label = "" ]
    141 -> 33 [ label = "" ]
    141 -> 142 [ label = "" ]
    141 -> 94 [ label = "" ]
    141 -> 91 [ label = "" ]
    143 -> 33 [ label = "" ]
    107 -> 33 [ label = "" ]
    107 -> 141 [ label = "" ]
    107 -> 144 [ label = "" ]
    107 -> 143 [ label = "" ]
    144 -> 33 [ label = "" ]
    144 -> 90 [ label = "" ]
    144 -> 93 [ label = "" ]
    142 -> 33 [ label = "" ]
    142 -> 92 [ label = "" ]
    142 -> 89 [ label = "" ]
    145 -> 34 [ label = "" ]
    145 -> 146 [ label = "" ]
    145 -> 99 [ label = "" ]
    145 -> 97 [ label = "" ]
    108 -> 34 [ label = "" ]
    108 -> 145 [ label = "" ]
    108 -> 147 [ label = "" ]
    147 -> 34 [ label = "" ]
    147 -> 96 [ label = "" ]
    146 -> 34 [ label = "" ]
    146 -> 98 [ label = "" ]
    146 -> 95 [ label = "" ]
    148 -> 35 [ label = "" ]
    148 -> 149 [ label = "" ]
    148 -> 101 [ label = "" ]
    148 -> 97 [ label = "" ]
    109 -> 35 [ label = "" ]
    109 -> 148 [ label = "" ]
    109 -> 150 [ label = "" ]
    150 -> 35 [ label = "" ]
    150 -> 96 [ label = "" ]
    149 -> 35 [ label = "" ]
    149 -> 100 [ label = "" ]
    149 -> 95 [ label = "" ]
    94 -> 36 [ label = "" ]
    94 -> 92 [ label = "" ]
    94 -> 91 [ label = "" ]
    93 -> 36 [ label = "" ]
    93 -> 90 [ label = "" ]
    92 -> 36 [ label = "" ]
    92 -> 89 [ label = "" ]
    99 -> 37 [ label = "" ]
    99 -> 98 [ label = "" ]
    98 -> 37 [ label = "" ]
    101 -> 38 [ label = "" ]
    101 -> 100 [ label = "" ]
    100 -> 38 [ label = "" ]
    151 -> 39 [ label = "" ]
    151 -> 152 [ label = "" ]
    153 -> 39 [ label = "" ]
    125 -> 39 [ label = "" ]
    125 -> 151 [ label = "" ]
    152 -> 39 [ label = "" ]
    152 -> 153 [ label = "" ]
    154 -> 40 [ label = "" ]
    155 -> 40 [ label = "" ]
    156 -> 40 [ label = "" ]
    88 -> 40 [ label = "" ]
    88 -> 156 [ label = "" ]
    88 -> 154 [ label = "" ]
    88 -> 155 [ label = "" ]
    157 -> 41 [ label = "" ]
    157 -> 158 [ label = "" ]
    159 -> 41 [ label = "" ]
    159 -> 157 [ label = "" ]
    114 -> 45 [ label = "" ]
    116 -> 45 [ label = "" ]
    116 -> 114 [ label = "" ]
    120 -> 46 [ label = "" ]
    120 -> 114 [ label = "" ]
    117 -> 46 [ label = "" ]
    117 -> 120 [ label = "" ]
    160 -> 48 [ label = "" ]
    73 -> 48 [ label = "" ]
    73 -> 49 [ label = "" ]
    74 -> 48 [ label = "" ]
    74 -> 160 [ label = "" ]
    119 -> 49 [ label = "" ]
    161 -> 49 [ label = "" ]
    161 -> 50 [ label = "" ]
    70 -> 49 [ label = "" ]
    70 -> 161 [ label = "" ]
    71 -> 49 [ label = "" ]
    71 -> 119 [ label = "" ]
    115 -> 50 [ label = "" ]
    75 -> 51 [ label = "" ]
    162 -> 51 [ label = "" ]
    162 -> 119 [ label = "" ]
    76 -> 51 [ label = "" ]
    76 -> 162 [ label = "" ]
    128 -> 53 [ label = "" ]
    163 -> 53 [ label = "" ]
    163 -> 46 [ label = "" ]
    164 -> 53 [ label = "" ]
    164 -> 114 [ label = "" ]
    164 -> 120 [ label = "" ]
    165 -> 53 [ label = "" ]
    165 -> 163 [ label = "" ]
    166 -> 53 [ label = "" ]
    126 -> 53 [ label = "" ]
    167 -> 53 [ label = "" ]
    118 -> 53 [ label = "" ]
    118 -> 167 [ label = "" ]
    118 -> 166 [ label = "" ]
    118 -> 165 [ label = "" ]
    118 -> 168 [ label = "" ]
    118 -> 164 [ label = "" ]
    168 -> 53 [ label = "" ]
    110 -> 56 [ label = "" ]
    111 -> 58 [ label = "" ]
    112 -> 59 [ label = "" ]
    113 -> 59 [ label = "" ]
    169 -> 64 [ label = "" ]
    79 -> 64 [ label = "" ]
    79 -> 169 [ label = "" ]
    170 -> 65 [ label = "" ]
    171 -> 65 [ label = "" ]
    171 -> 123 [ label = "" ]
    80 -> 65 [ label = "" ]
    80 -> 171 [ label = "" ]
    80 -> 170 [ label = "" ]
    129 -> 66 [ label = "" ]
    123 -> 67 [ label = "" ]
    123 -> 127 [ label = "" ]
    127 -> 68 [ label = "" ]
    127 -> 129 [ label = "" ]
}
