---
source: tests/misc.rs
expression: opaque
---
digraph {
    0 [ label = "crate bitflags 2.4.2" ]
    1 [ label = "crate bumpalo 3.14.0" ]
    2 [ label = "crate bytes 1.5.0" ]
    3 [ label = "crate cfg-if 1.0.0" ]
    4 [ label = "crate deranged 0.3.11" ]
    5 [ label = "crate fnv 1.0.7" ]
    6 [ label = "crate futures-core 0.3.30" ]
    7 [ label = "crate futures-task 0.3.30" ]
    8 [ label = "crate futures-util 0.3.30" ]
    9 [ label = "crate getrandom 0.1.16" ]
    10 [ label = "crate getrandom 0.2.12" ]
    11 [ label = "crate http 0.2.11" ]
    12 [ label = "crate http 1.0.0" ]
    13 [ label = "crate http-body 0.4.6" ]
    14 [ label = "crate http-body 1.0.0" ]
    15 [ label = "crate http-body-util 0.1.0" ]
    16 [ label = "crate http-range-header 0.3.1" ]
    17 [ label = "crate itoa 1.0.10" ]
    18 [ label = "crate js-sys 0.3.67" ]
    19 [ label = "crate libc 0.2.152" ]
    20 [ label = "crate log 0.4.20" ]
    21 [ label = "crate objc-sys 0.2.0-beta.2 git+https://github.com/madsmtm/objc2?rev=65de002" ]
    22 [ label = "crate objc-sys 0.3.2" ]
    23 [ label = "crate objc2 0.3.0-beta.3.patch-leaks.2 git+https://github.com/madsmtm/objc2?rev=65de002" ]
    24 [ label = "crate objc2 0.3.0-beta.5" ]
    25 [ label = "crate objc2 0.5.0" ]
    26 [ label = "crate objc2-encode 2.0.0-pre.2 git+https://github.com/madsmtm/objc2?rev=65de002" ]
    27 [ label = "crate objc2-encode 2.0.0-pre.4" ]
    28 [ label = "crate objc2-encode 4.0.0" ]
    29 [ label = "crate once_cell 1.19.0" ]
    30 [ label = "crate pid 0.1.0 path+file:///krates/tests/pid" ]
    31 [ label = "crate pin-project-lite 0.2.13" ]
    32 [ label = "crate pin-utils 0.1.0" ]
    33 [ label = "crate powerfmt 0.2.0" ]
    34 [ label = "crate proc-macro2 1.0.78" ]
    35 [ label = "crate quote 1.0.35" ]
    36 [ label = "crate syn 2.0.48" ]
    37 [ label = "crate time 0.3.31" ]
    38 [ label = "crate time-core 0.1.2" ]
    39 [ label = "crate tower-http 0.4.4" ]
    40 [ label = "crate tower-http 0.5.1" ]
    41 [ label = "crate tower-layer 0.3.2" ]
    42 [ label = "crate tower-service 0.3.2" ]
    43 [ label = "crate unicode-ident 1.0.12" ]
    44 [ label = "crate wasi 0.11.0+wasi-snapshot-preview1" ]
    45 [ label = "crate wasi 0.9.0+wasi-snapshot-preview1" ]
    46 [ label = "crate wasm-bindgen 0.2.90" ]
    47 [ label = "crate wasm-bindgen-backend 0.2.90" ]
    48 [ label = "crate wasm-bindgen-macro 0.2.90" ]
    49 [ label = "crate wasm-bindgen-macro-support 0.2.90" ]
    50 [ label = "crate wasm-bindgen-shared 0.2.90" ]
    51 [ label = "feature alloc" ]
    52 [ label = "feature alloc" ]
    53 [ label = "feature default" ]
    54 [ label = "feature default" ]
    55 [ label = "feature default" ]
    56 [ label = "feature default" ]
    57 [ label = "feature default" ]
    58 [ label = "feature alloc" ]
    59 [ label = "feature alloc" ]
    60 [ label = "feature apple" ]
    61 [ label = "feature std" ]
    62 [ label = "feature alloc" ]
    63 [ label = "feature apple" ]
    64 [ label = "feature std" ]
    65 [ label = "feature alloc" ]
    66 [ label = "feature apple" ]
    67 [ label = "feature std" ]
    68 [ label = "feature alloc" ]
    69 [ label = "feature std" ]
    70 [ label = "feature alloc" ]
    71 [ label = "feature std" ]
    72 [ label = "feature wasm-bindgen" ]
    73 [ label = "feature js" ]
    74 [ label = "feature default" ]
    75 [ label = "feature default" ]
    76 [ label = "feature default" ]
    77 [ label = "feature parsing" ]
    78 [ label = "feature default" ]
    79 [ label = "feature sensitive-headers" ]
    80 [ label = "feature default" ]
    81 [ label = "feature proc-macro" ]
    82 [ label = "feature proc-macro" ]
    83 [ label = "feature powerfmt" ]
    84 [ label = "feature default" ]
    85 [ label = "feature spans" ]
    86 [ label = "feature default" ]
    87 [ label = "feature default" ]
    88 [ label = "feature default" ]
    89 [ label = "feature default" ]
    90 [ label = "feature full" ]
    91 [ label = "feature default" ]
    92 [ label = "feature spans" ]
    93 [ label = "feature visit" ]
    94 [ label = "feature spans" ]
    95 [ label = "feature std" ]
    96 [ label = "feature std" ]
    97 [ label = "feature std" ]
    98 [ label = "feature bindgen" ]
    99 [ label = "feature js-sys" ]
    100 [ label = "feature bindgen" ]
    101 [ label = "feature wasm-bindgen" ]
    102 [ label = "feature js-sys" ]
    103 [ label = "feature std" ]
    104 [ label = "feature std" ]
    105 [ label = "feature alloc" ]
    106 [ label = "feature foundation" ]
    107 [ label = "feature apple" ]
    108 [ label = "feature std" ]
    109 [ label = "feature alloc" ]
    110 [ label = "feature apple" ]
    111 [ label = "feature std" ]
    112 [ label = "feature alloc" ]
    113 [ label = "feature apple" ]
    114 [ label = "feature std" ]
    115 [ label = "feature alloc" ]
    116 [ label = "feature race" ]
    117 [ label = "feature time03" ]
    118 [ label = "feature time03" ]
    119 [ label = "feature default" ]
    120 [ label = "feature quote" ]
    121 [ label = "feature proc-macro" ]
    122 [ label = "feature printing" ]
    123 [ label = "feature parsing" ]
    124 [ label = "feature derive" ]
    125 [ label = "feature clone-impls" ]
    126 [ label = "feature std" ]
    127 [ label = "feature std" ]
    128 [ label = "feature spans" ]
    4 -> 33 [ label = "" ]
    8 -> 6 [ label = "" ]
    8 -> 51 [ label = "" ]
    8 -> 7 [ label = "" ]
    8 -> 52 [ label = "" ]
    8 -> 31 [ label = "" ]
    8 -> 32 [ label = "" ]
    9 -> 3 [ label = "" ]
    9 -> 18 [ label = " 'wasm32-unknown-unknown'" ]
    9 -> 19 [ label = " 'cfg(unix)'" ]
    9 -> 53 [ label = " 'cfg(target_os = \"wasi\")'" ]
    9 -> 54 [ label = " 'wasm32-unknown-unknown'" ]
    10 -> 3 [ label = "" ]
    10 -> 18 [ label = " 'cfg(all(any(target_arch = \"wasm32\", target_arch = \"wasm64\"), target_os = \"unknown\"))'" ]
    10 -> 19 [ label = " 'cfg(unix)'" ]
    10 -> 44 [ label = " 'cfg(target_os = \"wasi\")'" ]
    10 -> 46 [ label = " 'cfg(all(any(target_arch = \"wasm32\", target_arch = \"wasm64\"), target_os = \"unknown\"))'" ]
    11 -> 55 [ label = "" ]
    11 -> 56 [ label = "" ]
    11 -> 17 [ label = "" ]
    12 -> 55 [ label = "" ]
    12 -> 56 [ label = "" ]
    12 -> 17 [ label = "" ]
    13 -> 55 [ label = "" ]
    13 -> 11 [ label = "" ]
    13 -> 31 [ label = "" ]
    14 -> 55 [ label = "" ]
    14 -> 57 [ label = "" ]
    15 -> 55 [ label = "" ]
    15 -> 58 [ label = "" ]
    15 -> 57 [ label = "" ]
    15 -> 14 [ label = "" ]
    15 -> 31 [ label = "" ]
    18 -> 54 [ label = "" ]
    23 -> 21 [ label = "" ]
    23 -> 59 [ label = "" ]
    23 -> 60 [ label = "" ]
    23 -> 61 [ label = "" ]
    23 -> 26 [ label = "" ]
    23 -> 62 [ label = "" ]
    23 -> 63 [ label = "" ]
    23 -> 64 [ label = "" ]
    24 -> 22 [ label = "" ]
    24 -> 65 [ label = "" ]
    24 -> 66 [ label = "" ]
    24 -> 67 [ label = "" ]
    24 -> 27 [ label = "" ]
    24 -> 68 [ label = "" ]
    24 -> 69 [ label = "" ]
    25 -> 22 [ label = "" ]
    25 -> 65 [ label = "" ]
    25 -> 66 [ label = "" ]
    25 -> 67 [ label = "" ]
    25 -> 28 [ label = "" ]
    25 -> 70 [ label = "" ]
    25 -> 71 [ label = "" ]
    26 -> 21 [ label = "" ]
    26 -> 59 [ label = "" ]
    26 -> 60 [ label = "" ]
    26 -> 61 [ label = "" ]
    30 -> 72 [ label = "" ]
    30 -> 73 [ label = "" ]
    30 -> 74 [ label = "" ]
    30 -> 75 [ label = "" ]
    30 -> 76 [ label = "" ]
    30 -> 77 [ label = "" ]
    30 -> 78 [ label = "" ]
    30 -> 79 [ label = "" ]
    30 -> 80 [ label = "" ]
    34 -> 43 [ label = "" ]
    35 -> 34 [ label = "" ]
    35 -> 81 [ label = "" ]
    36 -> 34 [ label = "" ]
    36 -> 81 [ label = "" ]
    36 -> 35 [ label = "" ]
    36 -> 82 [ label = "" ]
    36 -> 43 [ label = "" ]
    37 -> 83 [ label = "" ]
    37 -> 33 [ label = "" ]
    37 -> 38 [ label = "" ]
    39 -> 0 [ label = "" ]
    39 -> 55 [ label = "" ]
    39 -> 84 [ label = "" ]
    39 -> 8 [ label = "" ]
    39 -> 11 [ label = "" ]
    39 -> 13 [ label = "" ]
    39 -> 16 [ label = "" ]
    39 -> 31 [ label = "" ]
    39 -> 41 [ label = "" ]
    39 -> 42 [ label = "" ]
    40 -> 0 [ label = "" ]
    40 -> 55 [ label = "" ]
    40 -> 57 [ label = "" ]
    40 -> 14 [ label = "" ]
    40 -> 15 [ label = "" ]
    40 -> 31 [ label = "" ]
    40 -> 41 [ label = "" ]
    40 -> 42 [ label = "" ]
    46 -> 3 [ label = "" ]
    46 -> 48 [ label = "" ]
    46 -> 85 [ label = "" ]
    47 -> 86 [ label = "" ]
    47 -> 20 [ label = "" ]
    47 -> 87 [ label = "" ]
    47 -> 88 [ label = "" ]
    47 -> 89 [ label = "" ]
    47 -> 90 [ label = "" ]
    47 -> 91 [ label = "" ]
    47 -> 50 [ label = "" ]
    48 -> 89 [ label = "" ]
    48 -> 49 [ label = "" ]
    48 -> 92 [ label = "" ]
    49 -> 88 [ label = "" ]
    49 -> 89 [ label = "" ]
    49 -> 93 [ label = "" ]
    49 -> 90 [ label = "" ]
    49 -> 91 [ label = "" ]
    49 -> 47 [ label = "" ]
    49 -> 94 [ label = "" ]
    49 -> 50 [ label = "" ]
    86 -> 1 [ label = "" ]
    95 -> 2 [ label = "" ]
    55 -> 2 [ label = "" ]
    55 -> 95 [ label = "" ]
    83 -> 4 [ label = "" ]
    83 -> 33 [ label = "" ]
    96 -> 5 [ label = "" ]
    56 -> 5 [ label = "" ]
    56 -> 96 [ label = "" ]
    97 -> 6 [ label = "" ]
    97 -> 51 [ label = "" ]
    84 -> 6 [ label = "" ]
    84 -> 97 [ label = "" ]
    51 -> 6 [ label = "" ]
    52 -> 7 [ label = "" ]
    58 -> 8 [ label = "" ]
    58 -> 51 [ label = "" ]
    58 -> 52 [ label = "" ]
    72 -> 9 [ label = "" ]
    72 -> 98 [ label = "" ]
    72 -> 99 [ label = "" ]
    99 -> 9 [ label = "" ]
    99 -> 18 [ label = "" ]
    98 -> 9 [ label = "" ]
    98 -> 100 [ label = "" ]
    101 -> 10 [ label = "" ]
    101 -> 46 [ label = "" ]
    102 -> 10 [ label = "" ]
    102 -> 18 [ label = "" ]
    73 -> 10 [ label = "" ]
    73 -> 101 [ label = "" ]
    73 -> 102 [ label = "" ]
    103 -> 12 [ label = "" ]
    57 -> 12 [ label = "" ]
    57 -> 103 [ label = "" ]
    61 -> 21 [ label = "" ]
    61 -> 59 [ label = "" ]
    60 -> 21 [ label = "" ]
    59 -> 21 [ label = "" ]
    67 -> 22 [ label = "" ]
    67 -> 65 [ label = "" ]
    66 -> 22 [ label = "" ]
    65 -> 22 [ label = "" ]
    104 -> 23 [ label = "" ]
    104 -> 105 [ label = "" ]
    104 -> 64 [ label = "" ]
    104 -> 61 [ label = "" ]
    106 -> 23 [ label = "" ]
    74 -> 23 [ label = "" ]
    74 -> 104 [ label = "" ]
    74 -> 107 [ label = "" ]
    74 -> 106 [ label = "" ]
    107 -> 23 [ label = "" ]
    107 -> 60 [ label = "" ]
    107 -> 63 [ label = "" ]
    105 -> 23 [ label = "" ]
    105 -> 62 [ label = "" ]
    105 -> 59 [ label = "" ]
    108 -> 24 [ label = "" ]
    108 -> 109 [ label = "" ]
    108 -> 69 [ label = "" ]
    108 -> 67 [ label = "" ]
    75 -> 24 [ label = "" ]
    75 -> 108 [ label = "" ]
    75 -> 110 [ label = "" ]
    110 -> 24 [ label = "" ]
    110 -> 66 [ label = "" ]
    109 -> 24 [ label = "" ]
    109 -> 68 [ label = "" ]
    109 -> 65 [ label = "" ]
    111 -> 25 [ label = "" ]
    111 -> 112 [ label = "" ]
    111 -> 71 [ label = "" ]
    111 -> 67 [ label = "" ]
    76 -> 25 [ label = "" ]
    76 -> 111 [ label = "" ]
    76 -> 113 [ label = "" ]
    113 -> 25 [ label = "" ]
    113 -> 66 [ label = "" ]
    112 -> 25 [ label = "" ]
    112 -> 70 [ label = "" ]
    112 -> 65 [ label = "" ]
    64 -> 26 [ label = "" ]
    64 -> 62 [ label = "" ]
    64 -> 61 [ label = "" ]
    63 -> 26 [ label = "" ]
    63 -> 60 [ label = "" ]
    62 -> 26 [ label = "" ]
    62 -> 59 [ label = "" ]
    69 -> 27 [ label = "" ]
    69 -> 68 [ label = "" ]
    68 -> 27 [ label = "" ]
    71 -> 28 [ label = "" ]
    71 -> 70 [ label = "" ]
    70 -> 28 [ label = "" ]
    114 -> 29 [ label = "" ]
    114 -> 115 [ label = "" ]
    116 -> 29 [ label = "" ]
    87 -> 29 [ label = "" ]
    87 -> 114 [ label = "" ]
    115 -> 29 [ label = "" ]
    115 -> 116 [ label = "" ]
    117 -> 30 [ label = "" ]
    117 -> 118 [ label = "" ]
    119 -> 30 [ label = "" ]
    119 -> 117 [ label = "" ]
    81 -> 34 [ label = "" ]
    88 -> 34 [ label = "" ]
    88 -> 81 [ label = "" ]
    82 -> 35 [ label = "" ]
    82 -> 81 [ label = "" ]
    89 -> 35 [ label = "" ]
    89 -> 82 [ label = "" ]
    93 -> 36 [ label = "" ]
    120 -> 36 [ label = "" ]
    120 -> 35 [ label = "" ]
    121 -> 36 [ label = "" ]
    121 -> 81 [ label = "" ]
    121 -> 82 [ label = "" ]
    122 -> 36 [ label = "" ]
    122 -> 120 [ label = "" ]
    123 -> 36 [ label = "" ]
    90 -> 36 [ label = "" ]
    124 -> 36 [ label = "" ]
    91 -> 36 [ label = "" ]
    91 -> 124 [ label = "" ]
    91 -> 123 [ label = "" ]
    91 -> 122 [ label = "" ]
    91 -> 125 [ label = "" ]
    91 -> 121 [ label = "" ]
    125 -> 36 [ label = "" ]
    77 -> 37 [ label = "" ]
    78 -> 39 [ label = "" ]
    79 -> 40 [ label = "" ]
    80 -> 40 [ label = "" ]
    126 -> 45 [ label = "" ]
    53 -> 45 [ label = "" ]
    53 -> 126 [ label = "" ]
    127 -> 46 [ label = "" ]
    128 -> 46 [ label = "" ]
    128 -> 85 [ label = "" ]
    54 -> 46 [ label = "" ]
    54 -> 128 [ label = "" ]
    54 -> 127 [ label = "" ]
    94 -> 47 [ label = "" ]
    85 -> 48 [ label = "" ]
    85 -> 92 [ label = "" ]
    92 -> 49 [ label = "" ]
    92 -> 94 [ label = "" ]
}

