---
source: tests/misc.rs
expression: dd
---
base64 0.13.1 (registry+https://github.com/rust-lang/crates.io-index)
bytes 1.2.1 (registry+https://github.com/rust-lang/crates.io-index)
encoding_rs 0.8.31 (registry+https://github.com/rust-lang/crates.io-index)
futures-core 0.3.25 (registry+https://github.com/rust-lang/crates.io-index)
futures-util 0.3.25 (registry+https://github.com/rust-lang/crates.io-index)
h2 0.3.15 (registry+https://github.com/rust-lang/crates.io-index)
http 0.2.8 (registry+https://github.com/rust-lang/crates.io-index)
http-body 0.4.5 (registry+https://github.com/rust-lang/crates.io-index)
hyper 0.14.20 (registry+https://github.com/rust-lang/crates.io-index)
hyper-rustls 0.23.0 (registry+https://github.com/rust-lang/crates.io-index)
ipnet 2.5.0 (registry+https://github.com/rust-lang/crates.io-index)
libc 0.2.136 (registry+https://github.com/rust-lang/crates.io-index)
log 0.4.17 (registry+https://github.com/rust-lang/crates.io-index)
mime 0.3.16 (registry+https://github.com/rust-lang/crates.io-index)
mio 0.8.5 (registry+https://github.com/rust-lang/crates.io-index)
once_cell 1.15.0 (registry+https://github.com/rust-lang/crates.io-index)
percent-encoding 2.2.0 (registry+https://github.com/rust-lang/crates.io-index)
pin-project-lite 0.2.9 (registry+https://github.com/rust-lang/crates.io-index)
rustls 0.20.7 (registry+https://github.com/rust-lang/crates.io-index)
rustls-pemfile 1.0.1 (registry+https://github.com/rust-lang/crates.io-index)
serde 1.0.147 (registry+https://github.com/rust-lang/crates.io-index)
serde_json 1.0.87 (registry+https://github.com/rust-lang/crates.io-index)
serde_urlencoded 0.7.1 (registry+https://github.com/rust-lang/crates.io-index)
socket2 0.4.7 (registry+https://github.com/rust-lang/crates.io-index)
tokio 1.21.2 (registry+https://github.com/rust-lang/crates.io-index)
tokio-rustls 0.23.4 (registry+https://github.com/rust-lang/crates.io-index)
tower-service 0.3.2 (registry+https://github.com/rust-lang/crates.io-index)
url 2.3.1 (registry+https://github.com/rust-lang/crates.io-index)
webpki-roots 0.22.5 (registry+https://github.com/rust-lang/crates.io-index)
